Renesas Optimizing Linker (W3.07.00 )             16-Jul-2026 11:38:05

*** Options ***

-MAKEUD=DefaultBuild\SIRUN_R7F701581_4GTbox_BT_V81200_Project.lk.ud
-subcommand=DefaultBuild\SIRUN_R7F701581_4GTbox_BT_V81200_Project.clnk
-input=DefaultBuild\Arti.obj
-input=DefaultBuild\Ioc.obj
-input=DefaultBuild\Os_Alarm_Cfg.obj
-input=DefaultBuild\Os_Appl_Cfg.obj
-input=DefaultBuild\Os_Barrier_Cfg.obj
-input=DefaultBuild\Os_Cfg.obj
-input=DefaultBuild\Os_Counter_Cfg.obj
-input=DefaultBuild\Os_Debug_Cfg.obj
-input=DefaultBuild\Os_Event_Cfg.obj
-input=DefaultBuild\Os_Interrupt_Cfg.obj
-input=DefaultBuild\Os_Intvet.obj
-input=DefaultBuild\Os_Osm_Cfg.obj
-input=DefaultBuild\Os_Peripheral_Cfg.obj
-input=DefaultBuild\Os_ReadyQue_Cfg.obj
-input=DefaultBuild\Os_Resource_Cfg.obj
-input=DefaultBuild\Os_ScheduleTable_Cfg.obj
-input=DefaultBuild\Os_Spinlock_Cfg.obj
-input=DefaultBuild\Os_Task_Cfg.obj
-input=DefaultBuild\Os_Tprot_Cfg.obj
-input=DefaultBuild\Os_TrustedFunc_Cfg.obj
-input=DefaultBuild\Os_UserInf.obj
-input=DefaultBuild\WdgIf_Cfg.obj
-input=DefaultBuild\Os_Core_Cfg.obj
-input=DefaultBuild\Os_Mprot_Cfg.obj
-input=DefaultBuild\Adc_Hardware.obj
-input=DefaultBuild\Adc_PBcfg.obj
-input=DefaultBuild\Can_Lcfg.obj
-input=DefaultBuild\Can_PBcfg.obj
-input=DefaultBuild\Dio_Hardware.obj
-input=DefaultBuild\Dio_Lcfg.obj
-input=DefaultBuild\Fls_Hardware.obj
-input=DefaultBuild\Fls_PBcfg.obj
-input=DefaultBuild\Gpt_Hardware.obj
-input=DefaultBuild\Gpt_PBcfg.obj
-input=DefaultBuild\Mcu_Hardware.obj
-input=DefaultBuild\Mcu_Lcfg.obj
-input=DefaultBuild\Mcu_PBcfg.obj
-input=DefaultBuild\Port_Hardware.obj
-input=DefaultBuild\Port_PBcfg.obj
-input=DefaultBuild\Wdg_59_DriverB_Hardware.obj
-input=DefaultBuild\Wdg_59_DriverB_PBcfg.obj
-input=DefaultBuild\Adc.obj
-input=DefaultBuild\Adc_Irq.obj
-input=DefaultBuild\Adc_Private.obj
-input=DefaultBuild\Adc_Ram.obj
-input=DefaultBuild\Adc_Version.obj
-input=DefaultBuild\Can.obj
-input=DefaultBuild\Can_Irq.obj
-input=DefaultBuild\Can_MainServ.obj
-input=DefaultBuild\Can_ModeCntrl.obj
-input=DefaultBuild\Can_Ram.obj
-input=DefaultBuild\Can_RamTest.obj
-input=DefaultBuild\Can_Version.obj
-input=DefaultBuild\Can_Write.obj
-input=DefaultBuild\Dio.obj
-input=DefaultBuild\Dio_Ram.obj
-input=DefaultBuild\Dio_Version.obj
-input=DefaultBuild\Fls.obj
-input=DefaultBuild\Fls_Internal.obj
-input=DefaultBuild\Fls_Irq.obj
-input=DefaultBuild\Fls_Private_Fcu.obj
-input=DefaultBuild\Fls_Ram.obj
-input=DefaultBuild\Fls_Version.obj
-input=DefaultBuild\Gpt.obj
-input=DefaultBuild\Gpt_Irq.obj
-input=DefaultBuild\Gpt_LLDriver.obj
-input=DefaultBuild\Gpt_Ram.obj
-input=DefaultBuild\Gpt_Version.obj
-input=DefaultBuild\Mcu.obj
-input=DefaultBuild\Mcu_Irq.obj
-input=DefaultBuild\Mcu_Ram.obj
-input=DefaultBuild\Mcu_Version.obj
-input=DefaultBuild\Port.obj
-input=DefaultBuild\Port_Ram.obj
-input=DefaultBuild\Port_Version.obj
-input=DefaultBuild\Dem.obj
-input=DefaultBuild\Det.obj
-input=DefaultBuild\EcuM.obj
-input=DefaultBuild\SchM_Adc.obj
-input=DefaultBuild\SchM_Can.obj
-input=DefaultBuild\SchM_Dio.obj
-input=DefaultBuild\SchM_Fls.obj
-input=DefaultBuild\SchM_Gpt.obj
-input=DefaultBuild\SchM_Icu.obj
-input=DefaultBuild\SchM_Mcu.obj
-input=DefaultBuild\SchM_Port.obj
-input=DefaultBuild\SchM_Pwm.obj
-input=DefaultBuild\SchM_Spi.obj
-input=DefaultBuild\SchM_Wdg_59_DriverA.obj
-input=DefaultBuild\SchM_Wdg_59_DriverB.obj
-input=DefaultBuild\Wdg_59_DriverB.obj
-input=DefaultBuild\Wdg_59_DriverB_Irq.obj
-input=DefaultBuild\Wdg_59_DriverB_Private.obj
-input=DefaultBuild\Wdg_59_DriverB_Ram.obj
-input=DefaultBuild\Wdg_59_DriverB_Version.obj
-input=DefaultBuild\BootM.obj
-input=DefaultBuild\CanIf.obj
-input=DefaultBuild\CanTp.obj
-input=DefaultBuild\CanTp_Cfg.obj
-input=DefaultBuild\CanTp_Prv.obj
-input=DefaultBuild\Common.obj
-input=DefaultBuild\delay.obj
-input=DefaultBuild\Crc.obj
-input=DefaultBuild\Dcm.obj
-input=DefaultBuild\Authentication.obj
-input=DefaultBuild\Diag_Callout.obj
-input=DefaultBuild\DIDReadWrite.obj
-input=DefaultBuild\RequestDownload.obj
-input=DefaultBuild\RequestTransferExit.obj
-input=DefaultBuild\ResetService.obj
-input=DefaultBuild\RoutineControl.obj
-input=DefaultBuild\SecurityAccess.obj
-input=DefaultBuild\TransferData.obj
-input=DefaultBuild\EcuMService.obj
-input=DefaultBuild\EcuMService_Cbk.obj
-input=DefaultBuild\EEIf.obj
-input=DefaultBuild\FlsIf.obj
-input=DefaultBuild\FlsIf_Lcfg.obj
-input=DefaultBuild\MemM.obj
-input=DefaultBuild\MemM_cfg.obj
-input=DefaultBuild\SecM.obj
-input=DefaultBuild\SecM_cfg.obj
-input=DefaultBuild\r_fcl_hw_access.obj
-input=DefaultBuild\r_fcl_hw_access_asm.obj
-input=DefaultBuild\r_fcl_user_if.obj
-input=DefaultBuild\fcl_ctrl.obj
-input=DefaultBuild\fcl_descriptor.obj
-input=DefaultBuild\fcl_user.obj
-input=DefaultBuild\Os_Adapt.obj
-input=DefaultBuild\Os_Extend.obj
-input=DefaultBuild\Os_Monitor.obj
-input=DefaultBuild\Os_Osm_EventMonitor.obj
-input=DefaultBuild\Os_Osm_InterLockTime.obj
-input=DefaultBuild\Os_Osm_LoadRatio.obj
-input=DefaultBuild\Os_Osm_ScheduleCount.obj
-input=DefaultBuild\Os_Osm_TaskResponseTime.obj
-input=DefaultBuild\Os_Alarm.obj
-input=DefaultBuild\Os_Appl.obj
-input=DefaultBuild\Os_Barrier.obj
-input=DefaultBuild\Os_Core.obj
-input=DefaultBuild\Os_Counter.obj
-input=DefaultBuild\Os_Event.obj
-input=DefaultBuild\Os_FaultManager.obj
-input=DefaultBuild\Os_Hook.obj
-input=DefaultBuild\Os_Interrupt.obj
-input=DefaultBuild\Os_Kernel.obj
-input=DefaultBuild\Os_Mprot.obj
-input=DefaultBuild\Os_Peripheral.obj
-input=DefaultBuild\Os_ProtectHook.obj
-input=DefaultBuild\Os_ReadyQue.obj
-input=DefaultBuild\Os_Resource.obj
-input=DefaultBuild\Os_Rpc.obj
-input=DefaultBuild\Os_ScheduleTable.obj
-input=DefaultBuild\Os_Spinlock.obj
-input=DefaultBuild\Os_Sprot.obj
-input=DefaultBuild\Os_StackMonitor.obj
-input=DefaultBuild\Os_Task.obj
-input=DefaultBuild\Os_Tprot.obj
-input=DefaultBuild\Os_TrustedFunc.obj
-input=DefaultBuild\Os_Mcu_Core.obj
-input=DefaultBuild\Os_Mcu_Irq.obj
-input=DefaultBuild\Os_Mcu_Timer.obj
-input=DefaultBuild\Os_Arch_Irq.obj
-input=DefaultBuild\Os_Arch_Mpu.obj
-input=DefaultBuild\Os_Arch_PortAsm.obj
-input=DefaultBuild\Os_Arch_Processor.obj
-input=DefaultBuild\Os_Arch_Trap.obj
-input=DefaultBuild\SecureBoot.obj
-input=DefaultBuild\SecureProgram.obj
-input=DefaultBuild\SignatureHeader.obj
-input=DefaultBuild\crypto_data_table.obj
-input=DefaultBuild\crypto_lib.obj
-input=DefaultBuild\Vss.obj
-input=DefaultBuild\Vss_Adapter.obj
-input=DefaultBuild\Vss_Cfg.obj
-input=DefaultBuild\WdgExt.obj
-input=DefaultBuild\WdgIf.obj
-input=DefaultBuild\boot.obj
-input=DefaultBuild\cstart.obj
-input=DefaultBuild\main.obj
-debug
-nocompress
-NOOPtimize
-output=DefaultBuild\SIRUN_R7F701581_4GTbox_BT_V81200_Project.abs
-library=v850e3v5\rhf4n.lib
-library=v850e3v5\libmalloc.lib
-list=DefaultBuild\SIRUN_R7F701581_4GTbox_BT_V81200_Project.map
-show=symbol,total_size
-start=RESET,EIINTTBL/0,VSS_ARRAY.const/00001000,.const,.INIT_DSEC.const,.text,.INIT_BSEC.const,.data,R_FCL_CODE_ROM.text,R_FCL_CONST.const,R_FCL_CODE_USRINT.text,R_FCL_CODE_USR.text,R_FCL_CODE_RAM.text,R_FCL_CODE_ROMRAM.text,R_FCL_CODE_RAM_EX_PROT.text/00026800,FCL_RESERVED.bss,R_FCL_DATA.bss,.bss,.data.R,.stack.bss/FEDD0000
-rom=.data=.data.R
-cpu=RAM=FEDD0000-FEDFFFFF,ROM=00000000-001FFFFF
-memory=high
-nologo
-end

*** Error information ***

W0561322:Section alignment mismatch : ".text"
W0561322:Section alignment mismatch : "R_FCL_CODE_RAM.text"
W0561322:Section alignment mismatch : "R_FCL_CODE_ROMRAM.text"
W0561322:Section alignment mismatch : "R_FCL_CODE_USR.text"

*** Mapping List ***

SECTION                            START      END         SIZE   ALIGN
RESET
                                  00000000  000001f7       1f8   200
EIINTTBL
                                  00000200  000009ff       800   200
VSS_ARRAY.const
                                  00001000  00025fff     25000   4
.const
                                  00026800  0002925b      2a5c   4
.INIT_DSEC.const
                                  0002925c  00029267         c   4
.text
                                  00029400  00048845     1f446   200
.INIT_BSEC.const
                                  00048848  0004884f         8   4
.data
                                  00048850  000489ff       1b0   4
R_FCL_CODE_ROM.text
                                  00048a00  00048cb5       2b6   2
R_FCL_CONST.const
                                  00048cb8  00048cca        13   4
R_FCL_CODE_USRINT.text
                                  00048ccc  00048ccc         0   4
R_FCL_CODE_USR.text
                                  00048ccc  00048d45        7a   4
R_FCL_CODE_RAM.text
                                  00048d48  00049fb1      126a   4
R_FCL_CODE_ROMRAM.text
                                  00049fb4  0004a9fb       a48   4
R_FCL_CODE_RAM_EX_PROT.text
                                  0004a9fc  0004aa4b        50   4
FCL_RESERVED.bss
                                  fedd0000  fedd7fff      8000   4
R_FCL_DATA.bss
                                  fedd8000  fedd80af        b0   4
.bss
                                  fedd80b0  feddf003      6f54   4
.data.R
                                  feddf004  feddf1b3       1b0   4
.stack.bss
                                  feddf1b4  feddf5b3       400   4

*** Total Section Size ***

RAMDATA SECTION:  0000f5b4 Byte(s)
ROMDATA SECTION:  00028433 Byte(s)
PROGRAM SECTION:  00021670 Byte(s)

*** Symbol List ***

SECTION=
FILE=                               START        END    SIZE
  SYMBOL                            ADDR        SIZE    INFO      COUNTS  OPT

SECTION=RESET
FILE=DefaultBuild\boot.obj
                                  00000000  000001f7       1f8

SECTION=EIINTTBL
FILE=DefaultBuild\boot.obj
                                  00000200  000009ff       800

SECTION=VSS_ARRAY.const
FILE=DefaultBuild\crypto_data_table.obj
                                  00001000  00025fff     25000
  _sm2_z256_pre_comp
                                  00001000     25000   data ,g         * 

SECTION=.const
FILE=DefaultBuild\Os_Alarm_Cfg.obj
                                  00026800  0002681b        1c
  _Os_AlarmCfg
                                  00026800        10   data ,g         * 
  _Os_ACB
                                  00026810         4   data ,g         * 
  _Os_AlarmIdRange
                                  00026814         8   data ,g         * 
FILE=DefaultBuild\Os_Cfg.obj
                                  0002681c  0002682b        10
  _Os_ObjectIDMaxTable
                                  0002681c        10   data ,g         * 
FILE=DefaultBuild\Os_Counter_Cfg.obj
                                  0002682c  0002684f        24
  _Os_CounterCfg
                                  0002682c        18   data ,g         * 
  _Os_CCB
                                  00026844         4   data ,g         * 
  _Os_CounterRange
                                  00026848         8   data ,g         * 
FILE=DefaultBuild\Os_Interrupt_Cfg.obj
                                  00026850  00026913        c4
  _Os_ICB
                                  00026850        14   data ,g         * 
  _Os_SysIsrNestQueue_Inf
                                  00026864         4   data ,g         * 
  _Os_ISR2Stack
                                  00026868        28   data ,g         * 
  _Os_IsrCfg
                                  00026890        64   data ,g         * 
  _Os_CfgIsrMax_Inf
                                  000268f4         2   data ,g         * 
  _Os_CfgIsr2Max_Inf
                                  000268f6         2   data ,g         * 
  _Os_CfgIsr2ExcludeTplMax_Inf
                                  000268f8         2   data ,g         * 
  _Os_IsrIdRange
                                  000268fc        18   data ,g         * 
FILE=DefaultBuild\Os_ReadyQue_Cfg.obj
                                  00026914  00026943        30
  _Os_ReadyQueue_Core0.5
                                  00026914         c   data ,l         * 
  _Os_ActivateQueueSize_Core0.6
                                  00026920         c   data ,l         * 
  _Os_ReadyQueMg_Core0.8
                                  0002692c        14   data ,l         * 
  _Os_ReadyQueMg_Inf
                                  00026940         4   data ,g         * 
FILE=DefaultBuild\Os_Resource_Cfg.obj
                                  00026944  0002698b        48
  _Os_ResourceAccessMask_OsTask_Init.1
                                  00026944         2   data ,l         * 
  _Os_ResourceAccessMask_OsTask_1ms.2
                                  00026946         2   data ,l         * 
  _Os_TaskResourceAccessMask
                                  00026948         c   data ,g         * 
  _Os_ResourceAccessMask_RCAN0ERR_IRQ.3
                                  00026954         2   data ,l         * 
  _Os_ResourceAccessMask_RCAN0TRX_IRQ.4
                                  00026956         2   data ,l         * 
  _Os_ResourceAccessMask_RCANGRECC0_IRQ.5
                                  00026958         2   data ,l         * 
  _Os_ResourceAccessMask_WDTA1_IRQ.6
                                  0002695a         2   data ,l         * 
  _Os_IsrResourceAccessMask
                                  0002695c        14   data ,g         * 
  _Os_ResourceCfg
                                  00026970         8   data ,g         * 
  _Os_ResScheduler_Inf
                                  00026978         4   data ,g         * 
  _Os_CfgStdResourceMax_Inf
                                  0002697c         2   data ,g         * 
  _Os_RCB
                                  00026980         4   data ,g         * 
  _Os_StdResIdRange
                                  00026984         8   data ,g         * 
FILE=DefaultBuild\Os_Task_Cfg.obj
                                  0002698c  00026a3b        b0
  _Os_SystemStackCore0.2
                                  0002698c         8   data ,l         * 
  _Os_TaskStack
                                  00026994        18   data ,g         * 
  _Os_TaskCfg
                                  000269ac        60   data ,g         * 
  _Os_SystemStack_Inf
                                  00026a0c         4   data ,g         * 
  _Os_TASK_IDLE_Inf
                                  00026a10         4   data ,g         * 
  _Os_CfgPriorityMax_Inf
                                  00026a14         2   data ,g         * 
  _Os_TCB
                                  00026a18         c   data ,g         * 
  _Os_TaskIdRange
                                  00026a24        18   data ,g         * 
FILE=DefaultBuild\Os_Tprot_Cfg.obj
                                  00026a3c  00026a43         8
  _Os_RCBTmProtResBgtTask_Inf
                                  00026a3c         4   data ,g         * 
  _Os_RCBTmProtResBgtIsr_Inf
                                  00026a40         4   data ,g         * 
FILE=DefaultBuild\Os_Core_Cfg.obj
                                  00026a44  00026a7f        3c
  _Os_IntInstall
                                  00026a44        3c   data ,g         * 
FILE=DefaultBuild\Adc_Hardware.obj
                                  00026a80  00026aa7        28
  _Adc_GaaConfReg_BaseAddress
                                  00026a80         8   data ,g         * 
  _Adc_GaaVirChReg_BaseAddress
                                  00026a88         8   data ,g         * 
  _Adc_GaaSGReg_BaseAddress
                                  00026a90        18   data ,g         * 
FILE=DefaultBuild\Adc_PBcfg.obj
                                  00026aa8  00026b7b        d4
  _Adc_GstConfiguration
                                  00026aa8        34   data ,g         * 
  _Adc_GstHWUnitConfig
                                  00026adc        28   data ,g         * 
  _Adc_GstSgUnitConfig
                                  00026b04        28   data ,g         * 
  _Adc_GstGroupConfig
                                  00026b2c        30   data ,g         * 
  _Adc_GaaHWGroupTrigg
                                  00026b5c         4   data ,g         * 
  _Adc_GaaChannelToGroup
                                  00026b60        14   data ,g         * 
  _Adc_GaaHwUnitIndex
                                  00026b74         2   data ,g         * 
  _Adc_GaaSgUnitIndex
                                  00026b76         6   data ,g         * 
FILE=DefaultBuild\Can_Lcfg.obj
                                  00026b7c  00026bb7        3c
  _Can_GaaPhysicalControllerToIndex0
                                  00026b7c         1   data ,g         * 
  _Can_GaaPhysicalUnitToIndex
                                  00026b7d         1   data ,g         * 
  _Can_GaaControllerPCConfig0
                                  00026b80        1c   data ,g         * 
  _Can_GaaRegs
                                  00026b9c        1c   data ,g         * 
FILE=DefaultBuild\Can_PBcfg.obj
                                  00026bb8  00026c97        e0
  _Can_GaaBaudrateConfig00.1
                                  00026bb8        14   data ,l         * 
  _Can_GaaControllerPBConfig0.2
                                  00026bcc         8   data ,l         * 
  _Can_GaaHohConfig0.3
                                  00026bd4        60   data ,l         * 
  _Can_GaaFilterConfig00.4
                                  00026c34        20   data ,l         * 
  _Can_GaaTMIEConfig00.5
                                  00026c54         c   data ,l         * 
  _Can_GaaHWUnitInfo0.6
                                  00026c60        20   data ,l         * 
  _Can_GaaConfig
                                  00026c80        18   data ,g         * 
FILE=DefaultBuild\Dio_Hardware.obj
                                  00026c98  00026cab        14
  _Dio_GaaPortReg_BaseAddress
                                  00026c98        14   data ,g         * 
FILE=DefaultBuild\Dio_Lcfg.obj
                                  00026cac  00026cff        54
  _Dio_GstPortGroup
                                  00026cac        3c   data ,g         * 
  _Dio_GstPortChannel
                                  00026ce8        18   data ,g         * 
FILE=DefaultBuild\Fls_Hardware.obj
                                  00026d00  00026d07         8
  _FLS_GpFACIReg_BaseAddress
                                  00026d00         4   data ,g         * 
  _FLS_GpECCReg_BaseAddress
                                  00026d04         4   data ,g         * 
FILE=DefaultBuild\Fls_PBcfg.obj
                                  00026d08  00026d2b        24
  _Fls_GstConfiguration
                                  00026d08        24   data ,g         * 
FILE=DefaultBuild\Gpt_Hardware.obj
                                  00026d2c  00026d67        3c
  _Gpt_GaaTAUDBUserReg_BaseAddress
                                  00026d2c         8   data ,g         * 
  _Gpt_GaaTAUJUserReg_BaseAddress
                                  00026d34         4   data ,g         * 
  _Gpt_GaaTAUDBOsReg_BaseAddress
                                  00026d38         8   data ,g         * 
  _Gpt_GaaTAUJOsReg_BaseAddress
                                  00026d40         4   data ,g         * 
  _Gpt_GaaTAUDBChReg_BaseAddress
                                  00026d44         c   data ,g         * 
  _Gpt_GaaTAUJChReg_BaseAddress
                                  00026d50         4   data ,g         * 
  _Gpt_GaaOSTMReg_BaseAddress
                                  00026d54        10   data ,g         * 
  _Gpt_GpOSTMRegPredefTimer_BaseAddress
                                  00026d64         4   data ,g         * 
FILE=DefaultBuild\Gpt_PBcfg.obj
                                  00026d68  00026e2f        c8
  _Gpt_GstConfiguration
                                  00026d68        10   data ,g         * 
  _Gpt_GstTAUUnitConfig
                                  00026d78        18   data ,g         * 
  _Gpt_GstChannelConfig
                                  00026d90        a0   data ,g         * 
FILE=DefaultBuild\Mcu_Hardware.obj
                                  00026e30  00026e63        34
  _Mcu_WriteProtReg_BaseAddress
                                  00026e30         4   data ,g         * 
  _LviReg_BaseAddress
                                  00026e34         4   data ,g         * 
  _Mcu_IoHoldRegister_BaseAddress
                                  00026e38         4   data ,g         * 
  _Mcu_ResfRegister_BaseAddress
                                  00026e3c         4   data ,g         * 
  _Clma0Reg_BaseAddress
                                  00026e40         4   data ,g         * 
  _Clma1Reg_BaseAddress
                                  00026e44         4   data ,g         * 
  _Clma2Reg_BaseAddress
                                  00026e48         4   data ,g         * 
  _Mcu_Stbc0Register_BaseAddress
                                  00026e4c         4   data ,g         * 
  _WufReg_BaseAddress
                                  00026e50         4   data ,g         * 
  _WufIsoReg_BaseAddress
                                  00026e54         4   data ,g         * 
  _FEIntMsk_BaseAddress
                                  00026e58         4   data ,g         * 
  _Mcu_ClkCtrlReg_BaseAddress
                                  00026e5c         4   data ,g         * 
  _Mcu_ICCWEND_IMRAddress
                                  00026e60         4   data ,g         * 
FILE=DefaultBuild\Mcu_Lcfg.obj
                                  00026e64  00026e73        10
  _Mcu_GstRamSetting
                                  00026e64        10   data ,g         * 
FILE=DefaultBuild\Mcu_PBcfg.obj
                                  00026e74  00026f3f        cc
  _Mcu_GstConfiguration
                                  00026e74        14   data ,g         * 
  _Mcu_GaaClockOffset
                                  00026e88        10   data ,g         * 
  _Mcu_GstClockSetting
                                  00026e98        28   data ,g         * 
  _Mcu_GstCkscSetting
                                  00026ec0        68   data ,g         * 
  _Mcu_GstModeSetting
                                  00026f28        18   data ,g         * 
FILE=DefaultBuild\Port_Hardware.obj
                                  00026f40  00026f5f        20
  _Port_GaaPortReg_BaseAddress
                                  00026f40        14   data ,g         * 
  _Port_GpJPortReg_BaseAddress
                                  00026f54         4   data ,g         * 
  _Port_GaaAPortReg_BaseAddress
                                  00026f58         4   data ,g         * 
  _Port_GpFclaReg_BaseAddress
                                  00026f5c         4   data ,g         * 
FILE=DefaultBuild\Port_PBcfg.obj
                                  00026f60  00027173       214
  _Port_GstConfiguration
                                  00026f60        20   data ,g         * 
  _Port_GstNumRegs
                                  00026f80       104   data ,g         * 
  _Port_GstJTAGRegs
                                  00027084        2c   data ,g         * 
  _Port_GstAnalogRegs
                                  000270b0        14   data ,g         * 
  _Port_GstPinChangeableDetailsList
                                  000270c4        a0   data ,g         * 
  _Port_GstFCLARegs
                                  00027164        10   data ,g         * 
FILE=DefaultBuild\Wdg_59_DriverB_Hardware.obj
                                  00027174  0002717b         8
  _WDG_59_DriverB_GpWDTAReg_BaseAddr
                                  00027174         4   data ,g         * 
  _WDG_59_DriverB_GpICR_BaseAddr
                                  00027178         4   data ,g         * 
FILE=DefaultBuild\Wdg_59_DriverB_PBcfg.obj
                                  0002717c  0002718f        14
  _Wdg_59_DriverB_GstConfiguration
                                  0002717c        14   data ,g         * 
FILE=DefaultBuild\Adc_Private.obj
                                  00027190  000271a3        14
  _Adc_GaaOperationMask.1
                                  00027190         8   data ,l         * 
  _Adc_GaaSGmConvStatusMask.2
                                  00027198         c   data ,l         * 
FILE=DefaultBuild\Can_MainServ.obj
                                  000271a4  000271fc        59
  _Can_GaaDLCFromPayloadTable
                                  000271a4        41   data ,g         * 
  _Can_GaaPayloadFromDLCTable
                                  000271e5        10   data ,g         * 
  _Can_GaaPayloadFromPLSTable.1
                                  000271f5         8   data ,l         * 
FILE=DefaultBuild\BootM.obj
                                  00027200  00027202         3
  _gs_StayInBootFrame.1
                                  00027200         3   data ,l         * 
FILE=DefaultBuild\CanTp_Cfg.obj
                                  00027204  0002726f        6c
  _CanTp_RxPdu.1
                                  00027204        10   data ,l         * 
  _CanTp_TxSdu.2
                                  00027214        18   data ,l         * 
  _CanTp_RxSdu.3
                                  0002722c        18   data ,l         * 
  _CanTp_TimeOut.4
                                  00027244         c   data ,l         * 
  _CanTp_Param.5
                                  00027250         4   data ,l         * 
  _CanTp_Config
                                  00027254        1c   data ,g         * 
FILE=DefaultBuild\CanTp_Prv.obj
                                  00027270  00027317        a8
  _CanTp_State
                                  00027270         9   data ,g         * 
  _CanTp_AddressSize
                                  00027279         5   data ,g         * 
  _CanTp_PciFrameType
                                  0002727e         6   data ,g         * 
  _CanTp_PciSize
                                  00027284         6   data ,g         * 
  _CanTp_CanDlTable
                                  0002728a        41   data ,g         * 
  _CanTp_StateFunctions
                                  000272cc        24   data ,g         * 
  _CanTp_ProcessFrame
                                  000272f0        10   data ,g         * 
  _CanTp_CreateFrame
                                  00027300        10   data ,g         * 
  _CanTp_PduRConfirmationApis
                                  00027310         8   data ,g         * 
FILE=DefaultBuild\Crc.obj
                                  00027318  00027517       200
  _Cal_Crc16Tab.1
                                  00027318       200   data ,l         * 
FILE=DefaultBuild\DIDReadWrite.obj
                                  00027518  0002774b       234
  _DID_Infos
                                  00027518       234   data ,g         * 
FILE=DefaultBuild\EEIf.obj
                                  0002774c  0002774c         1
FILE=DefaultBuild\FlsIf_Lcfg.obj
                                  00027750  0002777f        30
  _FlsIf_Block
                                  00027750        30   data ,g         * 
FILE=DefaultBuild\SecM.obj
                                  00027780  000287a7      1028
  _AES_Te2
                                  00027780       400   data ,g         * 
  _AES_Te3
                                  00027b80       400   data ,g         * 
  _AES_Te0
                                  00027f80       400   data ,g         * 
  _AES_Te1
                                  00028380       400   data ,g         * 
  _AES_rcon
                                  00028780        28   data ,g         * 
FILE=DefaultBuild\Os_ReadyQue.obj
                                  000287a8  000287b7        10
  _mapTable.1.Os_GetHighPrioBit.1
                                  000287a8        10   data ,l         * 
FILE=DefaultBuild\crypto_lib.obj
                                  000287b8  0002914f       998
  _SM4_SBOX.1
                                  000287b8       100   data ,l         * 
  _SM4_FK.2
                                  000288b8        10   data ,l         * 
  _SM4_CK.3
                                  000288c8        80   data ,l         * 
  _K.4
                                  00028948       100   data ,l         * 
  _SHA256_K.5
                                  00028a48       100   data ,l         * 
  _SM2_Z256_P
                                  00028b48        20   data ,g         * 
  _SM2_Z256_NEG_P
                                  00028b68        20   data ,g         * 
  _SM2_Z256_2e512modp
                                  00028b88        20   data ,g         * 
  _SM2_Z256_P_PRIME
                                  00028ba8        20   data ,g         * 
  _SM2_Z256_MODP_MONT_B
                                  00028bc8        20   data ,g         * 
  _SM2_Z256_N
                                  00028be8        20   data ,g         * 
  _SM2_Z256_NEG_N
                                  00028c08        20   data ,g         * 
  _SM2_Z256_ONE
                                  00028c28        20   data ,g         * 
  _g_secp256r1N.7
                                  00028c48        20   data ,l         * 
  _g_secp256r1UN.8
                                  00028c68        24   data ,l         * 
  _g_secp256r1P.9
                                  00028c8c        20   data ,l         * 
  _g_secp256r1UP.10
                                  00028cac        24   data ,l         * 
  _g_secp256r1B.11
                                  00028cd0        20   data ,l         * 
  _g_secp256r1PointG.12
                                  00028cf0        60   data ,l         * 
  _crc16_ccitt_false_table.13
                                  00028d50       200   data ,l         * 
  _crc16_ccitt_table.14
                                  00028f50       200   data ,l         * 
FILE=DefaultBuild\Vss.obj
                                  00029150  0002915f        10
FILE=DefaultBuild\Vss_Adapter.obj
                                  00029160  0002917f        20
  _sm2_za_value
                                  00029160        20   data ,g         * 
FILE=DefaultBuild\Vss_Cfg.obj
                                  00029180  00029241        c2
  _configTable.1
                                  00029180        40   data ,l         * 
  _sm2_public_key
                                  000291c0        41   data ,g         * 
  _ecc_public_key
                                  00029201        41   data ,g         * 
FILE=DefaultBuild\main.obj
                                  00029244  0002925b        18

SECTION=.INIT_DSEC.const
FILE=DefaultBuild\cstart.obj
                                  0002925c  00029267         c

SECTION=.text
FILE=DefaultBuild\Os_Alarm_Cfg.obj
                                  00029400  0002940f        10
  _AlarmCallback_OsAlarm_1ms.1
                                  00029400        10   func ,l         * 
FILE=DefaultBuild\Os_Counter_Cfg.obj
                                  00029410  0002941f        10
  _Os_ArchSystemTimerCore0
                                  00029410        10   func ,g         * 
FILE=DefaultBuild\Os_Intvet.obj
                                  00029420  00029865       446
  _Os_Kernel_GetSysRunningTaskID.1
                                  00029420         a   func ,l         * 
  _Os_Kernel_GetIntNestNumISR2.1
                                  0002942a         a   func ,l         * 
  _Os_ISR_SystemTimer_Core_0_Handler0
                                  00029434        d2   func ,g         * 
  _Os_ISR_RCAN0ERR_IRQ_Handler
                                  00029506        d8   func ,g         * 
  _Os_ISR_RCAN0TRX_IRQ_Handler
                                  000295de        d8   func ,g         * 
  _Os_ISR_RCANGRECC0_IRQ_Handler
                                  000296b6        d8   func ,g         * 
  _Os_ISR_WDTA1_IRQ_Handler
                                  0002978e        d8   func ,g         * 
FILE=DefaultBuild\Os_Task_Cfg.obj
                                  00029866  00029871         c
  _Os_TaskEntry_IdleCore0.1
                                  00029866         c   func ,l         * 
FILE=DefaultBuild\Os_UserInf.obj
                                  00029872  0002990f        9e
  _Os_TaskEntry_OsTask_Init
                                  00029872        26   func ,g         * 
  _Os_TaskEntry_OsTask_1ms
                                  00029898        3a   func ,g         * 
  _IdleHook_Core0
                                  000298d2         2   func ,g         * 
  _Os_PanicHandler
                                  000298d4         2   func ,g         * 
  _ISR_RCAN0ERR_IRQ_Handler
                                  000298d6         e   func ,g         * 
  _ISR_RCAN0TRX_IRQ_Handler
                                  000298e4         e   func ,g         * 
  _ISR_RCANGRECC0_IRQ_Handler
                                  000298f2         e   func ,g         * 
  _ISR_WDTA1_IRQ_Handler
                                  00029900        10   func ,g         * 
FILE=DefaultBuild\Adc.obj
                                  00029910  00029cdd       3ce
  _Adc_Init
                                  00029910        de   func ,g         * 
  _Adc_DeInit
                                  000299ee         e   func ,g         * 
  _Adc_StartGroupConversion
                                  000299fc         e   func ,g         * 
  _Adc_StopGroupConversion
                                  00029a0a        2c   func ,g         * 
  _Adc_ReadGroup
                                  00029a36        9c   func ,g         * 
  _Adc_EnableHardwareTrigger
                                  00029ad2         e   func ,g         * 
  _Adc_DisableHardwareTrigger
                                  00029ae0        3a   func ,g         * 
  _Adc_EnableGroupNotification
                                  00029b1a        16   func ,g         * 
  _Adc_DisableGroupNotification
                                  00029b30        14   func ,g         * 
  _Adc_GetGroupStatus
                                  00029b44        2a   func ,g         * 
  _Adc_GetStreamLastPointer
                                  00029b6e        a4   func ,g         * 
  _Adc_SetupResultBuffer
                                  00029c12        16   func ,g         * 
  _Adc_DisableChannel
                                  00029c28        3c   func ,g         * 
  _Adc_EnableChannel
                                  00029c64        10   func ,g         * 
  _Adc_CusGetADCAnDRmAddr
                                  00029c74         e   func ,g         * 
  _Adc_CusSetSamplingClock
                                  00029c82         e   func ,g         * 
  _Adc_GetVersionInfo
                                  00029c90        22   func ,g         * 
  _Adc_CheckHWConsistency
                                  00029cb2        2c   func ,g         * 
FILE=DefaultBuild\Adc_Irq.obj
                                  00029cde  00029d01        24
  _OS_ISR_ADC0_SG1_CAT2_ISR
                                  00029cde        12   func ,g         * 
  _OS_ISR_ADC1_SG1_CAT2_ISR
                                  00029cf0        12   func ,g         * 
FILE=DefaultBuild\Adc_Private.obj
                                  00029d02  0002c123      2422
  _Adc_HwInit
                                  00029d02       194   func ,g         * 
  _Adc_HwDeInit
                                  00029e96       1f2   func ,g         * 
  _Adc_HwStartGroupConversion
                                  0002a088        bc   func ,g         * 
  _Adc_HwStopGroupConversion
                                  0002a144        ca   func ,g         * 
  _Adc_HwEnableHardwareTrigger
                                  0002a20e        8e   func ,g         * 
  _Adc_HwDisableHardwareTrigger
                                  0002a29c        6a   func ,g         * 
  _Adc_PushToQueue
                                  0002a306        a4   func ,g         * 
  _Adc_PopFromQueue
                                  0002a3aa        84   func ,g         * 
  _Adc_Isr
                                  0002a42e        3e   func ,g         * 
  _Adc_GroupCompleteMode
                                  0002a46c       12c   func ,g         * 
  _Adc_ConfigureGroupForConversion
                                  0002a598       67c   func ,g         * 
  _Adc_StateTransition
                                  0002ac14        62   func ,g         * 
  _Adc_EnableHWGroup
                                  0002ac76       2f6   func ,g         * 
  _Adc_DisableHWGroup
                                  0002af6c       10a   func ,g         * 
  _Adc_SearchnDelete
                                  0002b076        a2   func ,g         * 
  _Adc_IcrInterruptBit
                                  0002b118        32   func ,g         * 
  _Adc_ClearPendingInterrupt
                                  0002b14a        2a   func ,g         * 
  _Adc_IntDisableEnableChannel
                                  0002b174        88   func ,g         * 
  _Adc_IsrConfigureGroupForConversion
                                  0002b1fc       62a   func ,g         * 
  _Adc_IntCusGetADCAnDRmAddr
                                  0002b826        50   func ,g         * 
  _Adc_HaltScanGroup
                                  0002b876       130   func ,g         * 
  _Adc_HwCusSetSamplingClock
                                  0002b9a6       232   func ,g         * 
  _Adc_InitRamMirror
                                  0002bbd8       10e   func ,g         * 
  _Adc_HwCheckHWConsistency
                                  0002bce6       21a   func ,g         * 
  _Adc_HaltADConversion
                                  0002bf00        50   func ,g         * 
  _Adc_SaveRegAndHaltADConversion
                                  0002bf50       10c   func ,g         * 
  _Adc_WriteBackRegforADConversion
                                  0002c05c        c8   func ,g         * 
FILE=DefaultBuild\Can.obj
                                  0002c124  0002d137      1014
  _Can_GetVersionInfo
                                  0002c124        40   func ,g         * 
  _Can_Init
                                  0002c164       158   func ,g         * 
  _Can_ChangeBaudrate
                                  0002c2bc        fe   func ,g         * 
  _Can_CheckBaudrate
                                  0002c3ba        3e   func ,g         * 
  _Can_SetBaudrate
                                  0002c3f8       112   func ,g         * 
  _Can_DisableControllerInterrupts
                                  0002c50a        dc   func ,g         * 
  _Can_EnableControllerInterrupts
                                  0002c5e6        ee   func ,g         * 
  _Can_SetStatus.1
                                  0002c6d4         a   func ,l         * 
  _Can_InitModule.1
                                  0002c6de       1e6   func ,l         * 
  _Can_InitController.1
                                  0002c8c4       1dc   func ,l         * 
  _Can_SearchBaudrate.1
                                  0002caa0        3e   func ,l         * 
  _Can_SearchBaudrateID.1
                                  0002cade        42   func ,l         * 
  _Can_RAMTest
                                  0002cb20       198   func ,g         * 
  _Can_CheckHWConsistency
                                  0002ccb8        5a   func ,g         * 
  _Can_CheckConsistencyStatic.1
                                  0002cd12       246   func ,l         * 
  _Can_CheckConsistencyDynamic.1
                                  0002cf58       1e0   func ,l         * 
FILE=DefaultBuild\Can_Irq.obj
                                  0002d138  0002d427       2f0
  _Can_RxGlobalIsr.1
                                  0002d138        f6   func ,l         * 
  _CAN_RSCAN0_RXFIFO_CAT2_ISR
                                  0002d22e         e   func ,g         * 
  _Can_TxIsr.1
                                  0002d23c        a4   func ,l         * 
  _CAN_CONTROLLER0_TX_CAT2_ISR
                                  0002d2e0         e   func ,g         * 
  _Can_BusOffIsr.1
                                  0002d2ee       12c   func ,l         * 
  _CAN_CONTROLLER0_BUSOFF_CAT2_ISR
                                  0002d41a         e   func ,g         * 
FILE=DefaultBuild\Can_MainServ.obj
                                  0002d428  0002d9d9       5b2
  _Can_MainFunction_Write
                                  0002d428         e   func ,g         * 
  _Can_MainFunction_Write_0
                                  0002d436         e   func ,g         * 
  _Can_MainFunction_Read
                                  0002d444         e   func ,g         * 
  _Can_MainFunction_Read_0
                                  0002d452         e   func ,g         * 
  _Can_MainFunction_BusOff
                                  0002d460        24   func ,g         * 
  _Can_MainFunction_Wakeup
                                  0002d484        24   func ,g         * 
  _Can_MainFunction_Mode
                                  0002d4a8        72   func ,g         * 
  _Can_CommonDetCheck
                                  0002d51a        4a   func ,g         * 
  _Can_MainFunction_Write_Common.1
                                  0002d564        24   func ,l         * 
  _Can_MainFunction_Read_Common.1
                                  0002d588        32   func ,l         * 
  _Can_TxConfirmationProcessing
                                  0002d5ba       17e   func ,g         * 
  _Can_RxProcessing
                                  0002d738        76   func ,g         * 
  _Can_RxIndicationRxFIFO.1
                                  0002d7ae       1d0   func ,l         * 
  _Can_RxIndicationCommonPart.1
                                  0002d97e        5c   func ,l         * 
FILE=DefaultBuild\Can_ModeCntrl.obj
                                  0002d9da  0002e1c5       7ec
  _Can_SetControllerMode
                                  0002d9da       122   func ,g         * 
  _Can_SelfTestChannel
                                  0002dafc       1c0   func ,g         * 
  _Can_SleepMode
                                  0002dcbc        26   func ,g         * 
  _Can_WakeupMode
                                  0002dce2        26   func ,g         * 
  _Can_StartMode
                                  0002dd08       178   func ,g         * 
  _Can_ClearRxBuffers.1
                                  0002de80        9e   func ,l         * 
  _Can_EnableTxBuffers.1
                                  0002df1e        94   func ,l         * 
  _Can_StopMode
                                  0002dfb2       102   func ,g         * 
  _Can_GlobalModeChange
                                  0002e0b4        3e   func ,g         * 
  _Can_ChannelModeChange
                                  0002e0f2        5e   func ,g         * 
  _Can_WaitRegisterChange
                                  0002e150        76   func ,g         * 
FILE=DefaultBuild\Can_RamTest.obj
                                  0002e1c6  0002e3e7       222
  _Can_RamTest_Checker_Algorithm
                                  0002e1c6        bc   func ,g         * 
  _Can_RamTst_WalkPath_Algorithm
                                  0002e282       10c   func ,g         * 
  _Can_RamTst_Set_RAMData
                                  0002e38e        5a   func ,g         * 
FILE=DefaultBuild\Can_Write.obj
                                  0002e3e8  0002e79f       3b8
  _Can_Write
                                  0002e3e8       242   func ,g         * 
  _Can_GetTxRegPointers.1
                                  0002e62a        aa   func ,l         * 
  _Can_WriteDataReg.1
                                  0002e6d4        cc   func ,l         * 
FILE=DefaultBuild\Dio.obj
                                  0002e7a0  0002eb85       3e6
  _Dio_GetVersionInfo
                                  0002e7a0        26   func ,g         * 
  _Dio_ReadPort
                                  0002e7c6        4a   func ,g         * 
  _Dio_WritePort
                                  0002e810        9e   func ,g         * 
  _Dio_ReadChannel
                                  0002e8ae        7a   func ,g         * 
  _Dio_WriteChannel
                                  0002e928        9c   func ,g         * 
  _Dio_FlipChannel
                                  0002e9c4        aa   func ,g         * 
  _Dio_ReadChannelGroup
                                  0002ea6e         4   func ,g         * 
  _Dio_WriteChannelGroup
                                  0002ea72         2   func ,g         * 
  _Dio_CheckHWConsistency
                                  0002ea74         4   func ,g         * 
  _Dio_MaskedWritePort
                                  0002ea78        90   func ,g         * 
  _Dio_ReadChannelOutputValue
                                  0002eb08        7a   func ,g         * 
  _Dio_ReadChannelGroupOutputValue
                                  0002eb82         4   func ,g         * 
FILE=DefaultBuild\Fls.obj
                                  0002eb86  0002f12d       5a8
  _Fls_Init
                                  0002eb86        a4   func ,g         * 
  _Fls_Erase
                                  0002ec2a        8e   func ,g         * 
  _Fls_Write
                                  0002ecb8        7c   func ,g         * 
  _Fls_Cancel
                                  0002ed34        d4   func ,g         * 
  _Fls_GetStatus
                                  0002ee08         a   func ,g         * 
  _Fls_GetJobResult
                                  0002ee12         a   func ,g         * 
  _Fls_MainFunction
                                  0002ee1c        bc   func ,g         * 
  _Fls_Read
                                  0002eed8        a0   func ,g         * 
  _Fls_Compare
                                  0002ef78        92   func ,g         * 
  _Fls_SetMode
                                  0002f00a         a   func ,g         * 
  _Fls_ReadImmediate
                                  0002f014        64   func ,g         * 
  _Fls_Suspend
                                  0002f078        82   func ,g         * 
  _Fls_Resume
                                  0002f0fa        34   func ,g         * 
FILE=DefaultBuild\Fls_Internal.obj
                                  0002f12e  000300b1       f84
  _Fls_InitiateEraseJob
                                  0002f12e        ae   func ,g         * 
  _Fls_MainErase
                                  0002f1dc        54   func ,g         * 
  _Fls_InitiateWriteJob
                                  0002f230        ec   func ,g         * 
  _Fls_MainWrite
                                  0002f31c        5e   func ,g         * 
  _Fls_MainRead
                                  0002f37a        2e   func ,g         * 
  _Fls_ProcessRead
                                  0002f3a8       11c   func ,g         * 
  _Fls_PerformBlankCheckForReadOp
                                  0002f4c4        b4   func ,g         * 
  _Fls_PerformReadCheckECC
                                  0002f578        68   func ,g         * 
  _Fls_MainCompare
                                  0002f5e0        2e   func ,g         * 
  _Fls_CompareWithTargetBuff
                                  0002f60e       102   func ,g         * 
  _Fls_ProcessCompare
                                  0002f710        e6   func ,g         * 
  _Fls_MainReadImm
                                  0002f7f6        2e   func ,g         * 
  _Fls_ProcessReadImm
                                  0002f824       1b8   func ,g         * 
  _Fls_ReadMisAlignHandler
                                  0002f9dc        ac   func ,g         * 
  _Fls_GetMaxReadBytes
                                  0002fa88        24   func ,g         * 
  _Fls_ReportECCErrorToCbk
                                  0002faac        ac   func ,g         * 
  _Fls_CopyToTargetBuff
                                  0002fb58        e0   func ,g         * 
  _Fls_ProcessCancel
                                  0002fc38        3e   func ,g         * 
  _Fls_InitiateBlankCheckJob
                                  0002fc76        72   func ,g         * 
  _Fls_MainBlankCheck
                                  0002fce8        6a   func ,g         * 
  _Fls_ProcessJobResult
                                  0002fd52        ca   func ,g         * 
  _Fls_CallJobNotification
                                  0002fe1c        5a   func ,g         * 
  _Fls_ProcessResume
                                  0002fe76        5a   func ,g         * 
  _Fls_RestoreJobData
                                  0002fed0        70   func ,g         * 
  _Fls_ClearBackUpData
                                  0002ff40        30   func ,g         * 
  _Fls_ProcessSuspend
                                  0002ff70        52   func ,g         * 
  _Fls_BackupJobData
                                  0002ffc2        70   func ,g         * 
  _Fls_TimeOutCheckAndProcessing
                                  00030032        30   func ,g         * 
  _Fls_SuspendPreCheck
                                  00030062        50   func ,g         * 
FILE=DefaultBuild\Fls_Private_Fcu.obj
                                  000300b2  00030663       5b2
  _Fls_PreFcuInitCheck
                                  000300b2        38   func ,g         * 
  _Fls_FcuWritePreCheck
                                  000300ea        1c   func ,g         * 
  _Fls_FcuCheckSequencerStatus
                                  00030106        5c   func ,g         * 
  _Fls_FcuSwitchMode
                                  00030162        c6   func ,g         * 
  _Fls_FcuPrepareEnvironment
                                  00030228        4e   func ,g         * 
  _Fls_FcuForcedStop
                                  00030276        4a   func ,g         * 
  _Fls_FcuClearStatus
                                  000302c0         e   func ,g         * 
  _Fls_FcuGetFWParam
                                  000302ce         6   func ,g         * 
  _Fls_FcuGetDFSize
                                  000302d4        20   func ,g         * 
  _Fls_FcuSetFrequency
                                  000302f4        ea   func ,g         * 
  _Fls_FcuInit
                                  000303de        3e   func ,g         * 
  _Fls_FcuDataCopy
                                  0003041c        44   func ,g         * 
  _Fls_FcuOffsetDataCopy
                                  00030460        70   func ,g         * 
  _Fls_FcuErasePreCheck
                                  000304d0        1c   func ,g         * 
  _Fls_FcuCheckJobStatus
                                  000304ec        60   func ,g         * 
  _Fls_FcuCheckBCJobStatus
                                  0003054c        2a   func ,g         * 
  _Fls_FcuBlankCheckResult
                                  00030576        24   func ,g         * 
  _Fls_FcuPerformBlankCheck
                                  0003059a        56   func ,g         * 
  _Fls_FcuResetErrorBits
                                  000305f0        28   func ,g         * 
  _Fls_FcuReturnFromCmdLock
                                  00030618        40   func ,g         * 
  _Fls_FcuCalculateBlankCheckAddr
                                  00030658         c   func ,g         * 
FILE=DefaultBuild\Gpt.obj
                                  00030664  0003084f       1ec
  _Gpt_GetVersionInfo
                                  00030664        22   func ,g         * 
  _Gpt_Init
                                  00030686        58   func ,g         * 
  _Gpt_DeInit
                                  000306de        1c   func ,g         * 
  _Gpt_GetTimeElapsed
                                  000306fa         e   func ,g         * 
  _Gpt_GetTimeRemaining
                                  00030708         e   func ,g         * 
  _Gpt_StartTimer
                                  00030716         e   func ,g         * 
  _Gpt_StopTimer
                                  00030724        24   func ,g         * 
  _Gpt_EnableNotification
                                  00030748        46   func ,g         * 
  _Gpt_DisableNotification
                                  0003078e        5c   func ,g         * 
  _Gpt_GetPredefTimerValue
                                  000307ea        42   func ,g         * 
  _Gpt_HWCheckConsistency
                                  0003082c        24   func ,g         * 
FILE=DefaultBuild\Gpt_Irq.obj
                                  00030850  00030995       146
  _OSTM0_CH00_ISR
                                  00030850        10   func ,g         * 
  _GPT_FEINT_ISR
                                  00030860       106   func ,g         * 
  _TAUD0_CH09_ISR
                                  00030966        10   func ,g         * 
  _TAUB0_CH12_ISR
                                  00030976        10   func ,g         * 
  _TAUJ0_CH00_ISR
                                  00030986        10   func ,g         * 
FILE=DefaultBuild\Gpt_LLDriver.obj
                                  00030996  00032365      19d0
  _Gpt_HW_Init
                                  00030996       5f8   func ,g         * 
  _Gpt_HW_DeInit
                                  00030f8e       36e   func ,g         * 
  _Gpt_HW_GetTimeElapsed
                                  000312fc       160   func ,g         * 
  _Gpt_HW_GetTimeRemaining
                                  0003145c       254   func ,g         * 
  _Gpt_HW_StartTimer
                                  000316b0       2f0   func ,g         * 
  _Gpt_HW_StopTimer
                                  000319a0       154   func ,g         * 
  _Gpt_HW_DisableInterrupt
                                  00031af4        d8   func ,g         * 
  _Gpt_HW_EnableInterrupt
                                  00031bcc        c2   func ,g         * 
  _Gpt_CbkNotification
                                  00031c8e       1a8   func ,g         * 
  _Gpt_LLDriverHWCheckConsistency
                                  00031e36       372   func ,g         * 
  _Gpt_HW_GetPredefTimerValue
                                  000321a8        ba   func ,g         * 
  _Gpt_HW_StartPredefTimer
                                  00032262        86   func ,g         * 
  _Gpt_HW_StopPredefTimer
                                  000322e8        58   func ,g         * 
  _Gpt_HW_PredefTimerCallbackNotification
                                  00032340        26   func ,g         * 
FILE=DefaultBuild\Mcu.obj
                                  00032366  00035701      339c
  _Mcu_Init
                                  00032366       2d6   func ,g         * 
  _Mcu_InitRamSection
                                  0003263c       156   func ,g         * 
  _Mcu_InitClock
                                  00032792       66c   func ,g         * 
  _Mcu_DistributePllClock
                                  00032dfe       1ae   func ,g         * 
  _Mcu_GetPllStatus
                                  00032fac        5c   func ,g         * 
  _Mcu_GetResetReason
                                  00033008       186   func ,g         * 
  _Mcu_GetResetRawValue
                                  0003318e        b8   func ,g         * 
  _Mcu_PerformReset
                                  00033246        98   func ,g         * 
  _Mcu_SetMode
                                  000332de       35e   func ,g         * 
  _Mcu_CkscConfigure.1
                                  0003363c       664   func ,l         * 
  _Mcu_StopPLL.1
                                  00033ca0        c4   func ,l         * 
  _Mcu_StartPLL.1
                                  00033d64        c4   func ,l         * 
  _Mcu_StandByPrepare.1
                                  00033e28        2c   func ,l         * 
  _Mcu_MainOscDisable.1
                                  00033e54        cc   func ,l         * 
  _Mcu_ReloadClockDomainSTPM.1
                                  00033f20       12e   func ,l         * 
  _Mcu_ShiftClockDomain.1
                                  0003404e       888   func ,l         * 
  _Mcu_ReinitClockConfiguration.1
                                  000348d6        f0   func ,l         * 
  _Mcu_MainOscEnable.1
                                  000349c6       1c2   func ,l         * 
  _Mcu_ResumeCpuClock.1
                                  00034b88       10c   func ,l         * 
  _Mcu_MainOscDefault.1
                                  00034c94        72   func ,l         * 
  _Mcu_WakeUpFactor_Preparation
                                  00034d06        90   func ,g         * 
  _Mcu_GetVersionInfo
                                  00034d96        44   func ,g         * 
  _Mcu_CheckHWConsistency
                                  00034dda       562   func ,g         * 
  _Mcu_InitRamMirror.1
                                  0003533c       276   func ,l         * 
  _Mcu_IsoCkscCheck.1
                                  000355b2       150   func ,l         * 
FILE=DefaultBuild\Port.obj
                                  00035702  00036d15      1614
  _Port_Init
                                  00035702        e4   func ,g         * 
  _Port_SetPinDirection
                                  000357e6       152   func ,g         * 
  _Port_RefreshPortDirection
                                  00035938        1a   func ,g         * 
  _Port_SetPinMode
                                  00035952       3d6   func ,g         * 
  _Port_SetToDioMode
                                  00035d28         e   func ,g         * 
  _Port_SetToAlternateMode
                                  00035d36         e   func ,g         * 
  _Port_SetToDioOrAltMode.1
                                  00035d44       100   func ,l         * 
  _Port_InitConfig.1
                                  00035e44       50c   func ,l         * 
  _Port_SearchChangeablePinDetail.1
                                  00036350        f8   func ,l         * 
  _Port_RefreshPortInternal.1
                                  00036448        de   func ,l         * 
  _Port_FilterConfig.1
                                  00036526        34   func ,l         * 
  _Port_SetPinDefaultMode
                                  0003655a       3b8   func ,g         * 
  _Port_SetPinDefaultDirection
                                  00036912       100   func ,g         * 
  _Port_GetVersionInfo
                                  00036a12        2a   func ,g         * 
  _Port_CheckHWConsistency
                                  00036a3c       2da   func ,g         * 
FILE=DefaultBuild\Dem.obj
                                  00036d16  00036d17         2
  _Dem_ReportErrorStatus
                                  00036d16         2   func ,g         * 
FILE=DefaultBuild\Det.obj
                                  00036d18  00036d1f         8
  _Det_ReportError
                                  00036d18         4   func ,g         * 
  _Det_ReportRuntimeError
                                  00036d1c         4   func ,g         * 
FILE=DefaultBuild\EcuM.obj
                                  00036d20  00036d27         8
  _EcuM_CheckWakeupEvent
                                  00036d20         2   func ,g         * 
  _EcuM_ValidateWakeupEvent
                                  00036d22         2   func ,g         * 
  _EcuM_SetWakeupEvent
                                  00036d24         2   func ,g         * 
  _EcuM_CheckWakeup
                                  00036d26         2   func ,g         * 
FILE=DefaultBuild\SchM_Adc.obj
                                  00036d28  00036d5f        38
  _SchM_Enter_Adc_ADC_RAMDATA_PROTECTION
                                  00036d28         e   func ,g         * 
  _SchM_Exit_Adc_ADC_RAMDATA_PROTECTION
                                  00036d36         e   func ,g         * 
  _SchM_Enter_Adc_ADC_INT_PROTECTION
                                  00036d44         e   func ,g         * 
  _SchM_Exit_Adc_ADC_INT_PROTECTION
                                  00036d52         e   func ,g         * 
FILE=DefaultBuild\SchM_Can.obj
                                  00036d60  00036d97        38
  _SchM_Enter_Can_CAN_RAM_DATA_PROTECTION
                                  00036d60         e   func ,g         * 
  _SchM_Exit_Can_CAN_RAM_DATA_PROTECTION
                                  00036d6e         e   func ,g         * 
  _SchM_Enter_Can_CAN_INTERRUPT_CONTROL_PROTECTION
                                  00036d7c         e   func ,g         * 
  _SchM_Exit_Can_CAN_INTERRUPT_CONTROL_PROTECTION
                                  00036d8a         e   func ,g         * 
FILE=DefaultBuild\SchM_Dio.obj
                                  00036d98  00036db3        1c
  _SchM_Enter_Dio_DIO_REGISTER_PROTECTION
                                  00036d98         e   func ,g         * 
  _SchM_Exit_Dio_DIO_REGISTER_PROTECTION
                                  00036da6         e   func ,g         * 
FILE=DefaultBuild\SchM_Fls.obj
                                  00036db4  00036deb        38
  _SchM_Enter_Fls_FLS_DRIVERSTATE_DATA_PROTECTION
                                  00036db4         e   func ,g         * 
  _SchM_Enter_Fls_FLS_REGISTER_PROTECTION
                                  00036dc2         e   func ,g         * 
  _SchM_Exit_Fls_FLS_DRIVERSTATE_DATA_PROTECTION
                                  00036dd0         e   func ,g         * 
  _SchM_Exit_Fls_FLS_REGISTER_PROTECTION
                                  00036dde         e   func ,g         * 
FILE=DefaultBuild\SchM_Gpt.obj
                                  00036dec  00036e23        38
  _SchM_Enter_Gpt_GPT_TIMERINT_PROTECTION
                                  00036dec         e   func ,g         * 
  _SchM_Exit_Gpt_GPT_TIMERINT_PROTECTION
                                  00036dfa         e   func ,g         * 
  _SchM_Enter_Gpt_GPT_TIMERREG_PROTECTION
                                  00036e08         e   func ,g         * 
  _SchM_Exit_Gpt_GPT_TIMERREG_PROTECTION
                                  00036e16         e   func ,g         * 
FILE=DefaultBuild\SchM_Icu.obj
                                  00036e24  00036e93        70
  _SchM_Enter_Icu_ICU_CHANNEL_DATA_PROTECTION
                                  00036e24         e   func ,g         * 
  _SchM_Exit_Icu_ICU_CHANNEL_DATA_PROTECTION
                                  00036e32         e   func ,g         * 
  _SchM_Enter_Icu_ICU_TIMESTAMP_DATA_PROTECTION
                                  00036e40         e   func ,g         * 
  _SchM_Exit_Icu_ICU_TIMESTAMP_DATA_PROTECTION
                                  00036e4e         e   func ,g         * 
  _SchM_Enter_Icu_ICU_SIGNALMEASURE_DATA_PROTECTION
                                  00036e5c         e   func ,g         * 
  _SchM_Exit_Icu_ICU_SIGNALMEASURE_DATA_PROTECTION
                                  00036e6a         e   func ,g         * 
  _SchM_Enter_Icu_ICU_EDGECOUNT_DATA_PROTECTION
                                  00036e78         e   func ,g         * 
  _SchM_Exit_Icu_ICU_EDGECOUNT_DATA_PROTECTION
                                  00036e86         e   func ,g         * 
FILE=DefaultBuild\SchM_Mcu.obj
                                  00036e94  00036ee7        54
  _SchM_Enter_Mcu_MCU_PWR_MODE_PSC_PROTECTION
                                  00036e94         e   func ,g         * 
  _SchM_Exit_Mcu_MCU_PWR_MODE_PSC_PROTECTION
                                  00036ea2         e   func ,g         * 
  _SchM_Enter_Mcu_MCU_REGISTER_PROTECTION
                                  00036eb0         e   func ,g         * 
  _SchM_Exit_Mcu_MCU_REGISTER_PROTECTION
                                  00036ebe         e   func ,g         * 
  _SchM_Enter_Mcu_MCU_VARIABLE_PROTECTION
                                  00036ecc         e   func ,g         * 
  _SchM_Exit_Mcu_MCU_VARIABLE_PROTECTION
                                  00036eda         e   func ,g         * 
FILE=DefaultBuild\SchM_Port.obj
                                  00036ee8  00036f03        1c
  _SchM_Enter_Port_PORT_REGISTER_PROTECTION
                                  00036ee8         e   func ,g         * 
  _SchM_Exit_Port_PORT_REGISTER_PROTECTION
                                  00036ef6         e   func ,g         * 
FILE=DefaultBuild\SchM_Pwm.obj
                                  00036f04  00036f1f        1c
  _SchM_Enter_Pwm_PWM_REGISTERS_PROTECTION
                                  00036f04         e   func ,g         * 
  _SchM_Exit_Pwm_PWM_REGISTERS_PROTECTION
                                  00036f12         e   func ,g         * 
FILE=DefaultBuild\SchM_Spi.obj
                                  00036f20  00036f57        38
  _SchM_Enter_Spi_SPI_RAM_DATA_PROTECTION
                                  00036f20         e   func ,g         * 
  _SchM_Exit_Spi_SPI_RAM_DATA_PROTECTION
                                  00036f2e         e   func ,g         * 
  _SchM_Enter_Spi_SPI_INTERRUPT_CONTROL_PROTECTION
                                  00036f3c         e   func ,g         * 
  _SchM_Exit_Spi_SPI_INTERRUPT_CONTROL_PROTECTION
                                  00036f4a         e   func ,g         * 
FILE=DefaultBuild\SchM_Wdg_59_DriverA.obj
                                  00036f58  00036f8f        38
  _SchM_Enter_Wdg_59_DriverA_WDG_59_DRIVERA_MODE_SWITCH_PROTECTION
                                  00036f58         e   func ,g         * 
  _SchM_Exit_Wdg_59_DriverA_WDG_59_DRIVERA_MODE_SWITCH_PROTECTION
                                  00036f66         e   func ,g         * 
  _SchM_Enter_Wdg_59_DriverA_WDG_59_DRIVERA_TRIGG_PROTECTION
                                  00036f74         e   func ,g         * 
  _SchM_Exit_Wdg_59_DriverA_WDG_59_DRIVERA_TRIGG_PROTECTION
                                  00036f82         e   func ,g         * 
FILE=DefaultBuild\SchM_Wdg_59_DriverB.obj
                                  00036f90  00036fc7        38
  _SchM_Enter_Wdg_59_DriverB_WDG_59_DRIVERB_MODE_SWITCH_PROTECTION
                                  00036f90         e   func ,g         * 
  _SchM_Exit_Wdg_59_DriverB_WDG_59_DRIVERB_MODE_SWITCH_PROTECTION
                                  00036f9e         e   func ,g         * 
  _SchM_Enter_Wdg_59_DriverB_WDG_59_DRIVERB_TRIGG_PROTECTION
                                  00036fac         e   func ,g         * 
  _SchM_Exit_Wdg_59_DriverB_WDG_59_DRIVERB_TRIGG_PROTECTION
                                  00036fba         e   func ,g         * 
FILE=DefaultBuild\Wdg_59_DriverB.obj
                                  00036fc8  000371bf       1f8
  _Wdg_59_DriverB_Init
                                  00036fc8        94   func ,g         * 
  _Wdg_59_DriverB_SetMode
                                  0003705c        f4   func ,g         * 
  _Wdg_59_DriverB_SetTriggerCondition
                                  00037150        4c   func ,g         * 
  _Wdg_59_DriverB_CheckHWConsistency
                                  0003719c        24   func ,g         * 
FILE=DefaultBuild\Wdg_59_DriverB_Irq.obj
                                  000371c0  000371f5        36
  _WDG_59_DRIVERB_TRIGGERFUNCTION_ISR
                                  000371c0        36   func ,g         * 
FILE=DefaultBuild\Wdg_59_DriverB_Private.obj
                                  000371f6  00037223        2e
  _Wdg_59_DriverB_TriggerFunc
                                  000371f6        2e   func ,g         * 
FILE=DefaultBuild\BootM.obj
                                  00037224  00037513       2f0
  _BootM_AppIntVectRemap.1
                                  00037224         2   func ,l         * 
  _BootM_AppJump.1
                                  00037226        1e   func ,l         * 
  _BootM_AppGo.1
                                  00037244        1e   func ,l         * 
  _BootM_GetFlag
                                  00037262        42   func ,g         * 
  _BootM_FlagHandle
                                  000372a4        26   func ,g         * 
  _BootM_IsAllLBA_Valid
                                  000372ca        10   func ,g         * 
  _BootM_ResetRespond.1
                                  000372da       116   func ,l         * 
  _BootM_ReprogramStateSet.1
                                  000373f0        3c   func ,l         * 
  _BootM_ReprogramRespond
                                  0003742c        26   func ,g         * 
  _BooM_IsSIBValid.1
                                  00037452        36   func ,l         * 
  _BootM_GetCounterValue.1
                                  00037488        30   func ,l         * 
  _BootM_StayInBootProcess.1
                                  000374b8        5c   func ,l         * 
FILE=DefaultBuild\CanIf.obj
                                  00037514  0003760d        fa
  _CanIf_Transmit
                                  00037514        36   func ,g         * 
  _CanIf_TxConfirmation
                                  0003754a        14   func ,g         * 
  _CanIf_RxIndication
                                  0003755e        90   func ,g         * 
  _CanIf_ControllerBusOff
                                  000375ee        1e   func ,g         * 
  _CanIf_ControllerModeIndication
                                  0003760c         2   func ,g         * 
FILE=DefaultBuild\CanTp.obj
                                  0003760e  00037f97       98a
  _SchM_Enter_CanTp_EXCLUSIVE_AREA.1
                                  0003760e         2   func ,l         * 
  _SchM_Exit_CanTp_EXCLUSIVE_AREA.1
                                  00037610         2   func ,l         * 
  _CanTp_GetElapsedValue.1
                                  00037612        18   func ,l         * 
  _CanTp_Prv_GetBit.1
                                  0003762a         a   func ,l         * 
  _CanTp_IncrementCounter.1
                                  00037634        10   func ,l         * 
  _CanTp_Prv_ArrayInit.1
                                  00037644        14   func ,l         * 
  _CanTp_Prv_TxPciInit.1
                                  00037658        6e   func ,l         * 
  _CanTp_Prv_GetFcActiveChannel.1
                                  000376c6        3c   func ,l         * 
  _CanTp_Prv_GetRxContext.1
                                  00037702       18a   func ,l         * 
  _CanTp_Prv_RxSduLengthCheck.1
                                  0003788c       244   func ,l         * 
  _CanTp_Prv_FcTxConfirmation.1
                                  00037ad0        9e   func ,l         * 
  _CanTp_Prv_PrepareFcRecieve.1
                                  00037b6e        22   func ,l         * 
  _CanTp_Prv_LengthError.1
                                  00037b90        60   func ,l         * 
  _CanTp_Init
                                  00037bf0        48   func ,g         * 
  _CanTp_MainFunction
                                  00037c38        48   func ,g         * 
  _CanTp_Transmit
                                  00037c80       13e   func ,g         * 
  _CanTp_TxConfirmation
                                  00037dbe       184   func ,g         * 
  _CanTp_RxIndication
                                  00037f42        56   func ,g         * 
FILE=DefaultBuild\CanTp_Prv.obj
                                  00037f98  00039633      169c
  _SchM_Enter_CanTp_EXCLUSIVE_AREA.1
                                  00037f98         2   func ,l         * 
  _SchM_Exit_CanTp_EXCLUSIVE_AREA.1
                                  00037f9a         2   func ,l         * 
  _CanTp_GetElapsedValue.1
                                  00037f9c        18   func ,l         * 
  _CanTp_Prv_GetBit.1
                                  00037fb4         a   func ,l         * 
  _CanTp_Prv_ArrayInit.1
                                  00037fbe        14   func ,l         * 
  _CanTp_Prv_GetTxBlockCfs.1
                                  00037fd2        4c   func ,l         * 
  _CanTp_Prv_GetRxBlockCfs.1
                                  0003801e        4c   func ,l         * 
  _CanTp_Prv_CanIfTransmit.1
                                  0003806a        b6   func ,l         * 
  _CanTp_Prv_FcTransmit.1
                                  00038120        5a   func ,l         * 
  _CanTp_Prv_GetConnectionAcceptance.1
                                  0003817a        72   func ,l         * 
  _CanTp_Prv_SetTxBlockInfo.1
                                  000381ec        da   func ,l         * 
  _CanTp_Prv_GetRxParam.1
                                  000382c6        26   func ,l         * 
  _CanTp_Prv_SetRxBlockInfo.1
                                  000382ec       12e   func ,l         * 
  _CanTp_Prv_PrepareFcTransmit.1
                                  0003841a        3a   func ,l         * 
  _CanTp_Prv_GetTxBuffer.1
                                  00038454        cc   func ,l         * 
  _CanTp_Prv_ProcessRxSingleFrame.1
                                  00038520       152   func ,l         * 
  _CanTp_Prv_ProcessRxFirstFrame.1
                                  00038672       16c   func ,l         * 
  _CanTp_Prv_ProcessRxConsecutiveFrame.1
                                  000387de       164   func ,l         * 
  _CanTp_Prv_ProcessRxFlowControlFrame.1
                                  00038942        c8   func ,l         * 
  _CanTp_Prv_CreateTxSingleFrame.1
                                  00038a0a       12e   func ,l         * 
  _CanTp_Prv_CreateTxFirstFrame.1
                                  00038b38        fe   func ,l         * 
  _CanTp_Prv_CreateTxConsecutiveFrame.1
                                  00038c36       138   func ,l         * 
  _CanTp_Prv_CreateTxFlowControlFrame.1
                                  00038d6e        c6   func ,l         * 
  _CanTp_Prv_TxSendConsecutiveFrame.1
                                  00038e34       17c   func ,l         * 
  _CanTp_Prv_TxWaitForFlowControlFrame.1
                                  00038fb0        94   func ,l         * 
  _CanTp_Prv_TxWaitForTransmitConfirmation.1
                                  00039044        a6   func ,l         * 
  _CanTp_Prv_TxTransmissionRequestAccepted.1
                                  000390ea       16a   func ,l         * 
  _CanTp_Prv_Idle.1
                                  00039254         2   func ,l         * 
  _CanTp_Prv_RxReceptionRequestAccepted.1
                                  00039256        94   func ,l         * 
  _CanTp_Prv_RxSendFlowControlFrame.1
                                  000392ea       210   func ,l         * 
  _CanTp_Prv_RxWaitForFcTransmitConfirmation.1
                                  000394fa        a6   func ,l         * 
  _CanTp_Prv_RxWaitForConsecutiveFrame.1
                                  000395a0        94   func ,l         * 
FILE=DefaultBuild\Common.obj
                                  00039634  000396db        a8
  _CommF_DataCopy
                                  00039634        24   func ,g         * 
  _CommF_DataCompare
                                  00039658        26   func ,g         * 
  _CommF_DataSet
                                  0003967e        1c   func ,g         * 
  _CommF_GetUint32DataValue
                                  0003969a        2e   func ,g         * 
  _CommF_GetElapsedValue
                                  000396c8        14   func ,g         * 
FILE=DefaultBuild\delay.obj
                                  000396dc  000396dd         2
  _Delay_Nms
                                  000396dc         2   func ,g         * 
FILE=DefaultBuild\Crc.obj
                                  000396de  00039715        38
  _Crc_CalculateCRC16
                                  000396de        38   func ,g         * 
FILE=DefaultBuild\Dcm.obj
                                  00039716  0003b10b      19f6
  _Dcm_ClearState.1
                                  00039716        20   func ,l         * 
  _Dcm_Init
                                  00039736        c8   func ,g         * 
  _Dcm_MainFunction
                                  000397fe       134   func ,g         * 
  _Dcm_MainFunction_Post
                                  00039932        56   func ,g         * 
  _Dcm_TimerFunction
                                  00039988        90   func ,g         * 
  _Dcm_StartOfReception
                                  00039a18        92   func ,g         * 
  _Dcm_CopyRxData
                                  00039aaa        66   func ,g         * 
  _Dcm_RxIndication
                                  00039b10        a8   func ,g         * 
  _Dcm_FuncRxIndication
                                  00039bb8        3e   func ,g         * 
  _Dcm_TxConfirmation
                                  00039bf6        a0   func ,g         * 
  _Dcm_CopyTxData
                                  00039c96        56   func ,g         * 
  _Dsd_SuppressPositiveResponse.1
                                  00039cec        26   func ,l         * 
  _Dsd_ProcessingDone.1
                                  00039d12        ec   func ,l         * 
  _Dsd_Nrc78ResponseProcess
                                  00039dfe        d2   func ,g         * 
  _Dsp_DiagnosticSessionControl.1
                                  00039ed0       1a4   func ,l         * 
  _Dsp_EcuReset.1
                                  0003a074        72   func ,l         * 
  _Dsp_SecurityAccess.1
                                  0003a0e6        e4   func ,l         * 
  _Dsp_SA_SeedProcess.1
                                  0003a1ca        c4   func ,l         * 
  _Dsp_SA_KeyProcess.1
                                  0003a28e        b0   func ,l         * 
  _Dsp_CommunicationControl.1
                                  0003a33e        bc   func ,l         * 
  _Dsp_RoutineControl.1
                                  0003a3fa        f2   func ,l         * 
  _Dsp_RC_CheckProgrammingPreConditions.1
                                  0003a4ec        5e   func ,l         * 
  _Dsp_RC_EraseMemory.1
                                  0003a54a       108   func ,l         * 
  _Dsp_RC_CheckProgrammingIntegrity.1
                                  0003a652       100   func ,l         * 
  _Dsp_RC_CheckProgrammingDependencies.1
                                  0003a752        fa   func ,l         * 
  _Dsp_RequestDownload.1
                                  0003a84c       1e2   func ,l         * 
  _Dsp_RD_SequenceCheck.1
                                  0003aa2e        6e   func ,l         * 
  _Dsp_TransferData.1
                                  0003aa9c       102   func ,l         * 
  _Dsp_TD_BlockSequenceProsess.1
                                  0003ab9e       178   func ,l         * 
  _Dsp_RequestTransferExit.1
                                  0003ad16        a8   func ,l         * 
  _Dsp_TesterPresent.1
                                  0003adbe        5e   func ,l         * 
  _Dsp_ControlDTCSetting.1
                                  0003ae1c        9e   func ,l         * 
  _Dsp_WriteDataByIdentifier.1
                                  0003aeba       176   func ,l         * 
  _Dsp_ReadDataByIdentifier.1
                                  0003b030        dc   func ,l         * 
FILE=DefaultBuild\Diag_Callout.obj
                                  0003b10c  0003b2a9       19e
  _ADC_Update_Value
                                  0003b10c         2   func ,g         * 
  _Diag_WdgFeed
                                  0003b10e        10   func ,g         * 
  _Diag_NRC78Send
                                  0003b11e        10   func ,g         * 
  _Diag_FlagRead
                                  0003b12e        a8   func ,g         * 
  _Diag_FlagCompare
                                  0003b1d6        30   func ,g         * 
  _Diag_GetAddrFlagVal
                                  0003b206         2   func ,g         * 
  _Diag_FlagWrite
                                  0003b208        80   func ,g         * 
  _Diag_FlagClear
[...]
                                  feddca28  feddca29         2
  _Comm_MainTick
                                  feddca28         2   data ,g         * 
FILE=DefaultBuild\Dcm.obj
                                  feddca2c  feddce83       458
  _Dcm_SduBuffer.1
                                  feddca2c       412   data ,l         * 
  _Dcm_NegativeResCode.2
                                  feddce3e         1   data ,l         * 
  _Dcm_ReqDataIndex.3
                                  feddce40         2   data ,l         * 
  _Dcm_ResDataIndex.4
                                  feddce42         2   data ,l         * 
  _Dcm_ReqDataLength.5
                                  feddce44         2   data ,l         * 
  _Dcm_ResDataLength.6
                                  feddce46         2   data ,l         * 
  _TransDataBlockSeqCounter.7
                                  feddce48         2   data ,l         * 
  _TransDataTotalNumofBlock.8
                                  feddce4a         2   data ,l         * 
  _TransDataLastBlockSize.9
                                  feddce4c         2   data ,l         * 
  _TransDataNumofTransmittedData.10
                                  feddce50         4   data ,l         * 
  _ProgramStartAddr.11
                                  feddce54         4   data ,l         * 
  _ProgramMemorySize.12
                                  feddce58         4   data ,l         * 
  _Dcm_ResponseFlag
                                  feddce5c         1   data ,g         * 
  _Dcm_TxSduInfo
                                  feddce60         c   data ,g         * 
  _gDCM_FunReq_Flag
                                  feddce6c         1   data ,g         * 
  _Dcm_S3TimerStartFlag
                                  feddce6d         1   data ,g         * 
  _Dcm_S3Timer
                                  feddce6e         2   data ,g         * 
  _Dcm_P2TimerStartFlag
                                  feddce70         1   data ,g         * 
  _Dcm_P2Timer
                                  feddce72         2   data ,g         * 
  _DcmState
                                  feddce74         4   data ,g         * 
  _ServerIdPost
                                  feddce78         1   data ,g         * 
  _ServerPostCount
                                  feddce79         1   data ,g         * 
  _CurrentProgramCnt
                                  feddce7a         2   data ,g         * 
  _TxNRC78Buf.13.Dsd_Nrc78ResponseProcess
                                  feddce7c         8   data ,l         * 
FILE=DefaultBuild\Diag_Callout.obj
                                  feddce84  feddcf27        a4
  _g_DownSeg
                                  feddce84        a0   data ,g         * 
  _g_CurLogicalBlockId
                                  feddcf24         1   data ,g         * 
  _g_DownSegIdx
                                  feddcf25         1   data ,g         * 
  _Adc_VoltageValue
                                  feddcf26         2   data ,g         * 
FILE=DefaultBuild\SecurityAccess.obj
                                  feddcf28  feddcf2b         4
  _g_SA_FAC
                                  feddcf28         1   data ,g         * 
  _g_SA_FAC_Last
                                  feddcf29         1   data ,g         * 
  _g_SA_DelayTimer
                                  feddcf2a         2   data ,g         * 
FILE=DefaultBuild\TransferData.obj
                                  feddcf2c  feddd32d       402
  _TransDataBuf.1
                                  feddcf2c       402   data ,l         * 
FILE=DefaultBuild\FlsIf.obj
                                  feddd330  feddd433       104
  _FlsIf_PageBuffer.1
                                  feddd330       100   data ,l         * 
  _FlsIf_State.2
                                  feddd430         4   data ,l         * 
FILE=DefaultBuild\SecM.obj
                                  feddd434  feddd843       410
  _gs_Crc32Remainder.1
                                  feddd434         4   data ,l         * 
  _gs_Crc16Remainder.2
                                  feddd438         2   data ,l         * 
  _gs_Crc32Table.3
                                  feddd43c       400   data ,l         * 
  _gs_Crc32User.4
                                  feddd83c         4   data ,l         * 
  _gs_RandomSeed.5
                                  feddd840         4   data ,l         * 
FILE=DefaultBuild\Os_Adapt.obj
                                  feddd844  feddd847         4
  _Os_GlobalKMInt.1
                                  feddd844         4   data ,l         * 
FILE=DefaultBuild\Os_Core.obj
                                  feddd848  feddd857        10
  _Os_CoreCB
                                  feddd848        10   data ,g         * 
FILE=DefaultBuild\Os_Mcu_Core.obj
                                  feddd858  feddd8f7        a0
  _Os_TaskCBExtCore0.1
                                  feddd858         c   data ,l         * 
  _Os_IsrNestStackCore0.2
                                  feddd864        14   data ,l         * 
  _Os_ISR1SPCore0.3
                                  feddd878        80   data ,l         * 
FILE=DefaultBuild\Os_Arch_Irq.obj
                                  feddd8f8  fedddf1b       624
  _Os_FE_Handler
                                  feddd8f8        80   data ,g         * 
  _Os_Vector_Handler
                                  feddd978       598   data ,g         * 
  _Os_SaveLevelISR1
                                  fedddf10         4   data ,g         * 
  _Os_IsrNestStack
                                  fedddf14         4   data ,g         * 
  _Os_ISR1SP
                                  fedddf18         4   data ,g         * 
FILE=DefaultBuild\Os_Arch_Processor.obj
                                  fedddf1c  fedddf23         8
  _Os_ArchTempSp
                                  fedddf1c         4   data ,g         * 
  _Os_TaskCBExt
                                  fedddf20         4   data ,g         * 
FILE=DefaultBuild\SignatureHeader.obj
                                  fedddf24  fedddf2f         c
  _g_pSignatureHeader
                                  fedddf24         c   data ,g         * 
FILE=DefaultBuild\Vss.obj
                                  fedddf30  fedde003        d4
  _gVssCtx.1
                                  fedddf30        d4   data ,l         * 
FILE=_REL_sysheap
                                  fedde004  feddf003      1000
  __REL_sysheap
                                  fedde004         0   none ,g         * 

SECTION=.data.R
FILE=DefaultBuild\Can_Ram.obj
                                  feddf004  feddf004         1
  _Can_GblInitialized
                                  feddf004         1   data ,g         * 
FILE=DefaultBuild\Dio_Ram.obj
                                  feddf008  feddf00b         4
  _Dio_GusPortOffset
                                  feddf008         2   data ,g         * 
  _Dio_GusChannelOffset
                                  feddf00a         2   data ,g         * 
FILE=DefaultBuild\Fls_Ram.obj
                                  feddf00c  feddf019         e
  _Fls_GenJobResult
                                  feddf00c         4   data ,g         * 
  _Fls_GenState
                                  feddf010         4   data ,g         * 
  _Fls_GenCurrentMode
                                  feddf014         4   data ,g         * 
  _Fls_GblInitStatus
                                  feddf018         1   data ,g         * 
  _Fls_GblTimeOutMonitor
                                  feddf019         1   data ,g         * 
FILE=DefaultBuild\Gpt_Ram.obj
                                  feddf01c  feddf01c         1
  _Gpt_GblDriverStatus
                                  feddf01c         1   data ,g         * 
FILE=DefaultBuild\Mcu_Ram.obj
                                  feddf020  feddf023         4
  _Mcu_GblDriverStatus
                                  feddf020         1   data ,g         * 
  _Mcu_GblPllActCheck
                                  feddf021         1   data ,g         * 
  _Mcu_GblResetFlag
                                  feddf022         1   data ,g         * 
  _Mcu_GblWakeUpPreparation
                                  feddf023         1   data ,g         * 
FILE=DefaultBuild\BootM.obj
                                  feddf024  feddf024         1
  _g_BootM_SIBTimeout
                                  feddf024         1   data ,g         * 
FILE=DefaultBuild\DIDReadWrite.obj
                                  feddf028  feddf03d        16
  _DcmSessionValue
                                  feddf028         1   data ,g         * 
  _WriteDataF198
                                  feddf029         b   data ,g         * 
  _WriteDataF187
                                  feddf034         5   data ,g         * 
  _WriteDataF18A
                                  feddf039         5   data ,g         * 
FILE=DefaultBuild\RoutineControl.obj
                                  feddf040  feddf054        15
  _g_CrcAddr
                                  feddf040         8   data ,g         * 
  _g_CrcAddrEnd
                                  feddf048         8   data ,g         * 
  _g_DownBlockStart
                                  feddf050         2   data ,g         * 
  _g_DownBlockEnd
                                  feddf052         2   data ,g         * 
  _g_DownBlockIdx
                                  feddf054         1   data ,g         * 
FILE=DefaultBuild\SecurityAccess.obj
                                  feddf058  feddf06b        14
  _gs_SeedBuf.1
                                  feddf058         4   data ,l         * 
  _longKey.2
                                  feddf05c        10   data ,l         * 
FILE=DefaultBuild\MemM_cfg.obj
                                  feddf06c  feddf12b        c0
  _g_logicalBlocks
                                  feddf06c        20   data ,g         * 
  _g_FlagsInfo
                                  feddf08c        a0   data ,g         * 
FILE=DefaultBuild\fcl_descriptor.obj
                                  feddf12c  feddf143        18
  _sampleApp_fclConfig_enu
                                  feddf12c        18   data ,g         * 
FILE=DefaultBuild\SecureBoot.obj
                                  feddf144  feddf147         4
  _SecureBootCurrentStatus
                                  feddf144         4   data ,g         * 
FILE=DefaultBuild\SignatureHeader.obj
                                  feddf148  feddf14c         5
  _ModuleAddressInfoSize
                                  feddf148         4   data ,g         * 
  _g_cryptoTypeFlag
                                  feddf14c         1   data ,g         * 
FILE=DefaultBuild\crypto_lib.obj
                                  feddf150  feddf157         8
  _SM2_Z256_MODP_MONT_ONE
                                  feddf150         4   data ,g         * 
  _g_pre_comp.6
                                  feddf154         4   data ,l         * 
FILE=DefaultBuild\main.obj
                                  feddf158  feddf198        41
  _ReadAppBuffer
                                  feddf158        20   data ,g         * 
  _WriteAppBuffer
                                  feddf178        20   data ,g         * 
  _FlsLoopCount
                                  feddf198         1   data ,g         * 
FILE=_REL_mdata
                                  feddf19c  feddf1af        14
  __mnext
                                  feddf19c         0   none ,g         * 
  __pool
                                  feddf1a0         0   none ,g         * 
  __memt
                                  feddf1a8         0   none ,g         * 
FILE=_REL_sysheap
                                  feddf1b0  feddf1b3         4
  __REL_sizeof_sysheap
                                  feddf1b0         0   none ,g         * 

SECTION=.stack.bss
FILE=DefaultBuild\cstart.obj
                                  feddf1b4  feddf5b3       400
  _stacktop
                                  feddf5b4         0   none ,l         * 

Absolute value symbols
FILE=rlink_generates_01
  __gp_data
                                  00000000         0   none ,g         * 
  __ep_data
                                  00000000         0   none ,g         * 
FILE=rlink_generates_02
  __s.text
                                  00029400         0   none ,g         * 
  __e.text
                                  00048846         0   none ,g         * 
  __S_text
                                  00029400         0   none ,g         * 
  __E_text
                                  00048846         0   none ,g         * 
  __s.bss
                                  fedd80b0         0   none ,g         * 
  __e.bss
                                  feddf004         0   none ,g         * 
  __S_bss
                                  fedd80b0         0   none ,g         * 
  __E_bss
                                  feddf004         0   none ,g         * 
  __s.const
                                  00026800         0   none ,g         * 
  __e.const
                                  0002925c         0   none ,g         * 
  __S_const
                                  00026800         0   none ,g         * 
  __E_const
                                  0002925c         0   none ,g         * 
  __s.data
                                  00048850         0   none ,g         * 
  __e.data
                                  00048a00         0   none ,g         * 
  __s.data.R
                                  feddf004         0   none ,g         * 
  __e.data.R
                                  feddf1b4         0   none ,g         * 
  __S_data
                                  00048850         0   none ,g         * 
  __E_data
                                  00048a00         0   none ,g         * 
  __S_data_R
                                  feddf004         0   none ,g         * 
  __E_data_R
                                  feddf1b4         0   none ,g         * 
  __sR_FCL_CODE_RAM.text
                                  00048d48         0   none ,g         * 
  __eR_FCL_CODE_RAM.text
                                  00049fb2         0   none ,g         * 
  __SR_FCL_CODE_RAM_text
                                  00048d48         0   none ,g         * 
  __ER_FCL_CODE_RAM_text
                                  00049fb2         0   none ,g         * 
  __sR_FCL_CODE_ROMRAM.text
                                  00049fb4         0   none ,g         * 
  __eR_FCL_CODE_ROMRAM.text
                                  0004a9fc         0   none ,g         * 
  __SR_FCL_CODE_ROMRAM_text
                                  00049fb4         0   none ,g         * 
  __ER_FCL_CODE_ROMRAM_text
                                  0004a9fc         0   none ,g         * 
  __sR_FCL_CODE_USRINT.text
                                  00048ccc         0   none ,g         * 
  __eR_FCL_CODE_USRINT.text
                                  00048ccc         0   none ,g         * 
  __SR_FCL_CODE_USRINT_text
                                  00048ccc         0   none ,g         * 
  __ER_FCL_CODE_USRINT_text
                                  00048ccc         0   none ,g         * 
  __sR_FCL_CODE_USR.text
                                  00048ccc         0   none ,g         * 
  __eR_FCL_CODE_USR.text
                                  00048d46         0   none ,g         * 
  __SR_FCL_CODE_USR_text
                                  00048ccc         0   none ,g         * 
  __ER_FCL_CODE_USR_text
                                  00048d46         0   none ,g         * 
  __sR_FCL_CODE_RAM_EX_PROT.text
                                  0004a9fc         0   none ,g         * 
  __eR_FCL_CODE_RAM_EX_PROT.text
                                  0004aa4c         0   none ,g         * 
  __SR_FCL_CODE_RAM_EX_PROT_text
                                  0004a9fc         0   none ,g         * 
  __ER_FCL_CODE_RAM_EX_PROT_text
                                  0004aa4c         0   none ,g         * 
  __sR_FCL_CODE_ROM.text
                                  00048a00         0   none ,g         * 
  __eR_FCL_CODE_ROM.text
                                  00048cb6         0   none ,g         * 
  __SR_FCL_CODE_ROM_text
                                  00048a00         0   none ,g         * 
  __ER_FCL_CODE_ROM_text
                                  00048cb6         0   none ,g         * 
  __sR_FCL_DATA.bss
                                  fedd8000         0   none ,g         * 
  __eR_FCL_DATA.bss
                                  fedd80b0         0   none ,g         * 
  __SR_FCL_DATA_bss
                                  fedd8000         0   none ,g         * 
  __ER_FCL_DATA_bss
                                  fedd80b0         0   none ,g         * 
  __sR_FCL_CONST.const
                                  00048cb8         0   none ,g         * 
  __eR_FCL_CONST.const
                                  00048ccb         0   none ,g         * 
  __SR_FCL_CONST_const
                                  00048cb8         0   none ,g         * 
  __ER_FCL_CONST_const
                                  00048ccb         0   none ,g         * 
  __sFCL_RESERVED.bss
                                  fedd0000         0   none ,g         * 
  __eFCL_RESERVED.bss
                                  fedd8000         0   none ,g         * 
  __SFCL_RESERVED_bss
                                  fedd0000         0   none ,g         * 
  __EFCL_RESERVED_bss
                                  fedd8000         0   none ,g         * 
  __sVSS_ARRAY.const
                                  00001000         0   none ,g         * 
  __eVSS_ARRAY.const
                                  00026000         0   none ,g         * 
  __SVSS_ARRAY_const
                                  00001000         0   none ,g         * 
  __EVSS_ARRAY_const
                                  00026000         0   none ,g         * 
  __sRESET
                                  00000000         0   none ,g         * 
  __eRESET
                                  000001f8         0   none ,g         * 
  __SRESET
                                  00000000         0   none ,g         * 
  __ERESET
                                  000001f8         0   none ,g         * 
  __sEIINTTBL
                                  00000200         0   none ,g         * 
  __eEIINTTBL
                                  00000a00         0   none ,g         * 
  __SEIINTTBL
                                  00000200         0   none ,g         * 
  __EEIINTTBL
                                  00000a00         0   none ,g         * 
  __s.stack.bss
                                  feddf1b4         0   none ,g         * 
  __e.stack.bss
                                  feddf5b4         0   none ,g         * 
  __S_stack_bss
                                  feddf1b4         0   none ,g         * 
  __E_stack_bss
                                  feddf5b4         0   none ,g         * 
  __s.INIT_DSEC.const
                                  0002925c         0   none ,g         * 
  __e.INIT_DSEC.const
                                  00029268         0   none ,g         * 
  __S_INIT_DSEC_const
                                  0002925c         0   none ,g         * 
  __E_INIT_DSEC_const
                                  00029268         0   none ,g         * 
  __s.INIT_BSEC.const
                                  00048848         0   none ,g         * 
  __e.INIT_BSEC.const
                                  00048850         0   none ,g         * 
  __S_INIT_BSEC_const
                                  00048848         0   none ,g         * 
  __E_INIT_BSEC_const
                                  00048850         0   none ,g         * 

*** Unfilled Areas ***

AREA                                START    END

*** Delete Symbols ***

SYMBOL                                SIZE    INFO
