Renesas Optimizing Linker (W3.07.00 )             27-Mar-2026 09:51:12

*** Options ***

-MAKEUD=DefaultBuild\SIRUN_R7F701583_5GTbox_CSPLUS_V81200_Project.lk.ud
-subcommand=DefaultBuild\SIRUN_R7F701583_5GTbox_CSPLUS_V81200_Project.clnk
-input=DefaultBuild\boot.obj
-input=DefaultBuild\cstart.obj
-input=DefaultBuild\main.obj
-input=DefaultBuild\Com_Test.obj
-input=DefaultBuild\Fls_Test.obj
-input=DefaultBuild\Queue_Fifo.obj
-input=DefaultBuild\Rte_EcuM.obj
-input=DefaultBuild\Rte_SecOC.obj
-input=DefaultBuild\BswM_Ext.obj
-input=DefaultBuild\CanIf.obj
-input=DefaultBuild\CanIf_Internal.obj
-input=DefaultBuild\CanNm.obj
-input=DefaultBuild\CanSM.obj
-input=DefaultBuild\CanTp.obj
-input=DefaultBuild\CanTp_Internal.obj
-input=DefaultBuild\CanTSyn.obj
-input=DefaultBuild\Com.obj
-input=DefaultBuild\Com_GwInternal.obj
-input=DefaultBuild\Com_Internal.obj
-input=DefaultBuild\Com_RxInternal.obj
-input=DefaultBuild\Com_TxInternal.obj
-input=DefaultBuild\Dcm.obj
-input=DefaultBuild\DcmDsd.obj
-input=DefaultBuild\DcmDsl.obj
-input=DefaultBuild\DcmDsp.obj
-input=DefaultBuild\Dcm_Ext.obj
-input=DefaultBuild\Dcm_OBD0x01.obj
-input=DefaultBuild\Dcm_OBD0x02.obj
-input=DefaultBuild\Dcm_OBD0x03.obj
-input=DefaultBuild\Dcm_OBD0x04.obj
-input=DefaultBuild\Dcm_OBD0x05.obj
-input=DefaultBuild\Dcm_OBD0x06.obj
-input=DefaultBuild\Dcm_OBD0x07.obj
-input=DefaultBuild\Dcm_OBD0x08.obj
-input=DefaultBuild\Dcm_OBD0x09.obj
-input=DefaultBuild\Dcm_OBD0x0A.obj
-input=DefaultBuild\Dcm_UDS0x10.obj
-input=DefaultBuild\Dcm_UDS0x11.obj
-input=DefaultBuild\Dcm_UDS0x14.obj
-input=DefaultBuild\Dcm_UDS0x19.obj
-input=DefaultBuild\Dcm_UDS0x22.obj
-input=DefaultBuild\Dcm_UDS0x23.obj
-input=DefaultBuild\Dcm_UDS0x24.obj
-input=DefaultBuild\Dcm_UDS0x27.obj
-input=DefaultBuild\Dcm_UDS0x28.obj
-input=DefaultBuild\Dcm_UDS0x29.obj
-input=DefaultBuild\Dcm_UDS0x2A.obj
-input=DefaultBuild\Dcm_UDS0x2C.obj
-input=DefaultBuild\Dcm_UDS0x2E.obj
-input=DefaultBuild\Dcm_UDS0x2F.obj
-input=DefaultBuild\Dcm_UDS0x31.obj
-input=DefaultBuild\Dcm_UDS0x34.obj
-input=DefaultBuild\Dcm_UDS0x35.obj
-input=DefaultBuild\Dcm_UDS0x36.obj
-input=DefaultBuild\Dcm_UDS0x37.obj
-input=DefaultBuild\Dcm_UDS0x38.obj
-input=DefaultBuild\Dcm_UDS0x3D.obj
-input=DefaultBuild\Dcm_UDS0x3E.obj
-input=DefaultBuild\Dcm_UDS0x85.obj
-input=DefaultBuild\Dcm_UDS0x86.obj
-input=DefaultBuild\IpduM.obj
-input=DefaultBuild\Nm.obj
-input=DefaultBuild\PduR.obj
-input=DefaultBuild\PduR_Buffer.obj
-input=DefaultBuild\PduR_Internal.obj
-input=DefaultBuild\PduR_Route.obj
-input=DefaultBuild\SecOC.obj
-input=DefaultBuild\Arti.obj
-input=DefaultBuild\BswM_Cfg.obj
-input=DefaultBuild\BswM_LCfg.obj
-input=DefaultBuild\CanIf_Cfg.obj
-input=DefaultBuild\CanIf_PBcfg.obj
-input=DefaultBuild\CanNm_Cfg.obj
-input=DefaultBuild\CanSM_Cfg.obj
-input=DefaultBuild\CanTp_Callout.obj
-input=DefaultBuild\CanTp_PBcfg.obj
-input=DefaultBuild\CanTSyn_Cfg.obj
-input=DefaultBuild\ComM_Cfg.obj
-input=DefaultBuild\ComM_Gent.obj
-input=DefaultBuild\ComM_PBCfg.obj
-input=DefaultBuild\Com_Callout.obj
-input=DefaultBuild\Com_PBcfg.obj
-input=DefaultBuild\CryIf_Cfg.obj
-input=DefaultBuild\Crypto_ISoft_Cfg.obj
-input=DefaultBuild\Csm_Cfg.obj
-input=DefaultBuild\Dcm_Callout.obj
-input=DefaultBuild\Dcm_Cfg.obj
-input=DefaultBuild\Dcm_PBcfg.obj
-input=DefaultBuild\Dem_Cfg.obj
-input=DefaultBuild\Dem_PBcfg.obj
-input=DefaultBuild\EcuM_Callout_Stubs.obj
-input=DefaultBuild\EcuM_Cfg.obj
-input=DefaultBuild\EcuM_Lcfg.obj
-input=DefaultBuild\EcuM_PbCfg.obj
-input=DefaultBuild\Fee_Cfg.obj
-input=DefaultBuild\Ioc.obj
-input=DefaultBuild\IpduM_Cfg.obj
-input=DefaultBuild\MemIf_Cfg.obj
-input=DefaultBuild\Nm_Cfg.obj
-input=DefaultBuild\Nm_Lcfg.obj
-input=DefaultBuild\Nm_PBcfg.obj
-input=DefaultBuild\NvM_Cfg.obj
-input=DefaultBuild\Os_Alarm_Cfg.obj
-input=DefaultBuild\Os_Appl_Cfg.obj
-input=DefaultBuild\Os_Barrier_Cfg.obj
-input=DefaultBuild\Os_Cfg.obj
-input=DefaultBuild\Os_Counter_Cfg.obj
-input=DefaultBuild\Os_Debug_Cfg.obj
-input=DefaultBuild\Os_Event_Cfg.obj
-input=DefaultBuild\Os_Interrupt_Cfg.obj
-input=DefaultBuild\Os_Intvet.obj
-input=DefaultBuild\Os_Osm_Cfg.obj
-input=DefaultBuild\Os_Peripheral_Cfg.obj
-input=DefaultBuild\Os_ReadyQue_Cfg.obj
-input=DefaultBuild\Os_Resource_Cfg.obj
-input=DefaultBuild\Os_ScheduleTable_Cfg.obj
-input=DefaultBuild\Os_Spinlock_Cfg.obj
-input=DefaultBuild\Os_Task_Cfg.obj
-input=DefaultBuild\Os_Tprot_Cfg.obj
-input=DefaultBuild\Os_TrustedFunc_Cfg.obj
-input=DefaultBuild\Os_UserInf.obj
-input=DefaultBuild\PduR_Cfg.obj
-input=DefaultBuild\PduR_PBcfg.obj
-input=DefaultBuild\Rte_Dcm.obj
-input=DefaultBuild\Rte_Dem.obj
-input=DefaultBuild\Rte_E2EXf.obj
-input=DefaultBuild\Rte_E2EXf_LCfg.obj
-input=DefaultBuild\Rte_Xf_Cfg.obj
-input=DefaultBuild\SecOC_Callout.obj
-input=DefaultBuild\SecOC_Cfg.obj
-input=DefaultBuild\StbM_Cfg.obj
-input=DefaultBuild\WdgIf_Cfg.obj
-input=DefaultBuild\WdgM_Cfg.obj
-input=DefaultBuild\Os_Core_Cfg.obj
-input=DefaultBuild\Os_Mprot_Cfg.obj
-input=DefaultBuild\Rte.obj
-input=DefaultBuild\Rte_Cbk.obj
-input=DefaultBuild\Rte_Cbk_User.obj
-input=DefaultBuild\SchM.obj
-input=DefaultBuild\SchM_CanIf.obj
-input=DefaultBuild\SchM_CanNm.obj
-input=DefaultBuild\SchM_CanSM.obj
-input=DefaultBuild\SchM_CanTp.obj
-input=DefaultBuild\SchM_CanTSyn.obj
-input=DefaultBuild\SchM_Com.obj
-input=DefaultBuild\SchM_ComM.obj
-input=DefaultBuild\SchM_ComXf.obj
-input=DefaultBuild\SchM_CryIf.obj
-input=DefaultBuild\SchM_Crypto_ISoft.obj
-input=DefaultBuild\SchM_Csm.obj
-input=DefaultBuild\SchM_Dcm.obj
-input=DefaultBuild\SchM_Dem.obj
-input=DefaultBuild\SchM_EcuM.obj
-input=DefaultBuild\SchM_IpduM.obj
-input=DefaultBuild\SchM_KeyM.obj
-input=DefaultBuild\SchM_Nm.obj
-input=DefaultBuild\SchM_NVM.obj
-input=DefaultBuild\SchM_Os.obj
-input=DefaultBuild\SchM_PduR.obj
-input=DefaultBuild\SchM_SecOC.obj
-input=DefaultBuild\Adc_Hardware.obj
-input=DefaultBuild\Adc_PBcfg.obj
-input=DefaultBuild\Can_Lcfg.obj
-input=DefaultBuild\Can_PBcfg.obj
-input=DefaultBuild\Dio_Hardware.obj
-input=DefaultBuild\Dio_Lcfg.obj
-input=DefaultBuild\Fls_Hardware.obj
-input=DefaultBuild\Fls_PBcfg.obj
-input=DefaultBuild\Gpt_Hardware.obj
-input=DefaultBuild\Gpt_PBcfg.obj
-input=DefaultBuild\Mcu_Hardware.obj
-input=DefaultBuild\Mcu_Lcfg.obj
-input=DefaultBuild\Mcu_PBcfg.obj
-input=DefaultBuild\Port_Hardware.obj
-input=DefaultBuild\Port_PBcfg.obj
-input=DefaultBuild\Wdg_59_DriverA_Hardware.obj
-input=DefaultBuild\Wdg_59_DriverA_PBcfg.obj
-input=DefaultBuild\Wdg_59_DriverB_Hardware.obj
-input=DefaultBuild\Wdg_59_DriverB_PBcfg.obj
-input=DefaultBuild\CryIf.obj
-input=DefaultBuild\Crypto_internal.obj
-input=DefaultBuild\Crypto_ISoft.obj
-input=DefaultBuild\aes.obj
-input=DefaultBuild\dh.obj
-input=DefaultBuild\sha256.obj
-input=DefaultBuild\cmac.obj
-input=DefaultBuild\ctr_drbg.obj
-input=DefaultBuild\rsa.obj
-input=DefaultBuild\Csm.obj
-input=DefaultBuild\Csm_Cbk.obj
-input=DefaultBuild\Csm_DetCheck.obj
-input=DefaultBuild\Crc.obj
-input=DefaultBuild\E2E.obj
-input=DefaultBuild\E2E_P01.obj
-input=DefaultBuild\E2E_P02.obj
-input=DefaultBuild\E2E_P04.obj
-input=DefaultBuild\E2E_P05.obj
-input=DefaultBuild\E2E_P06.obj
-input=DefaultBuild\E2E_P07.obj
-input=DefaultBuild\E2E_P11.obj
-input=DefaultBuild\E2E_P22.obj
-input=DefaultBuild\ilib_mem.obj
-input=DefaultBuild\ilib_memheap.obj
-input=DefaultBuild\Adc.obj
-input=DefaultBuild\Adc_Irq.obj
-input=DefaultBuild\Adc_Private.obj
-input=DefaultBuild\Adc_Ram.obj
-input=DefaultBuild\Adc_Version.obj
-input=DefaultBuild\Can.obj
-input=DefaultBuild\Can_Irq.obj
-input=DefaultBuild\Can_MainServ.obj
-input=DefaultBuild\Can_ModeCntrl.obj
-input=DefaultBuild\Can_Ram.obj
-input=DefaultBuild\Can_RamTest.obj
-input=DefaultBuild\Can_Version.obj
-input=DefaultBuild\Can_Write.obj
-input=DefaultBuild\Dio.obj
-input=DefaultBuild\Dio_Ram.obj
-input=DefaultBuild\Dio_Version.obj
-input=DefaultBuild\Fls.obj
-input=DefaultBuild\Fls_Internal.obj
-input=DefaultBuild\Fls_Irq.obj
-input=DefaultBuild\Fls_Private_Fcu.obj
-input=DefaultBuild\Fls_Ram.obj
-input=DefaultBuild\Fls_Version.obj
-input=DefaultBuild\Gpt.obj
-input=DefaultBuild\Gpt_Irq.obj
-input=DefaultBuild\Gpt_LLDriver.obj
-input=DefaultBuild\Gpt_Ram.obj
-input=DefaultBuild\Gpt_Version.obj
-input=DefaultBuild\Mcu.obj
-input=DefaultBuild\Mcu_Irq.obj
-input=DefaultBuild\Mcu_Ram.obj
-input=DefaultBuild\Mcu_Version.obj
-input=DefaultBuild\Port.obj
-input=DefaultBuild\Port_Ram.obj
-input=DefaultBuild\Port_Version.obj
-input=DefaultBuild\Det.obj
-input=DefaultBuild\SchM_Adc.obj
-input=DefaultBuild\SchM_Can.obj
-input=DefaultBuild\SchM_Dio.obj
-input=DefaultBuild\SchM_Fls.obj
-input=DefaultBuild\SchM_Gpt.obj
-input=DefaultBuild\SchM_Icu.obj
-input=DefaultBuild\SchM_Mcu.obj
-input=DefaultBuild\SchM_Port.obj
-input=DefaultBuild\SchM_Pwm.obj
-input=DefaultBuild\SchM_Spi.obj
-input=DefaultBuild\SchM_Wdg_59_DriverA.obj
-input=DefaultBuild\SchM_Wdg_59_DriverB.obj
-input=DefaultBuild\Wdg_59_DriverA.obj
-input=DefaultBuild\Wdg_59_DriverA_Irq.obj
-input=DefaultBuild\Wdg_59_DriverA_Private.obj
-input=DefaultBuild\Wdg_59_DriverA_Ram.obj
-input=DefaultBuild\Wdg_59_DriverA_Version.obj
-input=DefaultBuild\Wdg_59_DriverB.obj
-input=DefaultBuild\Wdg_59_DriverB_Irq.obj
-input=DefaultBuild\Wdg_59_DriverB_Private.obj
-input=DefaultBuild\Wdg_59_DriverB_Ram.obj
-input=DefaultBuild\Wdg_59_DriverB_Version.obj
-input=DefaultBuild\EEIf.obj
-input=DefaultBuild\Fee.obj
-input=DefaultBuild\MemIf.obj
-input=DefaultBuild\NvM.obj
-input=DefaultBuild\NvM_Inter.obj
-input=DefaultBuild\BswM.obj
-input=DefaultBuild\BswM_AvbAction.obj
-input=DefaultBuild\BswM_Bsw.obj
-input=DefaultBuild\BswM_CanSM.obj
-input=DefaultBuild\BswM_ComM.obj
-input=DefaultBuild\BswM_Dcm.obj
-input=DefaultBuild\BswM_DetCheck.obj
-input=DefaultBuild\BswM_EcuM.obj
-input=DefaultBuild\BswM_EthIf.obj
-input=DefaultBuild\BswM_EthSM.obj
-input=DefaultBuild\BswM_FrSM.obj
-input=DefaultBuild\BswM_J1939Dcm.obj
-input=DefaultBuild\BswM_J1939Nm.obj
-input=DefaultBuild\BswM_LinSM.obj
-input=DefaultBuild\BswM_LinTp.obj
-input=DefaultBuild\BswM_Nm.obj
-input=DefaultBuild\BswM_NvM.obj
-input=DefaultBuild\BswM_Sd.obj
-input=DefaultBuild\BswM_Swc.obj
-input=DefaultBuild\BswM_TimerControl.obj
-input=DefaultBuild\BswM_WdgM.obj
-input=DefaultBuild\ComM.obj
-input=DefaultBuild\ComM_Ch.obj
-input=DefaultBuild\ComM_Pnc.obj
-input=DefaultBuild\Dem.obj
-input=DefaultBuild\Dem_Dcm.obj
-input=DefaultBuild\Dem_Ext.obj
-input=DefaultBuild\Dem_J1939.obj
-input=DefaultBuild\Dem_OBD.obj
-input=DefaultBuild\Dem_SubExt.obj
-input=DefaultBuild\EcuM.obj
-input=DefaultBuild\EcuM_AlarmClock.obj
-input=DefaultBuild\EcuM_Shutdown.obj
-input=DefaultBuild\EcuM_Sleep.obj
-input=DefaultBuild\EcuM_StartUp.obj
-input=DefaultBuild\EcuM_Up.obj
-input=DefaultBuild\Os_Adapt.obj
-input=DefaultBuild\Os_Extend.obj
-input=DefaultBuild\Os_Monitor.obj
-input=DefaultBuild\Os_Osm_EventMonitor.obj
-input=DefaultBuild\Os_Osm_InterLockTime.obj
-input=DefaultBuild\Os_Osm_LoadRatio.obj
-input=DefaultBuild\Os_Osm_ScheduleCount.obj
-input=DefaultBuild\Os_Osm_TaskResponseTime.obj
-input=DefaultBuild\Os_Alarm.obj
-input=DefaultBuild\Os_Appl.obj
-input=DefaultBuild\Os_Barrier.obj
-input=DefaultBuild\Os_Core.obj
-input=DefaultBuild\Os_Counter.obj
-input=DefaultBuild\Os_Event.obj
-input=DefaultBuild\Os_FaultManager.obj
-input=DefaultBuild\Os_Hook.obj
-input=DefaultBuild\Os_Interrupt.obj
-input=DefaultBuild\Os_Kernel.obj
-input=DefaultBuild\Os_Mprot.obj
-input=DefaultBuild\Os_Peripheral.obj
-input=DefaultBuild\Os_ProtectHook.obj
-input=DefaultBuild\Os_ReadyQue.obj
-input=DefaultBuild\Os_Resource.obj
-input=DefaultBuild\Os_Rpc.obj
-input=DefaultBuild\Os_ScheduleTable.obj
-input=DefaultBuild\Os_Spinlock.obj
-input=DefaultBuild\Os_Sprot.obj
-input=DefaultBuild\Os_StackMonitor.obj
-input=DefaultBuild\Os_Task.obj
-input=DefaultBuild\Os_Tprot.obj
-input=DefaultBuild\Os_TrustedFunc.obj
-input=DefaultBuild\Os_Mcu_Core.obj
-input=DefaultBuild\Os_Mcu_Irq.obj
-input=DefaultBuild\Os_Mcu_Timer.obj
-input=DefaultBuild\Os_Arch_Irq.obj
-input=DefaultBuild\Os_Arch_Mpu.obj
-input=DefaultBuild\Os_Arch_PortAsm.obj
-input=DefaultBuild\Os_Arch_Processor.obj
-input=DefaultBuild\Os_Arch_Trap.obj
-input=DefaultBuild\StbM.obj
-input=DefaultBuild\WdgExt.obj
-input=DefaultBuild\WdgIf.obj
-input=DefaultBuild\WdgM.obj
-input=DefaultBuild\fvm.obj
-input=DefaultBuild\fvmCfg.obj
-input=DefaultBuild\crypto_lib.obj
-input=DefaultBuild\Vss.obj
-input=DefaultBuild\Vss_Adapter.obj
-input=DefaultBuild\Vss_Cfg.obj
-input=DefaultBuild\PowManager.obj
-input=DefaultBuild\Icu_Hardware.obj
-input=DefaultBuild\Icu_PBcfg.obj
-input=DefaultBuild\Icu.obj
-input=DefaultBuild\Icu_Irq.obj
-input=DefaultBuild\Icu_LLDriver.obj
-input=DefaultBuild\Icu_Ram.obj
-input=DefaultBuild\Icu_Version.obj
-input=DefaultBuild\Uds_Test.obj
-input=DefaultBuild\crypto_data_table.obj
-input=DefaultBuild\batteryHal.obj
-input=DefaultBuild\canHal.obj
-input=DefaultBuild\logHal.obj
-input=DefaultBuild\mpuHal.obj
-input=DefaultBuild\osHal.obj
-input=DefaultBuild\peripheralHal.obj
-input=DefaultBuild\timerHal.obj
-input=DefaultBuild\crc8_16_32.obj
-input=DefaultBuild\batterySdk.obj
-input=DefaultBuild\canPassthroughSdk.obj
-input=DefaultBuild\mpuPowerSyncSdk.obj
-input=DefaultBuild\powerManageSdk.obj
-input=DefaultBuild\remoteControlSdk.obj
-input=DefaultBuild\stateSyncSdk.obj
-input=DefaultBuild\timeSyncSdk.obj
-input=DefaultBuild\projectConfigure.obj
-input=DefaultBuild\version.obj
-input=DefaultBuild\canPeriodTask.obj
-input=DefaultBuild\remoteControlTask.obj
-input=DefaultBuild\mcuMpuSyncTask.obj
-input=DefaultBuild\taskPowerManage.obj
-input=DefaultBuild\canMsgDynamicConfigure.obj
-input=DefaultBuild\canMsgToMpu.obj
-input=DefaultBuild\taskVehicleDataToMpu.obj
-input=DefaultBuild\r_cg_riic.obj
-input=DefaultBuild\r_cg_riic_user.obj
-input=DefaultBuild\r_cg_uart.obj
-input=DefaultBuild\r_cg_uart_user.obj
-input=DefaultBuild\r_port.obj
-input=DefaultBuild\parameterSyncSdk.obj
-input=DefaultBuild\ParameterStoreManageApp.obj
-input=DefaultBuild\taskDtcProcess.obj
-input=DefaultBuild\firmwareUpdateSdk.obj
-debug
-nocompress
-NOOPtimize
-output=DefaultBuild\SIRUN_R7F701583_5GTbox_CSPLUS_V81200_Project.abs
-library=v850e3v5\rhs8n.lib
-library=v850e3v5\libmalloc.lib
-list=DefaultBuild\SIRUN_R7F701583_5GTbox_CSPLUS_V81200_Project.map
-show=symbol,total_size
-start=RESET,EIINTTBL/0,.const,.INIT_DSEC.const,.INIT_BSEC.const,.text,.data/00058200,.data.R,.bss,.stack.bss/FEDD8000,set.bss/FEDF8000
-rom=.data=.data.R
-cpu=RAM=FEDD0000-FEDFFFFF,ROM=00000000-001FFFFF
-memory=high
-nologo
-end

*** Error information ***

W0561322:Section alignment mismatch : ".text"
W0561100:Cannot find "set.bss" specified in option "start"

*** Mapping List ***

SECTION                            START      END         SIZE   ALIGN
RESET
                                  00000000  000001f7       1f8   200
EIINTTBL
                                  00000200  000009ff       800   200
.const
                                  00058200  000a0ba3     489a4   4
.INIT_DSEC.const
                                  000a0ba4  000a0baf         c   4
.INIT_BSEC.const
                                  000a0bb0  000a0bb7         8   4
.text
                                  000a0c00  0011627d     7567e   200
.data
                                  00116280  001182c3      2044   4
.data.R
                                  fedd8000  fedda043      2044   4
.bss
                                  fedda044  fedf88bf     1e87c   4
.stack.bss
                                  fedf88c0  fedf8abf       200   4

*** Total Section Size ***

RAMDATA SECTION:  00020ac0 Byte(s)
ROMDATA SECTION:  0004b1fc Byte(s)
PROGRAM SECTION:  00075876 Byte(s)

*** Symbol List ***

SECTION=
FILE=                               START        END    SIZE
  SYMBOL                            ADDR        SIZE    INFO      COUNTS  OPT

SECTION=RESET
FILE=DefaultBuild\boot.obj
                                  00000000  000001f7       1f8

SECTION=EIINTTBL
FILE=DefaultBuild\boot.obj
                                  00000200  000009ff       800

SECTION=.const
FILE=DefaultBuild\main.obj
                                  00058200  0005820b         c
FILE=DefaultBuild\Queue_Fifo.obj
                                  0005820c  00058214         9
FILE=DefaultBuild\CanSM.obj
                                  00058218  00058237        20
  _CanSM_DoBehaviors.5.CanSM_MainFunction
                                  00058218        20   data ,l         * 
FILE=DefaultBuild\CanTp.obj
                                  00058238  0005823f         8
FILE=DefaultBuild\Nm.obj
                                  00058240  00058287        48
FILE=DefaultBuild\BswM_Cfg.obj
                                  00058288  0005830b        84
  _BswM_EventRqstPort_ComMInitRstIdx_Core0_Par0.1
                                  00058288         1   data ,l         * 
  _BswM_EvRqstSrc_Core0_Par0.2
                                  0005828c        18   data ,l         * 
  _BswM_CanSmInitState_Core0_Par0.3
                                  000582a4         4   data ,l         * 
  _BswM_DcmInitMode_Core0_Par0.4
                                  000582a8         1   data ,l         * 
  _BswM_EcumWkInitstate_Core0_Par0.5
                                  000582a9         1   data ,l         * 
  _BswM_GenRqstInitMode_Core0_Par0.6
                                  000582aa         2   data ,l         * 
  _BswM_ModeRqstSrc_Core0_Par0.7
                                  000582ac        34   data ,l         * 
  _BswM_PartitionPCCfg_Core0.15
                                  000582e0        20   data ,l         * 
  _BswM_PCCfg.16
                                  00058300         8   data ,l         * 
  _BswM_CorePCCfg
                                  00058308         4   data ,g         * 
FILE=DefaultBuild\BswM_LCfg.obj
                                  0005830c  00058cd7       9cc
  _BswM_EvRqst_ComMInitReset_LCfg_Core0_Par0.1
                                  0005830c         c   data ,l         * 
  _BswM_EvRqstLCfg_Core0_Par0.2
                                  00058318        18   data ,l         * 
  _BswM_CanSMInd0Rule_Core0_Par0.3
                                  00058330         8   data ,l         * 
  _BswM_CansmInd_LCfg_Core0_Par0.4
                                  00058338         c   data ,l         * 
  _BswM_CansmIndChRef_Core0_Par0.5
                                  00058344         1   data ,l         * 
  _BswM_DcmComModeRqstInd0Rule_Core0_Par0.6
                                  00058345         7   data ,l         * 
  _BswM_DcmComModeRqst_LCfg_Core0_Par0.7
                                  0005834c         c   data ,l         * 
  _BswM_DcmChRef_Core0_Par0.8
                                  00058358         1   data ,l         * 
  _BswM_EcuMState0Rule_Core0_Par0.9
                                  00058359         1   data ,l         * 
  _BswM_EcuMState_LCfg_Core0_Par0.10
                                  0005835c         c   data ,l         * 
  _BswM_EcuMWkSrcRqstInd0Rule_Core0_Par0.11
                                  00058368         4   data ,l         * 
  _BswM_EcuMWkSrcRqstInd1Rule_Core0_Par0.12
                                  0005836c         2   data ,l         * 
  _BswM_EcuMWkSrcRqst_LCfg_Core0_Par0.13
                                  00058370        18   data ,l         * 
  _BswM_EcuMWkSrcRef_Core0_Par0.14
                                  00058388         8   data ,l         * 
  _BswM_GeneRqstInd0Rule_Core0_Par0.15
                                  00058390         2   data ,l         * 
  _BswM_GeneRqstInd1Rule_Core0_Par0.16
                                  00058392         4   data ,l         * 
  _BswM_GeneRqstInd2Rule_Core0_Par0.17
                                  00058396         1   data ,l         * 
  _BswM_GeneRqst_LCfg_Core0_Par0.18
                                  00058398        24   data ,l         * 
  _BswM_GenRqstUserRef_Core0_Par0.19
                                  000583bc         6   data ,l         * 
  _BswM_ModeRqstLCfg_Core0_Par0.20
                                  000583c4        34   data ,l         * 
  _BswM_Rule0TrueActList_Core0_Par0.21
                                  000583f8         1   data ,l         * 
  _BswM_Rule1TrueActList_Core0_Par0.22
                                  000583f9         1   data ,l         * 
  _BswM_Rule2TrueActList_Core0_Par0.23
                                  000583fa         1   data ,l         * 
  _BswM_Rule3TrueActList_Core0_Par0.24
                                  000583fb         1   data ,l         * 
  _BswM_Rule4TrueActList_Core0_Par0.25
                                  000583fc         1   data ,l         * 
  _BswM_Rule5TrueActList_Core0_Par0.26
                                  000583fd         1   data ,l         * 
  _BswM_Rule6TrueActList_Core0_Par0.27
                                  000583fe         1   data ,l         * 
  _BswM_Rule7TrueActList_Core0_Par0.28
                                  000583ff         1   data ,l         * 
  _BswM_Rule8TrueActList_Core0_Par0.29
                                  00058400         1   data ,l         * 
  _BswM_Rule9TrueActList_Core0_Par0.30
                                  00058401         1   data ,l         * 
  _BswM_Rule10TrueActList_Core0_Par0.31
                                  00058402         1   data ,l         * 
  _BswM_Rule11TrueActList_Core0_Par0.32
                                  00058403         1   data ,l         * 
  _BswM_Rule12TrueActList_Core0_Par0.33
                                  00058404         1   data ,l         * 
  _BswM_Rule13TrueActList_Core0_Par0.34
                                  00058405         1   data ,l         * 
  _BswM_Rule14TrueActList_Core0_Par0.35
                                  00058406         1   data ,l         * 
  _BswM_Rule15TrueActList_Core0_Par0.36
                                  00058407         1   data ,l         * 
  _BswM_Rule16FalseActList_Core0_Par0.37
                                  00058408         1   data ,l         * 
  _BswM_Rule16TrueActList_Core0_Par0.38
                                  00058409         1   data ,l         * 
  _BswM_Rule17TrueActList_Core0_Par0.39
                                  0005840a         1   data ,l         * 
  _BswM_RuleLCfg_Core0_Par0.40
                                  0005840c       168   data ,l         * 
  _BswM_ActListItemsRefAction_Core0_Par0.41
                                  00058574       108   data ,l         * 
  _BswM_ActList0Ref_Core0_Par0.42
                                  0005867c         c   data ,l         * 
  _BswM_ActList1Ref_Core0_Par0.43
                                  00058688         c   data ,l         * 
  _BswM_ActList2Ref_Core0_Par0.44
                                  00058694         c   data ,l         * 
  _BswM_ActList3Ref_Core0_Par0.45
                                  000586a0         c   data ,l         * 
  _BswM_ActList4Ref_Core0_Par0.46
                                  000586ac         c   data ,l         * 
  _BswM_ActList5Ref_Core0_Par0.47
                                  000586b8         c   data ,l         * 
  _BswM_ActList6Ref_Core0_Par0.48
                                  000586c4        54   data ,l         * 
  _BswM_ActList7Ref_Core0_Par0.49
                                  00058718         c   data ,l         * 
  _BswM_ActList8Ref_Core0_Par0.50
                                  00058724        18   data ,l         * 
  _BswM_ActList9Ref_Core0_Par0.51
                                  0005873c        18   data ,l         * 
  _BswM_ActList10Ref_Core0_Par0.52
                                  00058754         c   data ,l         * 
  _BswM_ActList11Ref_Core0_Par0.53
                                  00058760         c   data ,l         * 
  _BswM_ActList12Ref_Core0_Par0.54
                                  0005876c         c   data ,l         * 
  _BswM_ActList13Ref_Core0_Par0.55
                                  00058778        18   data ,l         * 
  _BswM_ActList14Ref_Core0_Par0.56
                                  00058790        18   data ,l         * 
  _BswM_ActList15Ref_Core0_Par0.57
                                  000587a8        18   data ,l         * 
  _BswM_ActList16Ref_Core0_Par0.58
                                  000587c0        18   data ,l         * 
  _BswM_ActList17Ref_Core0_Par0.59
                                  000587d8         c   data ,l         * 
  _BswM_ActList18Ref_Core0_Par0.60
                                  000587e4         c   data ,l         * 
  _BswM_ActList19Ref_Core0_Par0.61
                                  000587f0         c   data ,l         * 
  _BswM_ActList20Ref_Core0_Par0.62
                                  000587fc         c   data ,l         * 
  _BswM_ActionListItemsLCfg_Core0_Par0.63
                                  00058808       210   data ,l         * 
  _BswM_ActionListLCfg_Core0_Par0.64
                                  00058a18       150   data ,l         * 
  _BswM_AllowComMLCfg_Core0_Par0.65
                                  00058b68         4   data ,l         * 
  _BswM_ComMModeSwiLCfg_Core0_Par0.66
                                  00058b6c         4   data ,l         * 
  _BswM_ComEnAbleDmGruLCfg_Core0_Par0.67
                                  00058b70         2   data ,l         * 
  _BswM_ComDisAbleDmGruLCfg_Core0_Par0.68
                                  00058b72         2   data ,l         * 
  _BswM_ComDmCtrlLCfg_Core0_Par0.69
                                  00058b74        40   data ,l         * 
  _BswM_ComEnAblePduGruLCfg_Core0_Par0.70
                                  00058bb4         4   data ,l         * 
  _BswM_ComDisAblePduGruLCfg_Core0_Par0.71
                                  00058bb8         2   data ,l         * 
  _BswM_ComPduGruCtrlLCfg_Core0_Par0.72
                                  00058bbc        78   data ,l         * 
  _BswM_EcuMDrvInitListLCfg_Core0_Par0.73
                                  00058c34         2   data ,l         * 
  _BswM_EcuMGoDownHaltPollLCfg_Core0_Par0.74
                                  00058c36         2   data ,l         * 
  _BswM_EcuMStateSwitchLCfg_Core0_Par0.75
                                  00058c38         2   data ,l         * 
  _BswM_NmControlLCfg_Core0_Par0.76
                                  00058c3c        10   data ,l         * 
  _BswM_PdurPathIdsLCfg_Core0_Par0.77
                                  00058c4c         4   data ,l         * 
  _BswM_PdurCtrlInit1_Core0_Par0.78
                                  00058c50         1   data ,l         * 
  _BswM_PdurCtrlLCfg_Core0_Par0.79
                                  00058c54        20   data ,l         * 
  _BswM_UserCallLCfg_Core0_Par0.80
                                  00058c74         c   data ,l         * 
  _BswM_ActionItemsLCfg_Core0_Par0.81
                                  00058c80        28   data ,l         * 
  _BswM_PartitionLCfg_Core0.83
                                  00058ca8        28   data ,l         * 
  _BswM_LCfg.84
                                  00058cd0         4   data ,l         * 
  _BswM_CoreLinkCfg
                                  00058cd4         4   data ,g         * 
FILE=DefaultBuild\CanIf_Cfg.obj
                                  00058cd8  00058cf3        1c
  _CanIf_DispatchConfigData
                                  00058cd8         c   data ,g         * 
  _Can_DriverApi
                                  00058ce4         8   data ,g         * 
  _CanIf_CtrlCfgData
                                  00058cec         8   data ,g         * 
FILE=DefaultBuild\CanIf_PBcfg.obj
                                  00058cf4  0005a017      1324
  _CanIf_HrhRxPduRef.1
                                  00058cf4        f4   data ,l         * 
  _CanIf_HrhCfgData.2
                                  00058de8        10   data ,l         * 
  _CanIf_HthCfgData.3
                                  00058df8        10   data ,l         * 
  _CanIf_RxCanIdRange.4
                                  00058e08         8   data ,l         * 
  _CanIf_RxPduConfigData.5
                                  00058e10       d58   data ,l         * 
  _CanIf_TxPduConfigData.6
                                  00059b68       480   data ,l         * 
  _CanIf_TxBufferSizeCfg.9
                                  00059fe8         1   data ,l         * 
  _CanIf_InitCfgSet
                                  00059fec        20   data ,g         * 
  _CanIf_Can0Hoh2HrhId.10
                                  0005a00c         2   data ,l         * 
  _CanIf_CanHoh2Hrh
                                  0005a010         8   data ,g         * 
FILE=DefaultBuild\CanNm_Cfg.obj
                                  0005a018  0005a063        4c
  _CanNm_RxPduData.1
                                  0005a018         2   data ,l         * 
  _CanNm_TxPduData.2
                                  0005a01a         6   data ,l         * 
  _CanNM_UserDataTxPdu.3
                                  0005a020         4   data ,l         * 
  _CanNm_ChannelCfgData.4
                                  0005a024        38   data ,l         * 
  _CanNm_Config
                                  0005a05c         8   data ,g         * 
FILE=DefaultBuild\CanSM_Cfg.obj
                                  0005a064  0005a09b        38
  _CanSM_MN_0ControllerId.1
                                  0005a064         1   data ,l         * 
  _CanSM_ControllerConfig.2
                                  0005a068         8   data ,l         * 
  _CanSMManagerNetwork_0_DemEvtBusOff.3
                                  0005a070         2   data ,l         * 
  _CanSM_DemEventParameter.4
                                  0005a074         8   data ,l         * 
  _CanSM_NetworkConfig.5
                                  0005a07c        18   data ,l         * 
  _CanSM_Config
                                  0005a094         8   data ,g         * 
FILE=DefaultBuild\CanTp_PBcfg.obj
                                  0005a09c  0005a1a3       108
  _CanTp_Ch0RxSdu0Nar.1
                                  0005a09c         4   data ,l         * 
  _CanTp_Ch0RxSdu0Ncr.2
                                  0005a0a0         4   data ,l         * 
  _CanTp_Ch0RxSdu0Bs.3
                                  0005a0a4         1   data ,l         * 
  _CanTp_Ch0RxSdu0RxWftMax.4
                                  0005a0a5         1   data ,l         * 
  _CanTp_Ch0RxSdu0STmin.5
                                  0005a0a6         1   data ,l         * 
  _CanTp_Ch0RxSdu1Nar.6
                                  0005a0a8         4   data ,l         * 
  _CanTp_Ch0RxSdu1Ncr.7
                                  0005a0ac         4   data ,l         * 
  _CanTp_Ch0RxSdu1Bs.8
                                  0005a0b0         1   data ,l         * 
  _CanTp_Ch0RxSdu1RxWftMax.9
                                  0005a0b1         1   data ,l         * 
  _CanTp_Ch0RxSdu1STmin.10
                                  0005a0b2         1   data ,l         * 
  _CanTp_Ch0RxNSdus.11
                                  0005a0b4        88   data ,l         * 
  _CanTp_Ch0TxSdu0Nbs.12
                                  0005a13c         4   data ,l         * 
  _CanTp_Ch0TxSdu0Ncs.13
                                  0005a140         4   data ,l         * 
  _CanTp_Ch0TxNSdus.14
                                  0005a144        38   data ,l         * 
  _CanTp_CfgChannel.15
                                  0005a17c        20   data ,l         * 
  _CanTp_Config
                                  0005a19c         8   data ,g         * 
FILE=DefaultBuild\CanTSyn_Cfg.obj
                                  0005a1a4  0005a213        70
  _CanTSyn_GlobalTimeSyncDataIDList.1
                                  0005a1a4        20   data ,l         * 
  _CanTSyn_GlobalTimeFupDataIDList.2
                                  0005a1c4        20   data ,l         * 
  _CanTSyn_GlobalTimeSlave.3
                                  0005a1e4        10   data ,l         * 
  _CanTSyn_GlobalTimeDomain.4
                                  0005a1f4        1c   data ,l         * 
  _CanTSyn_config
                                  0005a210         4   data ,g         * 
FILE=DefaultBuild\ComM_PBCfg.obj
                                  0005a214  0005a26b        58
  _ComM_UserDirectMapChanelTable.1
                                  0005a214         1   data ,l         * 
  _ComM_UserMapAllChanelTable.2
                                  0005a215         1   data ,l         * 
  _ComM_UserInChanelIdexTable.3
                                  0005a216         1   data ,l         * 
  _ComM_UserCfg.4
                                  0005a218        18   data ,l         * 
  _ComM_BusSmCfgTable.5
                                  0005a230         8   data ,l         * 
  _ComM_DcmNotifyId.7
                                  0005a238         1   data ,l         * 
  _ComM_ChannelConfig.8
                                  0005a23c        24   data ,l         * 
  _ComM_Config
                                  0005a260         c   data ,g         * 
FILE=DefaultBuild\Com_Callout.obj
                                  0005a26c  0005a323        b8
FILE=DefaultBuild\Com_PBcfg.obj
                                  0005a324  0006646f      c14c
  _Com_TxIPduInitValue
                                  0005a324       21e   data ,g         * 
  _Com_RxIPduInitValue
                                  0005a542       555   data ,g         * 
  _Com_SignalBoolInitValue
                                  0005aa97       150   data ,g         * 
  _Com_Signal8BitInitValue
                                  0005abe7       331   data ,g         * 
  _Com_Signal16BitInitValue
                                  0005af18        cc   data ,g         * 
  _Com_Signal32BitInitValue
                                  0005afe4        c4   data ,g         * 
  _Com_Signal64BitInitValue
                                  0005b0a8        d0   data ,g         * 
  _Com_Signal8BitInvalidValue
                                  0005b178         1   data ,g         * 
  _Com_Signal16BitInvalidValue
                                  0005b17a         6   data ,g         * 
  _Com_RxIPduInitState
                                  0005b180       3b0   data ,g         * 
  _Com_TxIPduInitState
                                  0005b530       370   data ,g         * 
  _Com_RxSignalFirstTimeoutVal
                                  0005b8a0         c   data ,g         * 
  _Com_RxSignalTimeoutVal
                                  0005b8ac         c   data ,g         * 
  _Com_TimeoutRxSignalRef
                                  0005b8b8         c   data ,g         * 
  _Com_RxSignalDataTimeoutActionCfg
                                  0005b8c4        18   data ,g         * 
  _Com_RxSignalTimeoutNotificationCfg
                                  0005b8dc        18   data ,g         * 
  _Com_RxSigGrpFirstTimeoutVal
                                  0005b8f4         2   data ,g         * 
  _Com_RxSigGrpTimeoutVal
                                  0005b8f6         2   data ,g         * 
  _Com_TimeoutRxSigGrpRef
                                  0005b8f8         1   data ,g         * 
  _Com_RxSigGrpDataTimeoutActionCfg
                                  0005b8fc         4   data ,g         * 
  _Com_RxSigGrpTimeoutNotificationCfg
                                  0005b900         4   data ,g         * 
  _Com_RxIPdu.1
                                  0005b904      1098   data ,l         * 
  _Com_RxIPduGroupsRef
                                  0005c99c        76   data ,g         * 
  _Com_TxIPduGroupsRef
                                  0005ca12        2b   data ,g         * 
  _Com_TxModeTruePeriod
                                  0005ca3e        78   data ,g         * 
  _Com_TxModeTrueDirectRepetitions
                                  0005cab6        30   data ,g         * 
  _Com_TxIPdu.2
                                  0005cae8       840   data ,l         * 
  _Com_RxSignal.3
                                  0005d328      3074   data ,l         * 
  _Com_TxSignalErrorAndNotification
                                  0006039c       3c0   data ,g         * 
  _Com_TxSignal.4
                                  0006075c      1e00   data ,l         * 
  _Com_RxSignalGroup.5
                                  0006255c       198   data ,l         * 
  _Com_TxSignalGroupErrorAndNotification
                                  000626f4        20   data ,g         * 
  _Com_TxSignalGroup.6
                                  00062714        60   data ,l         * 
  _Com_RxGroupSignal.7
                                  00062774      3750   data ,l         * 
  _Com_TxGroupSignal.8
                                  00065ec4       55c   data ,l         * 
  _Com_MainFunctionRxRange.9
                                  00066420         2   data ,l         * 
  _Com_MainFunctionTxRange.10
                                  00066422         2   data ,l         * 
  _Com_PBConfigData
                                  00066424        4c   data ,g         * 
FILE=DefaultBuild\CryIf_Cfg.obj
                                  00066470  000664ab        3c
  _CryIf_KeyCfg
                                  00066470         8   data ,g         * 
  _CryIf_DriverApi
                                  00066478        34   data ,g         * 
FILE=DefaultBuild\Crypto_ISoft_Cfg.obj
                                  000664ac  0006650f        64
  _CryptoKeyElement_0.4
                                  000664ac        48   data ,l         * 
  _Crypto_Isoft_KeyType.5
                                  000664f4         8   data ,l         * 
  _Crypto_Key
                                  000664fc         8   data ,g         * 
  _Crypto_DriverObjects
                                  00066504         c   data ,g         * 
FILE=DefaultBuild\Csm_Cfg.obj
                                  00066510  000665af        a0
  _Csm_MacGeneratePrimInfo_0.1
                                  00066510        18   data ,l         * 
  _Csm_MacVerifyPrimInfo_0.2
                                  00066528        18   data ,l         * 
  _Csm_JobPrimitiveInfo.3
                                  00066540        28   data ,l         * 
  _Csm_JobInfo.4
                                  00066568        10   data ,l         * 
  _Csm_JobCfg
                                  00066578        28   data ,g         * 
  _Csm_QueCfg
                                  000665a0         8   data ,g         * 
  _Csm_KeyCfg
                                  000665a8         8   data ,g         * 
FILE=DefaultBuild\Dcm_Cfg.obj
                                  000665b0  000665b7         8
  _Dcm_GeneralCfg
                                  000665b0         8   data ,g         * 
FILE=DefaultBuild\Dcm_PBcfg.obj
                                  000665b8  0006a7af      41f8
  _DcmDspDIDcheckPerSourceDID.1
                                  000665b8         1   data ,l         * 
  _Dcm_DspControlDTCSettingCfg.2
                                  000665b9         1   data ,l         * 
  _Dcm_DspComControlAllChannelCfg.3
                                  000665ba         2   data ,l         * 
  _Dcm_DspComControlCfg.4
                                  000665bc        1c   data ,l         * 
  _CommonAuthorization_0_SesRef.5
                                  000665d8         1   data ,l         * 
  _CommonAuthorization_1_SecRef.6
                                  000665d9         1   data ,l         * 
  _CommonAuthorization_1_SesRef.7
                                  000665da         1   data ,l         * 
  _Dcm_DspCommonAuthorizationCfg.8
                                  000665dc        20   data ,l         * 
  _Dcm_DspDataCfg.9
                                  000665fc      2730   data ,l         * 
  _Dcm_DidInfo_0_ReadCfg.10
                                  00068d2c        18   data ,l         * 
  _Dcm_DidInfo_1_ReadCfg.11
                                  00068d44        18   data ,l         * 
  _Dcm_DidInfo_2_ReadCfg.12
                                  00068d5c        18   data ,l         * 
  _Dcm_DidInfo_0_Write_SecRefCfg.13
                                  00068d74         1   data ,l         * 
  _Dcm_DidInfo_0_Write_SesRefCfg.14
                                  00068d75         1   data ,l         * 
  _Dcm_DidInfo_0_WriteCfg.15
                                  00068d78        18   data ,l         * 
  _Dcm_DidInfo_2_Write_SesRefCfg.16
                                  00068d90         1   data ,l         * 
  _Dcm_DidInfo_2_WriteCfg.17
                                  00068d94        18   data ,l         * 
  _Dcm_DspDidInfoCfg.18
                                  00068dac        30   data ,l         * 
  _Dcm_Did_F130_SignalCfg.19
                                  00068ddc         8   data ,l         * 
  _Dcm_Did_F18B_SignalCfg.20
                                  00068de4         8   data ,l         * 
  _Dcm_Did_F18C_SignalCfg.21
                                  00068dec         8   data ,l         * 
  _Dcm_Did_F190_SignalCfg.22
                                  00068df4         8   data ,l         * 
  _Dcm_Did_F198_SignalCfg.23
                                  00068dfc         8   data ,l         * 
  _Dcm_Did_F1A8_SignalCfg.24
                                  00068e04         8   data ,l         * 
  _Dcm_Did_F1A9_SignalCfg.25
                                  00068e0c         8   data ,l         * 
  _Dcm_Did_F100_SignalCfg.26
                                  00068e14         8   data ,l         * 
  _Dcm_Did_F110_SignalCfg.27
                                  00068e1c         8   data ,l         * 
  _Dcm_Did_F111_SignalCfg.28
                                  00068e24         8   data ,l         * 
  _Dcm_Did_F112_SignalCfg.29
                                  00068e2c         8   data ,l         * 
  _Dcm_Did_F113_SignalCfg.30
                                  00068e34         8   data ,l         * 
  _Dcm_Did_F114_SignalCfg.31
                                  00068e3c         8   data ,l         * 
  _Dcm_Did_F115_SignalCfg.32
                                  00068e44         8   data ,l         * 
  _Dcm_Did_F116_SignalCfg.33
                                  00068e4c         8   data ,l         * 
  _Dcm_Did_F117_SignalCfg.34
                                  00068e54         8   data ,l         * 
  _Dcm_Did_F118_SignalCfg.35
                                  00068e5c         8   data ,l         * 
  _Dcm_Did_F119_SignalCfg.36
                                  00068e64         8   data ,l         * 
  _Dcm_Did_F11A_SignalCfg.37
                                  00068e6c         8   data ,l         * 
  _Dcm_Did_F11B_SignalCfg.38
                                  00068e74         8   data ,l         * 
  _Dcm_Did_F11C_SignalCfg.39
                                  00068e7c         8   data ,l         * 
  _Dcm_Did_F11D_SignalCfg.40
                                  00068e84         8   data ,l         * 
  _Dcm_Did_F11E_SignalCfg.41
                                  00068e8c         8   data ,l         * 
  _Dcm_Did_F11F_SignalCfg.42
                                  00068e94         8   data ,l         * 
  _Dcm_Did_F120_SignalCfg.43
                                  00068e9c         8   data ,l         * 
  _Dcm_Did_F121_SignalCfg.44
                                  00068ea4         8   data ,l         * 
  _Dcm_Did_F131_SignalCfg.45
                                  00068eac         8   data ,l         * 
  _Dcm_Did_F183_SignalCfg.46
                                  00068eb4         8   data ,l         * 
  _Dcm_Did_F187_SignalCfg.47
                                  00068ebc         8   data ,l         * 
  _Dcm_Did_F18A_SignalCfg.48
                                  00068ec4         8   data ,l         * 
  _Dcm_Did_F191_SignalCfg.49
                                  00068ecc         8   data ,l         * 
  _Dcm_Did_F192_SignalCfg.50
                                  00068ed4         8   data ,l         * 
  _Dcm_Did_F194_SignalCfg.51
                                  00068edc         8   data ,l         * 
  _Dcm_Did_F1A0_SignalCfg.52
                                  00068ee4         8   data ,l         * 
  _Dcm_Did_F1A1_SignalCfg.53
                                  00068eec         8   data ,l         * 
  _Dcm_Did_F1A2_SignalCfg.54
                                  00068ef4         8   data ,l         * 
  _Dcm_Did_F1A5_SignalCfg.55
                                  00068efc         8   data ,l         * 
  _Dcm_Did_F1AA_SignalCfg.56
                                  00068f04         8   data ,l         * 
  _Dcm_Did_F1B5_SignalCfg.57
                                  00068f0c         8   data ,l         * 
  _Dcm_Did_F1B6_SignalCfg.58
                                  00068f14         8   data ,l         * 
  _Dcm_Did_C001_SignalCfg.59
                                  00068f1c         8   data ,l         * 
  _Dcm_Did_C002_SignalCfg.60
                                  00068f24         8   data ,l         * 
  _Dcm_Did_C003_SignalCfg.61
                                  00068f2c         8   data ,l         * 
  _Dcm_Did_C004_SignalCfg.62
                                  00068f34         8   data ,l         * 
  _Dcm_Did_C005_SignalCfg.63
                                  00068f3c         8   data ,l         * 
  _Dcm_Did_C006_SignalCfg.64
                                  00068f44         8   data ,l         * 
  _Dcm_Did_C007_SignalCfg.65
                                  00068f4c         8   data ,l         * 
  _Dcm_Did_C008_SignalCfg.66
                                  00068f54         8   data ,l         * 
  _Dcm_Did_C009_SignalCfg.67
                                  00068f5c         8   data ,l         * 
  _Dcm_Did_C00A_SignalCfg.68
                                  00068f64         8   data ,l         * 
  _Dcm_Did_C00B_SignalCfg.69
                                  00068f6c         8   data ,l         * 
  _Dcm_Did_C00C_SignalCfg.70
                                  00068f74         8   data ,l         * 
  _Dcm_Did_C00D_SignalCfg.71
                                  00068f7c         8   data ,l         * 
  _Dcm_Did_C011_SignalCfg.72
                                  00068f84         8   data ,l         * 
  _Dcm_Did_C012_SignalCfg.73
                                  00068f8c         8   data ,l         * 
  _Dcm_Did_C013_SignalCfg.74
                                  00068f94         8   data ,l         * 
  _Dcm_Did_C106_SignalCfg.75
                                  00068f9c         8   data ,l         * 
  _Dcm_Did_C109_SignalCfg.76
                                  00068fa4         8   data ,l         * 
  _Dcm_Did_C016_SignalCfg.77
                                  00068fac         8   data ,l         * 
  _Dcm_Did_C102_SignalCfg.78
                                  00068fb4         8   data ,l         * 
  _Dcm_Did_C014_SignalCfg.79
                                  00068fbc         8   data ,l         * 
  _Dcm_Did_C015_SignalCfg.80
                                  00068fc4         8   data ,l         * 
  _Dcm_Did_CA02_SignalCfg.81
                                  00068fcc         8   data ,l         * 
  _Dcm_Did_CA21_SignalCfg.82
                                  00068fd4         8   data ,l         * 
  _Dcm_Did_C305_SignalCfg.83
                                  00068fdc         8   data ,l         * 
  _Dcm_Did_C307_SignalCfg.84
                                  00068fe4         8   data ,l         * 
  _Dcm_Did_C308_SignalCfg.85
                                  00068fec         8   data ,l         * 
  _Dcm_Did_C309_SignalCfg.86
                                  00068ff4         8   data ,l         * 
  _Dcm_Did_C30A_SignalCfg.87
                                  00068ffc         8   data ,l         * 
  _Dcm_Did_C30C_SignalCfg.88
                                  00069004         8   data ,l         * 
  _Dcm_Did_CE01_SignalCfg.89
                                  0006900c         8   data ,l         * 
  _Dcm_Did_CE05_SignalCfg.90
                                  00069014         8   data ,l         * 
  _Dcm_Did_CE06_SignalCfg.91
                                  0006901c         8   data ,l         * 
  _Dcm_Did_CF00_SignalCfg.92
                                  00069024         8   data ,l         * 
  _Dcm_Did_C30D_SignalCfg.93
                                  0006902c         8   data ,l         * 
  _Dcm_Did_C306_SignalCfg.94
                                  00069034         8   data ,l         * 
  _Dcm_Did_112_SignalCfg.95
                                  0006903c         8   data ,l         * 
  _Dcm_Did_E101_SignalCfg.96
                                  00069044         8   data ,l         * 
  _Dcm_Did_10B_SignalCfg.97
                                  0006904c         8   data ,l         * 
  _Dcm_Did_D002_SignalCfg.98
                                  00069054         8   data ,l         * 
  _Dcm_Did_E010_SignalCfg.99
                                  0006905c         8   data ,l         * 
  _Dcm_Did_F186_SignalCfg.100
                                  00069064         8   data ,l         * 
  _Dcm_Did_D001_SignalCfg.101
                                  0006906c         8   data ,l         * 
  _Dcm_Did_B9C1_SignalCfg.102
                                  00069074         8   data ,l         * 
  _Dcm_Did_B000_SignalCfg.103
                                  0006907c         8   data ,l         * 
  _Dcm_Did_B001_SignalCfg.104
                                  00069084         8   data ,l         * 
  _Dcm_Did_B002_SignalCfg.105
                                  0006908c         8   data ,l         * 
  _Dcm_Did_B003_SignalCfg.106
                                  00069094         8   data ,l         * 
  _Dcm_Did_B004_SignalCfg.107
                                  0006909c         8   data ,l         * 
  _Dcm_Did_B005_SignalCfg.108
                                  000690a4         8   data ,l         * 
  _Dcm_Did_B006_SignalCfg.109
                                  000690ac         8   data ,l         * 
  _Dcm_Did_B00C_SignalCfg.110
                                  000690b4         8   data ,l         * 
  _Dcm_Did_B082_SignalCfg.111
                                  000690bc         8   data ,l         * 
  _Dcm_Did_B083_SignalCfg.112
                                  000690c4         8   data ,l         * 
  _Dcm_Did_B100_SignalCfg.113
                                  000690cc         8   data ,l         * 
  _Dcm_Did_B101_SignalCfg.114
                                  000690d4         8   data ,l         * 
  _Dcm_Did_B102_SignalCfg.115
                                  000690dc         8   data ,l         * 
  _Dcm_Did_B103_SignalCfg.116
                                  000690e4         8   data ,l         * 
  _Dcm_Did_B104_SignalCfg.117
                                  000690ec         8   data ,l         * 
  _Dcm_Did_B105_SignalCfg.118
                                  000690f4         8   data ,l         * 
  _Dcm_Did_B180_SignalCfg.119
                                  000690fc         8   data ,l         * 
  _Dcm_Did_B181_SignalCfg.120
                                  00069104         8   data ,l         * 
  _Dcm_Did_B182_SignalCfg.121
                                  0006910c         8   data ,l         * 
  _Dcm_Did_B183_SignalCfg.122
                                  00069114         8   data ,l         * 
  _Dcm_Did_B185_SignalCfg.123
                                  0006911c         8   data ,l         * 
  _Dcm_Did_B186_SignalCfg.124
                                  00069124         8   data ,l         * 
  _Dcm_Did_B187_SignalCfg.125
                                  0006912c         8   data ,l         * 
  _Dcm_Did_B200_SignalCfg.126
                                  00069134         8   data ,l         * 
  _Dcm_Did_B201_SignalCfg.127
                                  0006913c         8   data ,l         * 
  _Dcm_Did_B202_SignalCfg.128
                                  00069144         8   data ,l         * 
  _Dcm_Did_B210_SignalCfg.129
                                  0006914c         8   data ,l         * 
  _Dcm_Did_B211_SignalCfg.130
                                  00069154         8   data ,l         * 
  _Dcm_Did_B230_SignalCfg.131
                                  0006915c         8   data ,l         * 
  _Dcm_Did_B302_SignalCfg.132
                                  00069164         8   data ,l         * 
  _Dcm_Did_B931_SignalCfg.133
                                  0006916c         8   data ,l         * 
  _Dcm_Did_B9E4_SignalCfg.134
                                  00069174         8   data ,l         * 
  _Dcm_Did_AFF1_SignalCfg.135
                                  0006917c         8   data ,l         * 
  _Dcm_Did_AFF2_SignalCfg.136
                                  00069184         8   data ,l         * 
  _Dcm_Did_AFF5_SignalCfg.137
                                  0006918c         8   data ,l         * 
  _Dcm_Did_AFF6_SignalCfg.138
                                  00069194         8   data ,l         * 
  _Dcm_Did_BE01_SignalCfg.139
                                  0006919c         8   data ,l         * 
  _Dcm_Did_BE02_SignalCfg.140
                                  000691a4         8   data ,l         * 
  _Dcm_Did_BE04_SignalCfg.141
                                  000691ac         8   data ,l         * 
  _Dcm_Did_BE80_SignalCfg.142
                                  000691b4         8   data ,l         * 
  _Dcm_Did_BE05_SignalCfg.143
                                  000691bc         8   data ,l         * 
  _Dcm_Did_BE06_SignalCfg.144
                                  000691c4         8   data ,l         * 
  _Dcm_Did_BE0A_SignalCfg.145
                                  000691cc         8   data ,l         * 
  _Dcm_Did_D004_SignalCfg.146
                                  000691d4         8   data ,l         * 
  _Dcm_Did_100_SignalCfg.147
                                  000691dc         8   data ,l         * 
  _Dcm_DspDidCfg.148
                                  000691e4       a14   data ,l         * 
  _Dcm_Routine_0xAF09_SignalCfg.149
                                  00069bf8        20   data ,l         * 
  _Dcm_Routine_0xAF0A_SignalCfg.150
                                  00069c18        30   data ,l         * 
  _Dcm_Routine_0xAFF7_SignalCfg.151
                                  00069c48        10   data ,l         * 
  _Dcm_Routine_0xFE02_SignalCfg.152
                                  00069c58        30   data ,l         * 
  _Dcm_Routine_0xFE80_SignalCfg.153
                                  00069c88        20   data ,l         * 
  _Dcm_Routine_0xFE0A_SignalCfg.154
                                  00069ca8        20   data ,l         * 
  _Dcm_Routine_0xFE0B_SignalCfg.155
                                  00069cc8        30   data ,l         * 
  _Dcm_Routine_0xAF05_SignalCfg.156
                                  00069cf8        10   data ,l         * 
  _Dcm_Routine_0xAF09_RequestRoutineResultsOutCfg.157
                                  00069d08         8   data ,l         * 
  _Dcm_RoutineInfo_0xAF09_ResultsCfg.158
                                  00069d10        18   data ,l         * 
  _Dcm_Routine_0xAF0A_RequestRoutineResultsInCfg.159
                                  00069d28         8   data ,l         * 
  _Dcm_Routine_0xAF0A_RequestRoutineResultsOutCfg.160
                                  00069d30         8   data ,l         * 
  _Dcm_RoutineInfo_0xAF0A_ResultsCfg.161
                                  00069d38        18   data ,l         * 
  _Dcm_Routine_0xAFF7_RequestRoutineResultsOutCfg.162
                                  00069d50         8   data ,l         * 
  _Dcm_RoutineInfo_0xAFF7_ResultsCfg.163
                                  00069d58        18   data ,l         * 
  _Dcm_Routine_0xFE02_RequestRoutineResultsOutCfg.164
                                  00069d70         8   data ,l         * 
  _Dcm_RoutineInfo_0xFE02_ResultsCfg.165
                                  00069d78        18   data ,l         * 
  _Dcm_Routine_0xFE0A_RequestRoutineResultsOutCfg.166
                                  00069d90         8   data ,l         * 
  _Dcm_RoutineInfo_0xFE0A_ResultsCfg.167
                                  00069d98        18   data ,l         * 
  _Dcm_Routine_0xFE0B_RequestRoutineResultsOutCfg.168
                                  00069db0         8   data ,l         * 
  _Dcm_RoutineInfo_0xFE0B_ResultsCfg.169
                                  00069db8        18   data ,l         * 
  _Dcm_RoutineInfo_0xAF08_StartCfg.170
                                  00069dd0        18   data ,l         * 
  _Dcm_RoutineInfo_0xAF09_StartCfg.171
                                  00069de8        18   data ,l         * 
  _Dcm_Routine_0xAF0A_StartRoutineInCfg.172
                                  00069e00         8   data ,l         * 
  _Dcm_RoutineInfo_0xAF0A_StartCfg.173
                                  00069e08        18   data ,l         * 
  _Dcm_RoutineInfo_0xAFF7_StartCfg.174
                                  00069e20        18   data ,l         * 
  _Dcm_Routine_0xFE02_StartRoutineInCfg.175
                                  00069e38         8   data ,l         * 
  _Dcm_Routine_0xFE02_StartRoutineOutCfg.176
                                  00069e40         8   data ,l         * 
  _Dcm_RoutineInfo_0xFE02_StartCfg.177
                                  00069e48        18   data ,l         * 
  _Dcm_Routine_0xFE80_StartRoutineInCfg.178
                                  00069e60         8   data ,l         * 
  _Dcm_Routine_0xFE80_StartRoutineOutCfg.179
                                  00069e68         8   data ,l         * 
  _Dcm_RoutineInfo_0xFE80_StartCfg.180
                                  00069e70        18   data ,l         * 
  _Dcm_Routine_0xFE0A_StartRoutineInCfg.181
                                  00069e88         8   data ,l         * 
  _Dcm_RoutineInfo_0xFE0A_StartCfg.182
                                  00069e90        18   data ,l         * 
  _Dcm_Routine_0xFE0B_StartRoutineInCfg.183
                                  00069ea8         8   data ,l         * 
  _Dcm_Routine_0xFE0B_StartRoutineOutCfg.184
                                  00069eb0         8   data ,l         * 
  _Dcm_RoutineInfo_0xFE0B_StartCfg.185
                                  00069eb8        18   data ,l         * 
  _Dcm_Routine_0xAF05_StartRoutineOutCfg.186
                                  00069ed0         8   data ,l         * 
  _Dcm_RoutineInfo_0xAF05_StartCfg.187
                                  00069ed8        18   data ,l         * 
  _Dcm_RoutineInfo_0xAF06_StartCfg.188
                                  00069ef0        18   data ,l         * 
  _Dcm_RoutineInfo_0xAF07_StartCfg.189
                                  00069f08        18   data ,l         * 
  _Dcm_RoutineInfo_0xAF08_StopCfg.190
                                  00069f20        18   data ,l         * 
  _Dcm_Routine_0xAF09_StopRoutineOutCfg.191
                                  00069f38         8   data ,l         * 
  _Dcm_RoutineInfo_0xAF09_StopCfg.192
                                  00069f40        18   data ,l         * 
  _Dcm_RoutineInfo_0xFE0A_StopCfg.193
                                  00069f58        18   data ,l         * 
  _Dcm_RoutineInfo_0xAF06_StopCfg.194
                                  00069f70        18   data ,l         * 
  _Dcm_RoutineInfo_0xAF07_StopCfg.195
                                  00069f88        18   data ,l         * 
  _Dcm_DspRoutineCfg.196
                                  00069fa0       108   data ,l         * 
  _Dcm_DspSecurityRow.197
                                  0006a0a8        20   data ,l         * 
  _Dcm_DspSecurity.198
                                  0006a0c8         8   data ,l         * 
  _Dcm_DspSessionRow.199
                                  0006a0d0        24   data ,l         * 
  _Dcm_DspSession.200
                                  0006a0f4         8   data ,l         * 
  _Dcm_DspCfg.201
                                  0006a0fc        68   data ,l         * 
  _Dcm_SRVTABLE_UDS_CAN_FD_UDS0x10_3_SesRef.202
                                  0006a164         2   data ,l         * 
  _Dcm_SRVTABLE_UDS_CAN_FD_DsdSubService_UDS0x10.203
                                  0006a168        6c   data ,l         * 
  _Dcm_SRVTABLE_UDS_CAN_FD_UDS0x31_1_SesRef.204
                                  0006a1d4         1   data ,l         * 
  _Dcm_SRVTABLE_UDS_CAN_FD_UDS0x31_2_SesRef.205
                                  0006a1d5         1   data ,l         * 
  _Dcm_SRVTABLE_UDS_CAN_FD_UDS0x31_3_SecRef.206
                                  0006a1d6         1   data ,l         * 
  _Dcm_SRVTABLE_UDS_CAN_FD_UDS0x31_3_SesRef.207
                                  0006a1d7         1   data ,l         * 
  _Dcm_SRVTABLE_UDS_CAN_FD_DsdSubService_UDS0x31.208
                                  0006a1d8        6c   data ,l         * 
  _Dcm_SRVTABLE_UDS_CAN_FD_DsdSubService_UDS0x11.209
                                  0006a244        24   data ,l         * 
  _Dcm_SRVTABLE_UDS_CAN_FD_UDS0x85_1_SesRef.210
                                  0006a268         1   data ,l         * 
  _Dcm_SRVTABLE_UDS_CAN_FD_UDS0x85_2_SesRef.211
                                  0006a269         1   data ,l         * 
  _Dcm_SRVTABLE_UDS_CAN_FD_DsdSubService_UDS0x85.212
                                  0006a26c        48   data ,l         * 
  _Dcm_SRVTABLE_UDS_CAN_FD_UDS0x27_1_SesRef.213
                                  0006a2b4         1   data ,l         * 
  _Dcm_SRVTABLE_UDS_CAN_FD_UDS0x27_2_SesRef.214
                                  0006a2b5         1   data ,l         * 
  _Dcm_SRVTABLE_UDS_CAN_FD_DsdSubService_UDS0x27.215
                                  0006a2b8        48   data ,l         * 
  _Dcm_SRVTABLE_UDS_CAN_FD_UDS0x28_0_SesRef.216
                                  0006a300         1   data ,l         * 
  _Dcm_SRVTABLE_UDS_CAN_FD_UDS0x28_1_SesRef.217
                                  0006a301         1   data ,l         * 
  _Dcm_SRVTABLE_UDS_CAN_FD_UDS0x28_3_SesRef.218
                                  0006a302         1   data ,l         * 
  _Dcm_SRVTABLE_UDS_CAN_FD_DsdSubService_UDS0x28.219
                                  0006a304        6c   data ,l         * 
  _Dcm_SRVTABLE_UDS_CAN_FD_DsdSubService_UDS0x19.220
                                  0006a370        b4   data ,l         * 
  _Dcm_SRVTABLE_UDS_CAN_FD_DsdSubService_UDS0x3E.221
                                  0006a424        24   data ,l         * 
  _Dcm_SRVTABLE_UDS_CAN_FD_UDS0x31_SesRef.222
                                  0006a448         1   data ,l         * 
  _Dcm_SRVTABLE_UDS_CAN_FD_UDS0x85_SesRef.223
                                  0006a449         1   data ,l         * 
  _Dcm_SRVTABLE_UDS_CAN_FD_UDS0x27_SesRef.224
                                  0006a44a         1   data ,l         * 
  _Dcm_SRVTABLE_UDS_CAN_FD_UDS0x28_SesRef.225
                                  0006a44b         1   data ,l         * 
  _Dcm_SRVTABLE_UDS_CAN_FD_UDS0x2E_SesRef.226
                                  0006a44c         1   data ,l         * 
  _Dcm_SRVTABLE_UDS_CAN_FD_UDS0x2F_SesRef.227
                                  0006a44d         1   data ,l         * 
  _SRVTABLE_UDS_CAN_FD_Service.228
                                  0006a450       270   data ,l         * 
  _Dcm_DsdServiceTable.229
                                  0006a6c0         c   data ,l         * 
  _Dcm_DsdCfg.230
                                  0006a6cc         8   data ,l         * 
  _Dcm_DslBufferCfg.231
                                  0006a6d4        18   data ,l         * 
  _Dcm_DslDiagRespCfg.232
                                  0006a6ec         2   data ,l         * 
  _Dcm_DslCallbackDCMRequestServiceCfg.233
                                  0006a6f0         8   data ,l         * 
  _Dsl_Protocol_Connection_RxCfg.234
                                  0006a6f8        18   data ,l         * 
  _Dsl_Protocol_Connection_TxCfg.235
                                  0006a710         6   data ,l         * 
  _Dsl_Protocol_MainConnectionCfg.236
                                  0006a718        20   data ,l         * 
  _Dsl_Protocol_ConnectionCfg.237
                                  0006a738        10   data ,l         * 
  _Dsl_ProtocolRowCfg.238
                                  0006a748        24   data ,l         * 
  _Dcm_DslProtocol.239
                                  0006a76c         8   data ,l         * 
  _Dcm_DslCfg.240
                                  0006a774        18   data ,l         * 
  _Dcm_Cfg
                                  0006a78c        24   data ,g         * 
FILE=DefaultBuild\Dem_Cfg.obj
                                  0006a7b0  0006a7c3        14
  _DemGlobalFreezeFrame
                                  0006a7b0         6   data ,g         * 
  _DemMemDestCfg
                                  0006a7b8         8   data ,g         * 
  _DemNvRamBlockId
                                  0006a7c0         4   data ,g         * 
FILE=DefaultBuild\Dem_PBcfg.obj
                                  0006a7c4  0006b917      1154
  _DemDataElementClass.1
                                  0006a7c4        50   data ,l         * 
  _DemOperationCycle.2
                                  0006a814         3   data ,l         * 
  _DemEnableCondition
                                  0006a817         1   data ,g         * 
  _DemEnableConditionGroup
                                  0006a818         3   data ,g         * 
  _DemDidClass
                                  0006a81c        24   data ,g         * 
  _DemDidClassRef
                                  0006a840         c   data ,g         * 
  _DemFreezeFrameClass
                                  0006a84c         c   data ,g         * 
  _DemFreezeFrameRecordClass
                                  0006a858         3   data ,g         * 
  _DemFreezeFrameRecordClassRef
                                  0006a85b         1   data ,g         * 
  _DemFreezeFrameRecNumClass
                                  0006a85c         4   data ,g         * 
  _DemExtendedDataRecordClass
                                  0006a860        20   data ,g         * 
  _DemExtendedDataRecordClassRef
                                  0006a880         4   data ,g         * 
  _DemExtendedDataClass
                                  0006a884         4   data ,g         * 
  _DemDTCMapping.3
                                  0006a888        76   data ,l         * 
  _DemDTC.4
                                  0006a900       49c   data ,l         * 
  _DemDTCAttributes.5
                                  0006ad9c        14   data ,l         * 
  _DemIndicatorAttribute
                                  0006adb0        ec   data ,g         * 
  _DemDebounceCounterBasedClass.6
                                  0006ae9c        10   data ,l         * 
  _DemEventParameter.7
                                  0006aeac       a24   data ,l         * 
  _DemPbCfg
                                  0006b8d0        48   data ,g         * 
FILE=DefaultBuild\EcuM_Cfg.obj
                                  0006b918  0006b98f        78
  _EcuM_OSResource
                                  0006b918         4   data ,g         * 
  _Ecum_WkSources_0.1
                                  0006b91c         2   data ,l         * 
  _EcuM_SleepModeCfgs
                                  0006b920         c   data ,g         * 
  _EcuM_WkSource0RefComMCh.2
                                  0006b92c         1   data ,l         * 
  _EcuM_WkSourceCfgs
                                  0006b930        54   data ,g         * 
  _EcuM_NormalMcuModeCfg
                                  0006b984         1   data ,g         * 
  _EcuM_UserCfgs
                                  0006b985         3   data ,g         * 
  _EcuM_AlarmClkCfgs
                                  0006b988         8   data ,g         * 
FILE=DefaultBuild\EcuM_Lcfg.obj
                                  0006b990  0006b993         4
  _EcuM_ConfigConsistencyHash
                                  0006b990         4   data ,g         * 
FILE=DefaultBuild\EcuM_PbCfg.obj
                                  0006b994  0006b9d3        40
  _EcuM_GenMcalConfig.1
                                  0006b994        30   data ,l         * 
  _EcuM_Config
                                  0006b9c4        10   data ,g         * 
FILE=DefaultBuild\Fee_Cfg.obj
                                  0006b9d4  0006bb2f       15c
  _Fee_ClusterConfig_FeeClusterGrp
                                  0006b9d4        10   data ,g         * 
  _Fee_BlockConfig
                                  0006b9e4       144   data ,g         * 
  _Fee_ConfigData
                                  0006bb28         8   data ,g         * 
FILE=DefaultBuild\IpduM_Cfg.obj
                                  0006bb30  000708db      4dac
  _IpduMDefaultBufVal
                                  0006bb30      4b00   data ,g         * 
  _ContainedTxPduRef.1
                                  00070630        30   data ,l         * 
  _ContainedTxPdu.2
                                  00070660       150   data ,l         * 
  _ContainerTxPduRef.3
                                  000707b0         c   data ,l         * 
  _ContainerTxPdu.4
                                  000707bc        78   data ,l         * 
  _IpduMUpTxPdu.5
                                  00070834        60   data ,l         * 
  _IpduMTxPdu.6
                                  00070894        18   data ,l         * 
  _IpduM_MainFunctionTxRange.7
                                  000708ac         2   data ,l         * 
  _IpduM_PBConfigData
                                  000708b0        2c   data ,g         * 
FILE=DefaultBuild\MemIf_Cfg.obj
                                  000708dc  000708fb        20
  _MemIf_MemHwaApis_at
                                  000708dc        20   data ,g         * 
FILE=DefaultBuild\Nm_Lcfg.obj
                                  000708fc  00070933        38
  _Nm_CanNmSpecificApi.1
                                  000708fc        28   data ,l         * 
  _Nm_ChLConfig
                                  00070924        10   data ,g         * 
FILE=DefaultBuild\Nm_PBcfg.obj
                                  00070934  00070937         4
  _Nm_Config
                                  00070934         4   data ,g         * 
FILE=DefaultBuild\NvM_Cfg.obj
                                  00070938  000714d3       b9c
  _NvmMultiBlockCallback
                                  00070938         4   data ,g         * 
  _NvM_BlockDescriptor
                                  0007093c       b98   data ,g         * 
FILE=DefaultBuild\Os_Alarm_Cfg.obj
                                  000714d4  0007153f        6c
  _Os_AlarmCfg
                                  000714d4        50   data ,g         * 
  _Os_ACB
                                  00071524        14   data ,g         * 
  _Os_AlarmIdRange
                                  00071538         8   data ,g         * 
FILE=DefaultBuild\Os_Cfg.obj
                                  00071540  0007154f        10
  _Os_ObjectIDMaxTable
                                  00071540        10   data ,g         * 
FILE=DefaultBuild\Os_Counter_Cfg.obj
                                  00071550  00071573        24
  _Os_CounterCfg
                                  00071550        18   data ,g         * 
  _Os_CCB
                                  00071568         4   data ,g         * 
  _Os_CounterRange
                                  0007156c         8   data ,g         * 
FILE=DefaultBuild\Os_Interrupt_Cfg.obj
                                  00071574  00071917       3a4
  _Os_ICB
                                  00071574        70   data ,g         * 
  _Os_SysIsrNestQueue_Inf
                                  000715e4         4   data ,g         * 
  _Os_ISR2Stack
                                  000715e8        e0   data ,g         * 
  _Os_IsrCfg
                                  000716c8       230   data ,g         * 
  _Os_CfgIsrMax_Inf
                                  000718f8         2   data ,g         * 
  _Os_CfgIsr2Max_Inf
                                  000718fa         2   data ,g         * 
  _Os_CfgIsr2ExcludeTplMax_Inf
                                  000718fc         2   data ,g         * 
  _Os_IsrIdRange
                                  00071900        18   data ,g         * 
FILE=DefaultBuild\Os_ReadyQue_Cfg.obj
                                  00071918  00071967        50
  _Os_ReadyQueue_Core0.9
                                  00071918        1c   data ,l         * 
  _Os_ActivateQueueSize_Core0.10
                                  00071934        1c   data ,l         * 
  _Os_ReadyQueMg_Core0.12
                                  00071950        14   data ,l         * 
  _Os_ReadyQueMg_Inf
                                  00071964         4   data ,g         * 
FILE=DefaultBuild\Os_Resource_Cfg.obj
                                  00071968  00071a53        ec
  _Os_ResourceAccessMask_OsTask_Init.1
                                  00071968         2   data ,l         * 
  _Os_ResourceAccessMask_OsTask_1ms.2
                                  0007196a         2   data ,l         * 
  _Os_ResourceAccessMask_OsTask_5ms.3
                                  0007196c         2   data ,l         * 
  _Os_ResourceAccessMask_OsTask_10ms.4
                                  0007196e         2   data ,l         * 
  _Os_ResourceAccessMask_OsTask_50ms.5
                                  00071970         2   data ,l         * 
  _Os_ResourceAccessMask_OsTask_100ms.6
                                  00071972         2   data ,l         * 
  _Os_TaskResourceAccessMask
                                  00071974        1c   data ,g         * 
  _Os_ResourceAccessMask_RCAN1ERR_IRQ.7
                                  00071990         2   data ,l         * 
  _Os_ResourceAccessMask_RCAN1TRX_IRQ.8
                                  00071992         2   data ,l         * 
  _Os_ResourceAccessMask_RCANGRECC0_IRQ.9
                                  00071994         2   data ,l         * 
  _Os_ResourceAccessMask_ADCA0I1_IRQ.10
                                  00071996         2   data ,l         * 
  _Os_ResourceAccessMask_ADCA1I1_IRQ.11
                                  00071998         2   data ,l         * 
  _Os_ResourceAccessMask_TAUJ0I0_IRQ.12
                                  0007199a         2   data ,l         * 
  _Os_ResourceAccessMask_TAUD0I9_IRQ.13
                                  0007199c         2   data ,l         * 
  _Os_ResourceAccessMask_TAUB0I12_IRQ.14
                                  0007199e         2   data ,l         * 
  _Os_ResourceAccessMask_TAUB0I8_IRQ.15
                                  000719a0         2   data ,l         * 
  _Os_ResourceAccessMask_TAUB0I9_IRQ.16
                                  000719a2         2   data ,l         * 
  _Os_ResourceAccessMask_P1_IRQ.17
                                  000719a4         2   data ,l         * 
  _Os_ResourceAccessMask_P2_IRQ.18
                                  000719a6         2   data ,l         * 
  _Os_ResourceAccessMask_P5_IRQ.19
                                  000719a8         2   data ,l         * 
  _Os_ResourceAccessMask_P6_IRQ.20
                                  000719aa         2   data ,l         * 
  _Os_ResourceAccessMask_P7_IRQ.21
                                  000719ac         2   data ,l         * 
  _Os_ResourceAccessMask_P9_IRQ.22
                                  000719ae         2   data ,l         * 
  _Os_ResourceAccessMask_P14_IRQ.23
                                  000719b0         2   data ,l         * 
  _Os_ResourceAccessMask_RLIN34TX0_IRQ.24
                                  000719b2         2   data ,l         * 
  _Os_ResourceAccessMask_RLIN34RX1_IRQ.25
                                  000719b4         2   data ,l         * 
  _Os_ResourceAccessMask_RLIN34ERR2_IRQ.26
                                  000719b6         2   data ,l         * 
  _Os_ResourceAccessMask_RLIN35TX0_IRQ.27
                                  000719b8         2   data ,l         * 
  _Os_ResourceAccessMask_RLIN35RX1_IRQ.28
                                  000719ba         2   data ,l         * 
  _Os_ResourceAccessMask_RLIN35ERR2_IRQ.29
                                  000719bc         2   data ,l         * 
  _Os_ResourceAccessMask_RIIC0TI_IRQ.30
                                  000719be         2   data ,l         * 
  _Os_ResourceAccessMask_RIIC0EE_IRQ.31
                                  000719c0         2   data ,l         * 
  _Os_ResourceAccessMask_RIIC0RI_IRQ.32
                                  000719c2         2   data ,l         * 
  _Os_ResourceAccessMask_RIIC0TEI_IRQ.33
                                  000719c4         2   data ,l         * 
  _Os_IsrResourceAccessMask
                                  000719c8        70   data ,g         * 
  _Os_ResourceCfg
                                  00071a38         8   data ,g         * 
  _Os_ResScheduler_Inf
                                  00071a40         4   data ,g         * 
  _Os_CfgStdResourceMax_Inf
                                  00071a44         2   data ,g         * 
  _Os_RCB
                                  00071a48         4   data ,g         * 
  _Os_StdResIdRange
                                  00071a4c         8   data ,g         * 
FILE=DefaultBuild\Os_Task_Cfg.obj
                                  00071a54  00071bb3       160
  _Os_SystemStackCore0.2
                                  00071a54         8   data ,l         * 
  _Os_TaskStack
                                  00071a5c        38   data ,g         * 
  _Os_TaskCfg
                                  00071a94        e0   data ,g         * 
  _Os_SystemStack_Inf
                                  00071b74         4   data ,g         * 
  _Os_TASK_IDLE_Inf
                                  00071b78         4   data ,g         * 
  _Os_CfgPriorityMax_Inf
                                  00071b7c         2   data ,g         * 
  _Os_TCB
                                  00071b80        1c   data ,g         * 
  _Os_TaskIdRange
                                  00071b9c        18   data ,g         * 
FILE=DefaultBuild\Os_Tprot_Cfg.obj
                                  00071bb4  00071bbb         8
  _Os_RCBTmProtResBgtTask_Inf
                                  00071bb4         4   data ,g         * 
  _Os_RCBTmProtResBgtIsr_Inf
                                  00071bb8         4   data ,g         * 
FILE=DefaultBuild\Os_UserInf.obj
                                  00071bbc  00071be1        26
FILE=DefaultBuild\PduR_Cfg.obj
                                  00071be4  00071d73       190
  _PduR_BswModuleConfigData
                                  00071be4       188   data ,g         * 
  _PduR_GlobalBufferPool
                                  00071d6c         8   data ,g         * 
FILE=DefaultBuild\PduR_PBcfg.obj
                                  00071d74  000735fb      1888
  _PduR_PduRSrcPduIdRef.1
                                  00071d74       15a   data ,l         * 
  _PduR_DestPduConfigData.2
                                  00071ed0       d84   data ,l         * 
  _PduR_SrcPduConfigData.3
                                  00072c54       2b4   data ,l         * 
  _PduR_PduRDestPduIdRef.4
                                  00072f08       15a   data ,l         * 
  _PduR_RoutingPathConfigData0.5
                                  00073064       568   data ,l         * 
  _PduR_RoutingTableConfigData.6
                                  000735cc         4   data ,l         * 
[...]
                                  fedf246c         4   data ,l         * 
  _DemFreezeFrameRecordFilterInfo
                                  fedf2470         8   data ,g         * 
FILE=DefaultBuild\Dem_Ext.obj
                                  fedf2478  fedf2a47       5d0
  _DemEnableConditionStatus.1
                                  fedf2478         1   data ,l         * 
  _DemWIRStatus
                                  fedf2479         1   data ,g         * 
  _DemDebounceCounterInfo
                                  fedf247a        ec   data ,g         * 
  _DemOperationCycleStatus
                                  fedf2566         1   data ,g         * 
  _DemInternalData
                                  fedf2567         a   data ,g         * 
  _DemEventQueue
                                  fedf2572        ea   data ,g         * 
  _FDCInfo
                                  fedf265c        b1   data ,g         * 
  _DemEventRelateInformation
                                  fedf270e       2c4   data ,g         * 
  _DemDTCGeneralStatus
                                  fedf29d2        76   data ,g         * 
FILE=DefaultBuild\EcuM.obj
                                  fedf2a48  fedf2a7f        38
  _EcuMRunData
                                  fedf2a48        38   data ,g         * 
FILE=DefaultBuild\EcuM_AlarmClock.obj
                                  fedf2a80  fedf2a81         2
  _EcuM_TimeRecord.1
                                  fedf2a80         2   data ,l         * 
FILE=DefaultBuild\EcuM_StartUp.obj
                                  fedf2a84  fedf2a93        10
  _EcuMWksPending
                                  fedf2a84         4   data ,g         * 
  _EcuMWksValidated
                                  fedf2a88         4   data ,g         * 
  _EcuMWksExpired
                                  fedf2a8c         4   data ,g         * 
  _EcuM_ConfigPtr
                                  fedf2a90         4   data ,g         * 
FILE=DefaultBuild\Os_Adapt.obj
                                  fedf2a94  fedf2a97         4
  _Os_GlobalKMInt.1
                                  fedf2a94         4   data ,l         * 
FILE=DefaultBuild\Os_Core.obj
                                  fedf2a98  fedf2aa7        10
  _Os_CoreCB
                                  fedf2a98        10   data ,g         * 
FILE=DefaultBuild\Os_Mcu_Core.obj
                                  fedf2aa8  fedf2bb3       10c
  _Os_TaskCBExtCore0.1
                                  fedf2aa8        1c   data ,l         * 
  _Os_IsrNestStackCore0.2
                                  fedf2ac4        70   data ,l         * 
  _Os_ISR1SPCore0.3
                                  fedf2b34        80   data ,l         * 
FILE=DefaultBuild\Os_Arch_Irq.obj
                                  fedf2bb4  fedf31d7       624
  _Os_FE_Handler
                                  fedf2bb4        80   data ,g         * 
  _Os_Vector_Handler
                                  fedf2c34       598   data ,g         * 
  _Os_SaveLevelISR1
                                  fedf31cc         4   data ,g         * 
  _Os_IsrNestStack
                                  fedf31d0         4   data ,g         * 
  _Os_ISR1SP
                                  fedf31d4         4   data ,g         * 
FILE=DefaultBuild\Os_Arch_Processor.obj
                                  fedf31d8  fedf31df         8
  _Os_ArchTempSp
                                  fedf31d8         4   data ,g         * 
  _Os_TaskCBExt
                                  fedf31dc         4   data ,g         * 
FILE=DefaultBuild\StbM.obj
                                  fedf31e0  fedf326f        90
  _StbM_TimeBase.1
                                  fedf31e0        6c   data ,l         * 
  _StbM_ConfigData.2
                                  fedf324c         4   data ,l         * 
  _StbM_RateCorrection.3
                                  fedf3250        20   data ,l         * 
FILE=DefaultBuild\WdgM.obj
                                  fedf3270  fedf328f        20
  _WdgM_SEInfoRelated.1
                                  fedf3270        18   data ,l         * 
  _WdgM_AliveSupInfoTab.2
                                  fedf3288         8   data ,l         * 
FILE=DefaultBuild\fvmCfg.obj
                                  fedf3290  fedf32cb        3c
  _g_txSecocMsgBuffer.3
                                  fedf3290        30   data ,l         * 
  _g_rxSecocMsgBuffer.4
                                  fedf32c0         c   data ,l         * 
FILE=DefaultBuild\Vss.obj
                                  fedf32cc  fedf339f        d4
  _gVssCtx.1
                                  fedf32cc        d4   data ,l         * 
FILE=DefaultBuild\PowManager.obj
                                  fedf33a0  fedf33a3         4
  _CrashTimeElapsed
                                  fedf33a0         4   data ,g         * 
FILE=DefaultBuild\Icu_PBcfg.obj
                                  fedf33a4  fedf33cf        2c
  _Icu_GstChannelRamData
                                  fedf33a4        20   data ,g         * 
  _Icu_GstSignalMeasureRamData
                                  fedf33c4         c   data ,g         * 
FILE=DefaultBuild\Icu_Ram.obj
                                  fedf33d0  fedf340b        3c
  _Icu_GpChannelConfig
                                  fedf33d0         4   data ,g         * 
  _Icu_GpTimerChannelConfig
                                  fedf33d4         4   data ,g         * 
  _Icu_GpTAUUnitConfig
                                  fedf33d8         4   data ,g         * 
  _Icu_GpChannelRamData
                                  fedf33dc         4   data ,g         * 
  _Icu_GpEdgeCountData
                                  fedf33e0         4   data ,g         * 
  _Icu_GpTimeStampData
                                  fedf33e4         4   data ,g         * 
  _Icu_GpSignalMeasurementData
                                  fedf33e8         4   data ,g         * 
  _Icu_GenModuleMode
                                  fedf33ec         4   data ,g         * 
  _Icu_GaaTAUDBChannelRegMirror
                                  fedf33f0         8   data ,g         * 
  _Icu_GaaFclaRegsMirror
                                  fedf33f8         8   data ,g         * 
  _Icu_GulWakeupSource
                                  fedf3400         4   data ,g         * 
  _Icu_GaaChannelMeasureStatus
                                  fedf3404         8   data ,g         * 
FILE=DefaultBuild\logHal.obj
                                  fedf340c  fedf34d4        c9
  _g_debugBuffer.1
                                  fedf340c        c8   data ,l         * 
  _g_debugMode.2
                                  fedf34d4         1   data ,l         * 
FILE=DefaultBuild\mpuHal.obj
                                  fedf34d8  fedf682b      3354
  _g_uartReceiveData0
                                  fedf34d8        c8   data ,g         * 
  _g_uartReceiveData1
                                  fedf35a0        c8   data ,g         * 
  _g_mpuUartRxBufId
                                  fedf3668         1   data ,g         * 
  _g_mpuUartRxBufCount0
                                  fedf366a         2   data ,g         * 
  _g_mpuUartRxBufCount1
                                  fedf366c         2   data ,g         * 
  _g_mpuUartProtocalBuffer.1
                                  fedf366e       4b4   data ,l         * 
  _g_mpuUartTxBuffer.2
                                  fedf3b22       c06   data ,l         * 
  _g_mpuManage.3
                                  fedf4728      1904   data ,l         * 
  _sTxBuffer.5.MpuHalTransmit
                                  fedf602c       800   data ,l         * 
FILE=DefaultBuild\osHal.obj
                                  fedf682c  fedf6a93       268
  _queue_pool.1
                                  fedf682c       208   data ,l         * 
  _mutex_pool.2
                                  fedf6a34        60   data ,l         * 
FILE=DefaultBuild\peripheralHal.obj
                                  fedf6a94  fedf6ac7        34
  _g_adBuffer
                                  fedf6a94        34   data ,g         * 
FILE=DefaultBuild\timerHal.obj
                                  fedf6ac8  fedf6ad7        10
  _g_peripheralTimer.1
                                  fedf6ac8        10   data ,l         * 
FILE=DefaultBuild\canPassthroughSdk.obj
                                  fedf6ad8  fedf6aef        18
  _g_respPack.4
                                  fedf6ad8         c   data ,l         * 
  _g_reqPack.6
                                  fedf6ae4         c   data ,l         * 
FILE=DefaultBuild\mpuPowerSyncSdk.obj
                                  fedf6af0  fedf6afe         f
  _g_powerSyncPack.6
                                  fedf6af0         c   data ,l         * 
  _g_wakeUpSource.19
                                  fedf6afc         3   data ,l         * 
FILE=DefaultBuild\powerManageSdk.obj
                                  fedf6b00  fedf6c87       188
  _g_pmManage.1
                                  fedf6b00       188   data ,l         * 
FILE=DefaultBuild\remoteControlSdk.obj
                                  fedf6c88  fedf6c93         c
  _g_mpuRespPack.3
                                  fedf6c88         c   data ,l         * 
FILE=DefaultBuild\stateSyncSdk.obj
                                  fedf6c94  fedf71a7       514
  _g_cpuLocationInfo.2
                                  fedf6c94        78   data ,l         * 
  _g_cpuSatelliteInfo.3
                                  fedf6d0c       400   data ,l         * 
  _g_cpuNetInfo.4
                                  fedf710c         c   data ,l         * 
  _g_cpuHalState.5
                                  fedf7118         a   data ,l         * 
  _g_cpuTspState.6
                                  fedf7122         8   data ,l         * 
  _g_cpuMpuDtcInfo.7
                                  fedf712c         c   data ,l         * 
  _g_mpuFaultExtStatus.8
                                  fedf7138         e   data ,l         * 
  _g_mcuDtcSyncPack.13
                                  fedf7148         c   data ,l         * 
  _g_mcuRecvMpuFaultMap.15
                                  fedf7154        54   data ,l         * 
FILE=DefaultBuild\timeSyncSdk.obj
                                  fedf71a8  fedf71b7        10
  _g_gnssData.2
                                  fedf71a8         8   data ,l         * 
  _g_ntpData.3
                                  fedf71b0         8   data ,l         * 
FILE=DefaultBuild\canPeriodTask.obj
                                  fedf71b8  fedf722f        78
  _g_vehicleTime.1
                                  fedf71b8         6   data ,l         * 
  _locationInfo.7
                                  fedf71c0        70   data ,l         * 
FILE=DefaultBuild\remoteControlTask.obj
                                  fedf7230  fedf723b         c
  _g_dataPack.5
                                  fedf7230         c   data ,l         * 
FILE=DefaultBuild\mcuMpuSyncTask.obj
                                  fedf723c  fedf7a53       818
  _g_dataBuffer.4
                                  fedf723c       400   data ,l         * 
  _g_dataPack.5
                                  fedf763c         c   data ,l         * 
  _g_recvDataBuffer.6
                                  fedf7648       400   data ,l         * 
  _g_dataPackFault.9
                                  fedf7a48         c   data ,l         * 
FILE=DefaultBuild\taskPowerManage.obj
                                  fedf7a54  fedf7a66        13
  _g_antDetectState.3
                                  fedf7a54        12   data ,l         * 
  _timeCount.64.TaskPowerManage
                                  fedf7a66         1   data ,l         * 
FILE=DefaultBuild\canMsgToMpu.obj
                                  fedf7a68  fedf8546       adf
  _g_canRxToCpuConfigureBuffer
                                  fedf7a68       190   data ,g         * 
  _g_canRxToCpuConfigure.1
                                  fedf7bf8         8   data ,l         * 
  _g_stack.2
                                  fedf7c00        ca   data ,l         * 
  _g_cpuCanRxQueue.3
                                  fedf7ccc       2f8   data ,l         * 
  _g_txBuffer
                                  fedf7fc4       583   data ,g         * 
FILE=DefaultBuild\taskVehicleDataToMpu.obj
                                  fedf8548  fedf86dc       195
  _g_mpuDriverRxBuffer.1
                                  fedf8548       12c   data ,l         * 
  _g_vehicleInfor.3
                                  fedf8674         5   data ,l         * 
  _g_mpuRxDataBuffer.4
                                  fedf8679        64   data ,l         * 
FILE=DefaultBuild\r_cg_riic.obj
                                  fedf86e0  fedf86fb        1c
  _g_riic0_mode_flag
                                  fedf86e0         1   data ,g         * 
  _g_riic0_state
                                  fedf86e1         1   data ,g         * 
  _g_riic0_slave_address
                                  fedf86e2         2   data ,g         * 
  _gp_riic0_tx_address
                                  fedf86e4         4   data ,g         * 
  _g_riic0_tx_count
                                  fedf86e8         2   data ,g         * 
  _gp_riic0_rx_address
                                  fedf86ec         4   data ,g         * 
  _g_riic0_rx_count
                                  fedf86f0         2   data ,g         * 
  _g_riic0_rx_length
                                  fedf86f2         2   data ,g         * 
  _g_riic0_dummy_read_count
                                  fedf86f4         1   data ,g         * 
  _g_cg_sync_read.1
                                  fedf86f8         4   data ,l         * 
FILE=DefaultBuild\r_cg_uart.obj
                                  fedf86fc  fedf871f        24
  _g_cg_sync_read
                                  fedf86fc         4   data ,g         * 
  _gp_uart4_tx_address
                                  fedf8700         4   data ,g         * 
  _g_uart4_tx_count
                                  fedf8704         2   data ,g         * 
  _gp_uart4_rx_address
                                  fedf8708         4   data ,g         * 
  _g_uart4_rx_count
                                  fedf870c         2   data ,g         * 
  _g_uart4_rx_length
                                  fedf870e         2   data ,g         * 
  _gp_uart5_tx_address
                                  fedf8710         4   data ,g         * 
  _g_uart5_tx_count
                                  fedf8714         2   data ,g         * 
  _gp_uart5_rx_address
                                  fedf8718         4   data ,g         * 
  _g_uart5_rx_count
                                  fedf871c         2   data ,g         * 
  _g_uart5_rx_length
                                  fedf871e         2   data ,g         * 
FILE=DefaultBuild\parameterSyncSdk.obj
                                  fedf8720  fedf8737        18
  _g_syncParamToMpuPack.14
                                  fedf8720         c   data ,l         * 
  _g_mpuDataPack.16
                                  fedf872c         c   data ,l         * 
FILE=DefaultBuild\ParameterStoreManageApp.obj
                                  fedf8738  fedf88b7       180
  _logBuffer.1.PrintHexArray
                                  fedf8738       180   data ,l         * 
FILE=DefaultBuild\firmwareUpdateSdk.obj
                                  fedf88b8  fedf88b9         2
  _g_otaMpuHandle.2
                                  fedf88b8         2   data ,l         * 
FILE=com7d
                                  fedf88bc  fedf88bf         4
  __REL_errno_obj
                                  fedf88bc         0   none ,l         * 

SECTION=.stack.bss
FILE=DefaultBuild\cstart.obj
                                  fedf88c0  fedf8abf       200
  _stacktop
                                  fedf8ac0         0   none ,l         * 

Absolute value symbols
FILE=rlink_generates_01
  __gp_data
                                  00000000         0   none ,g         * 
  __ep_data
                                  00000000         0   none ,g         * 
FILE=rlink_generates_02
  __s.text
                                  000a0c00         0   none ,g         * 
  __e.text
                                  0011627e         0   none ,g         * 
  __S_text
                                  000a0c00         0   none ,g         * 
  __E_text
                                  0011627e         0   none ,g         * 
  __sRESET
                                  00000000         0   none ,g         * 
  __eRESET
                                  000001f8         0   none ,g         * 
  __SRESET
                                  00000000         0   none ,g         * 
  __ERESET
                                  000001f8         0   none ,g         * 
  __sEIINTTBL
                                  00000200         0   none ,g         * 
  __eEIINTTBL
                                  00000a00         0   none ,g         * 
  __SEIINTTBL
                                  00000200         0   none ,g         * 
  __EEIINTTBL
                                  00000a00         0   none ,g         * 
  __s.data
                                  00116280         0   none ,g         * 
  __e.data
                                  001182c4         0   none ,g         * 
  __s.data.R
                                  fedd8000         0   none ,g         * 
  __e.data.R
                                  fedda044         0   none ,g         * 
  __S_data
                                  00116280         0   none ,g         * 
  __E_data
                                  001182c4         0   none ,g         * 
  __S_data_R
                                  fedd8000         0   none ,g         * 
  __E_data_R
                                  fedda044         0   none ,g         * 
  __s.bss
                                  fedda044         0   none ,g         * 
  __e.bss
                                  fedf88c0         0   none ,g         * 
  __S_bss
                                  fedda044         0   none ,g         * 
  __E_bss
                                  fedf88c0         0   none ,g         * 
  __s.const
                                  00058200         0   none ,g         * 
  __e.const
                                  000a0ba4         0   none ,g         * 
  __S_const
                                  00058200         0   none ,g         * 
  __E_const
                                  000a0ba4         0   none ,g         * 
  __s.stack.bss
                                  fedf88c0         0   none ,g         * 
  __e.stack.bss
                                  fedf8ac0         0   none ,g         * 
  __S_stack_bss
                                  fedf88c0         0   none ,g         * 
  __E_stack_bss
                                  fedf8ac0         0   none ,g         * 
  __s.INIT_DSEC.const
                                  000a0ba4         0   none ,g         * 
  __e.INIT_DSEC.const
                                  000a0bb0         0   none ,g         * 
  __S_INIT_DSEC_const
                                  000a0ba4         0   none ,g         * 
  __E_INIT_DSEC_const
                                  000a0bb0         0   none ,g         * 
  __s.INIT_BSEC.const
                                  000a0bb0         0   none ,g         * 
  __e.INIT_BSEC.const
                                  000a0bb8         0   none ,g         * 
  __S_INIT_BSEC_const
                                  000a0bb0         0   none ,g         * 
  __E_INIT_BSEC_const
                                  000a0bb8         0   none ,g         * 

*** Unfilled Areas ***

AREA                                START    END

*** Delete Symbols ***

SYMBOL                                SIZE    INFO
