###############################################################################
#
# IAR ELF Linker V8.50.6.265/W32 for ARM                  01/Aug/2025  13:22:47
# Copyright 2007-2020 IAR Systems AB.
#
#    Output file  =
#        G:\CODE\duola_cv01_tr2\tviibe1m\tools\iar\flash\cm4_mc\rev_d\Exe\cm4.out
#    Map file     =
#        G:\CODE\duola_cv01_tr2\tviibe1m\tools\iar\flash\cm4_mc\rev_d\List\cm4.map
#    Command line =
#        -f C:\Users\Lenovo\AppData\Local\Temp\EW66F0.tmp
#        (G:\CODE\duola_cv01_tr2\tviibe1m\tools\iar\flash\cm4_mc\rev_d\Obj\aes128.o
#        G:\CODE\duola_cv01_tr2\tviibe1m\tools\iar\flash\cm4_mc\rev_d\Obj\autosarNmSdk.o
#        G:\CODE\duola_cv01_tr2\tviibe1m\tools\iar\flash\cm4_mc\rev_d\Obj\batteryHal.o
#        G:\CODE\duola_cv01_tr2\tviibe1m\tools\iar\flash\cm4_mc\rev_d\Obj\batterySdk.o
#        G:\CODE\duola_cv01_tr2\tviibe1m\tools\iar\flash\cm4_mc\rev_d\Obj\bleHal.o
#        G:\CODE\duola_cv01_tr2\tviibe1m\tools\iar\flash\cm4_mc\rev_d\Obj\canHal.o
#        G:\CODE\duola_cv01_tr2\tviibe1m\tools\iar\flash\cm4_mc\rev_d\Obj\canMsgDynamicConfigure.o
#        G:\CODE\duola_cv01_tr2\tviibe1m\tools\iar\flash\cm4_mc\rev_d\Obj\canMsgToCpu.o
#        G:\CODE\duola_cv01_tr2\tviibe1m\tools\iar\flash\cm4_mc\rev_d\Obj\canParseSdk.o
#        G:\CODE\duola_cv01_tr2\tviibe1m\tools\iar\flash\cm4_mc\rev_d\Obj\canPeriodTask.o
#        G:\CODE\duola_cv01_tr2\tviibe1m\tools\iar\flash\cm4_mc\rev_d\Obj\canTpSdk.o
#        G:\CODE\duola_cv01_tr2\tviibe1m\tools\iar\flash\cm4_mc\rev_d\Obj\crc8_16_32.o
#        G:\CODE\duola_cv01_tr2\tviibe1m\tools\iar\flash\cm4_mc\rev_d\Obj\croutine.o
#        G:\CODE\duola_cv01_tr2\tviibe1m\tools\iar\flash\cm4_mc\rev_d\Obj\cy_adc.o
#        G:\CODE\duola_cv01_tr2\tviibe1m\tools\iar\flash\cm4_mc\rev_d\Obj\cy_button.o
#        G:\CODE\duola_cv01_tr2\tviibe1m\tools\iar\flash\cm4_mc\rev_d\Obj\cy_canfd.o
#        G:\CODE\duola_cv01_tr2\tviibe1m\tools\iar\flash\cm4_mc\rev_d\Obj\cy_cpu.o
#        G:\CODE\duola_cv01_tr2\tviibe1m\tools\iar\flash\cm4_mc\rev_d\Obj\cy_crypto_config.o
#        G:\CODE\duola_cv01_tr2\tviibe1m\tools\iar\flash\cm4_mc\rev_d\Obj\cy_evtgen.o
#        G:\CODE\duola_cv01_tr2\tviibe1m\tools\iar\flash\cm4_mc\rev_d\Obj\cy_flash.o
#        G:\CODE\duola_cv01_tr2\tviibe1m\tools\iar\flash\cm4_mc\rev_d\Obj\cy_gpio.o
#        G:\CODE\duola_cv01_tr2\tviibe1m\tools\iar\flash\cm4_mc\rev_d\Obj\cy_interrupt_map.o
#        G:\CODE\duola_cv01_tr2\tviibe1m\tools\iar\flash\cm4_mc\rev_d\Obj\cy_ipc_drv.o
#        G:\CODE\duola_cv01_tr2\tviibe1m\tools\iar\flash\cm4_mc\rev_d\Obj\cy_ipc_pipe.o
#        G:\CODE\duola_cv01_tr2\tviibe1m\tools\iar\flash\cm4_mc\rev_d\Obj\cy_ipc_sema.o
#        G:\CODE\duola_cv01_tr2\tviibe1m\tools\iar\flash\cm4_mc\rev_d\Obj\cy_lin.o
#        G:\CODE\duola_cv01_tr2\tviibe1m\tools\iar\flash\cm4_mc\rev_d\Obj\cy_lvd.o
#        G:\CODE\duola_cv01_tr2\tviibe1m\tools\iar\flash\cm4_mc\rev_d\Obj\cy_mcwdt.o
#        G:\CODE\duola_cv01_tr2\tviibe1m\tools\iar\flash\cm4_mc\rev_d\Obj\cy_mdma.o
#        G:\CODE\duola_cv01_tr2\tviibe1m\tools\iar\flash\cm4_mc\rev_d\Obj\cy_mpu.o
#        G:\CODE\duola_cv01_tr2\tviibe1m\tools\iar\flash\cm4_mc\rev_d\Obj\cy_mw_flash.o
#        G:\CODE\duola_cv01_tr2\tviibe1m\tools\iar\flash\cm4_mc\rev_d\Obj\cy_pdma.o
#        G:\CODE\duola_cv01_tr2\tviibe1m\tools\iar\flash\cm4_mc\rev_d\Obj\cy_prot.o
#        G:\CODE\duola_cv01_tr2\tviibe1m\tools\iar\flash\cm4_mc\rev_d\Obj\cy_scb_common.o
#        G:\CODE\duola_cv01_tr2\tviibe1m\tools\iar\flash\cm4_mc\rev_d\Obj\cy_scb_ezi2c.o
#        G:\CODE\duola_cv01_tr2\tviibe1m\tools\iar\flash\cm4_mc\rev_d\Obj\cy_scb_i2c.o
#        G:\CODE\duola_cv01_tr2\tviibe1m\tools\iar\flash\cm4_mc\rev_d\Obj\cy_scb_spi.o
#        G:\CODE\duola_cv01_tr2\tviibe1m\tools\iar\flash\cm4_mc\rev_d\Obj\cy_scb_uart.o
#        G:\CODE\duola_cv01_tr2\tviibe1m\tools\iar\flash\cm4_mc\rev_d\Obj\cy_semihosting.o
#        G:\CODE\duola_cv01_tr2\tviibe1m\tools\iar\flash\cm4_mc\rev_d\Obj\cy_smartio.o
#        G:\CODE\duola_cv01_tr2\tviibe1m\tools\iar\flash\cm4_mc\rev_d\Obj\cy_srom.o
#        G:\CODE\duola_cv01_tr2\tviibe1m\tools\iar\flash\cm4_mc\rev_d\Obj\cy_sw_tmr.o
#        G:\CODE\duola_cv01_tr2\tviibe1m\tools\iar\flash\cm4_mc\rev_d\Obj\cy_sysclk.o
#        G:\CODE\duola_cv01_tr2\tviibe1m\tools\iar\flash\cm4_mc\rev_d\Obj\cy_sysflt.o
#        G:\CODE\duola_cv01_tr2\tviibe1m\tools\iar\flash\cm4_mc\rev_d\Obj\cy_sysint.o
#        G:\CODE\duola_cv01_tr2\tviibe1m\tools\iar\flash\cm4_mc\rev_d\Obj\cy_syslib.o
#        G:\CODE\duola_cv01_tr2\tviibe1m\tools\iar\flash\cm4_mc\rev_d\Obj\cy_syslib_iar.o
#        G:\CODE\duola_cv01_tr2\tviibe1m\tools\iar\flash\cm4_mc\rev_d\Obj\cy_syspm.o
#        G:\CODE\duola_cv01_tr2\tviibe1m\tools\iar\flash\cm4_mc\rev_d\Obj\cy_sysreset.o
#        G:\CODE\duola_cv01_tr2\tviibe1m\tools\iar\flash\cm4_mc\rev_d\Obj\cy_sysrtc.o
#        G:\CODE\duola_cv01_tr2\tviibe1m\tools\iar\flash\cm4_mc\rev_d\Obj\cy_systick.o
#        G:\CODE\duola_cv01_tr2\tviibe1m\tools\iar\flash\cm4_mc\rev_d\Obj\cy_syswdt.o
#        G:\CODE\duola_cv01_tr2\tviibe1m\tools\iar\flash\cm4_mc\rev_d\Obj\cy_tcpwm.o
#        G:\CODE\duola_cv01_tr2\tviibe1m\tools\iar\flash\cm4_mc\rev_d\Obj\cy_tcpwm_counter.o
#        G:\CODE\duola_cv01_tr2\tviibe1m\tools\iar\flash\cm4_mc\rev_d\Obj\cy_tcpwm_pwm.o
#        G:\CODE\duola_cv01_tr2\tviibe1m\tools\iar\flash\cm4_mc\rev_d\Obj\cy_tcpwm_quaddec.o
#        G:\CODE\duola_cv01_tr2\tviibe1m\tools\iar\flash\cm4_mc\rev_d\Obj\cy_tcpwm_sr.o
#        G:\CODE\duola_cv01_tr2\tviibe1m\tools\iar\flash\cm4_mc\rev_d\Obj\cy_trigmux.o
#        G:\CODE\duola_cv01_tr2\tviibe1m\tools\iar\flash\cm4_mc\rev_d\Obj\ecallHal.o
#        G:\CODE\duola_cv01_tr2\tviibe1m\tools\iar\flash\cm4_mc\rev_d\Obj\ecuNodeMissingCheck.o
#        G:\CODE\duola_cv01_tr2\tviibe1m\tools\iar\flash\cm4_mc\rev_d\Obj\event_groups.o
#        G:\CODE\duola_cv01_tr2\tviibe1m\tools\iar\flash\cm4_mc\rev_d\Obj\firmwareUpdateSdk.o
#        G:\CODE\duola_cv01_tr2\tviibe1m\tools\iar\flash\cm4_mc\rev_d\Obj\flashHal.o
#        G:\CODE\duola_cv01_tr2\tviibe1m\tools\iar\flash\cm4_mc\rev_d\Obj\gSensorHal.o
#        G:\CODE\duola_cv01_tr2\tviibe1m\tools\iar\flash\cm4_mc\rev_d\Obj\heap_4.o
#        G:\CODE\duola_cv01_tr2\tviibe1m\tools\iar\flash\cm4_mc\rev_d\Obj\hsmHal.o
#        G:\CODE\duola_cv01_tr2\tviibe1m\tools\iar\flash\cm4_mc\rev_d\Obj\list.o
#        G:\CODE\duola_cv01_tr2\tviibe1m\tools\iar\flash\cm4_mc\rev_d\Obj\logHal.o
#        G:\CODE\duola_cv01_tr2\tviibe1m\tools\iar\flash\cm4_mc\rev_d\Obj\main_cm4.o
#        G:\CODE\duola_cv01_tr2\tviibe1m\tools\iar\flash\cm4_mc\rev_d\Obj\mcuMpuSyncTask.o
#        G:\CODE\duola_cv01_tr2\tviibe1m\tools\iar\flash\cm4_mc\rev_d\Obj\mpuHal.o
#        G:\CODE\duola_cv01_tr2\tviibe1m\tools\iar\flash\cm4_mc\rev_d\Obj\mpuPowerSyncSdk.o
#        G:\CODE\duola_cv01_tr2\tviibe1m\tools\iar\flash\cm4_mc\rev_d\Obj\ParameterStoreManageApp.o
#        G:\CODE\duola_cv01_tr2\tviibe1m\tools\iar\flash\cm4_mc\rev_d\Obj\parameterSyncSdk.o
#        G:\CODE\duola_cv01_tr2\tviibe1m\tools\iar\flash\cm4_mc\rev_d\Obj\peripheralHal.o
#        G:\CODE\duola_cv01_tr2\tviibe1m\tools\iar\flash\cm4_mc\rev_d\Obj\port.o
#        G:\CODE\duola_cv01_tr2\tviibe1m\tools\iar\flash\cm4_mc\rev_d\Obj\portasm.o
#        G:\CODE\duola_cv01_tr2\tviibe1m\tools\iar\flash\cm4_mc\rev_d\Obj\powerManageHal.o
#        G:\CODE\duola_cv01_tr2\tviibe1m\tools\iar\flash\cm4_mc\rev_d\Obj\powerManageSdk.o
#        G:\CODE\duola_cv01_tr2\tviibe1m\tools\iar\flash\cm4_mc\rev_d\Obj\projectConfigure.o
#        G:\CODE\duola_cv01_tr2\tviibe1m\tools\iar\flash\cm4_mc\rev_d\Obj\queue.o
#        G:\CODE\duola_cv01_tr2\tviibe1m\tools\iar\flash\cm4_mc\rev_d\Obj\remoteControl.o
#        G:\CODE\duola_cv01_tr2\tviibe1m\tools\iar\flash\cm4_mc\rev_d\Obj\RemoteDiagnosticSdk.o
#        G:\CODE\duola_cv01_tr2\tviibe1m\tools\iar\flash\cm4_mc\rev_d\Obj\remoteDiagnosticTask.o
#        G:\CODE\duola_cv01_tr2\tviibe1m\tools\iar\flash\cm4_mc\rev_d\Obj\RemoteDiagnosticUartSdk.o
#        G:\CODE\duola_cv01_tr2\tviibe1m\tools\iar\flash\cm4_mc\rev_d\Obj\sdkdemo.o
#        G:\CODE\duola_cv01_tr2\tviibe1m\tools\iar\flash\cm4_mc\rev_d\Obj\se_hardware_hal.o
#        G:\CODE\duola_cv01_tr2\tviibe1m\tools\iar\flash\cm4_mc\rev_d\Obj\securityHal.o
#        G:\CODE\duola_cv01_tr2\tviibe1m\tools\iar\flash\cm4_mc\rev_d\Obj\SEGGER_RTT1.o
#        G:\CODE\duola_cv01_tr2\tviibe1m\tools\iar\flash\cm4_mc\rev_d\Obj\SEGGER_RTT_ASM_ARMv7M1.o
#        G:\CODE\duola_cv01_tr2\tviibe1m\tools\iar\flash\cm4_mc\rev_d\Obj\SEGGER_RTT_printf1.o
#        G:\CODE\duola_cv01_tr2\tviibe1m\tools\iar\flash\cm4_mc\rev_d\Obj\startup.o
#        G:\CODE\duola_cv01_tr2\tviibe1m\tools\iar\flash\cm4_mc\rev_d\Obj\startup_cm4.o
#        G:\CODE\duola_cv01_tr2\tviibe1m\tools\iar\flash\cm4_mc\rev_d\Obj\stateSyncSdk.o
#        G:\CODE\duola_cv01_tr2\tviibe1m\tools\iar\flash\cm4_mc\rev_d\Obj\stream_buffer.o
#        G:\CODE\duola_cv01_tr2\tviibe1m\tools\iar\flash\cm4_mc\rev_d\Obj\system_tviibe1m_cm4.o
#        G:\CODE\duola_cv01_tr2\tviibe1m\tools\iar\flash\cm4_mc\rev_d\Obj\taskDiagnostic.o
#        G:\CODE\duola_cv01_tr2\tviibe1m\tools\iar\flash\cm4_mc\rev_d\Obj\taskDtcProcess.o
#        G:\CODE\duola_cv01_tr2\tviibe1m\tools\iar\flash\cm4_mc\rev_d\Obj\taskEcallProcess.o
#        G:\CODE\duola_cv01_tr2\tviibe1m\tools\iar\flash\cm4_mc\rev_d\Obj\taskManage.o
#        G:\CODE\duola_cv01_tr2\tviibe1m\tools\iar\flash\cm4_mc\rev_d\Obj\taskPowerManage.o
#        G:\CODE\duola_cv01_tr2\tviibe1m\tools\iar\flash\cm4_mc\rev_d\Obj\tasks.o
#        G:\CODE\duola_cv01_tr2\tviibe1m\tools\iar\flash\cm4_mc\rev_d\Obj\taskVehicleDataToCpu.o
#        G:\CODE\duola_cv01_tr2\tviibe1m\tools\iar\flash\cm4_mc\rev_d\Obj\timerHal.o
#        G:\CODE\duola_cv01_tr2\tviibe1m\tools\iar\flash\cm4_mc\rev_d\Obj\timers.o
#        G:\CODE\duola_cv01_tr2\tviibe1m\tools\iar\flash\cm4_mc\rev_d\Obj\timeSyncSdk.o
#        G:\CODE\duola_cv01_tr2\tviibe1m\tools\iar\flash\cm4_mc\rev_d\Obj\udsDidFunction.o
#        G:\CODE\duola_cv01_tr2\tviibe1m\tools\iar\flash\cm4_mc\rev_d\Obj\udsEolTest.o
#        G:\CODE\duola_cv01_tr2\tviibe1m\tools\iar\flash\cm4_mc\rev_d\Obj\udsSecurityCalculate.o
#        G:\CODE\duola_cv01_tr2\tviibe1m\tools\iar\flash\cm4_mc\rev_d\Obj\udsTp.o
#        G:\CODE\duola_cv01_tr2\tviibe1m\tools\iar\flash\cm4_mc\rev_d\Obj\vehicleSignalApp.o
#        G:\CODE\duola_cv01_tr2\tviibe1m\tools\iar\flash\cm4_mc\rev_d\Obj\version.o
#        --no_out_extension -o
#        G:\CODE\duola_cv01_tr2\tviibe1m\tools\iar\flash\cm4_mc\rev_d\Exe\cm4.out
#        --config_def _CORE_cm4_=0 --config_def _LINK_flash_=0 --map
#        G:\CODE\duola_cv01_tr2\tviibe1m\tools\iar\flash\cm4_mc\rev_d\List\cm4.map
#        --config
#        G:\CODE\duola_cv01_tr2\tviibe1m\tools\iar\flash\cm4_mc\..\..\linker_directives_tviibe_rev_d.icf
#        --semihosting
#        G:\CODE\duola_cv01_tr2\tviibe1m\tools\iar\flash\cm4_mc\..\..\..\..\src\drivers\crypto\libs\libcrypto_client_cm4_iar.a
#        --entry __iar_program_start --vfe --text_out locale)
#
###############################################################################

*******************************************************************************
*** RUNTIME MODEL ATTRIBUTES
***

CppFlavor       = *
__SystemLibrary = DLib
__dlib_version  = 6


*******************************************************************************
*** HEAP SELECTION
***

The basic heap was selected because no calls to memory allocation
functions were found in the application outside of system library
functions, and there are calls to deallocation functions in the
application.


*******************************************************************************
*** PLACEMENT SUMMARY
***

"A0":  place at start of [from 0x1001'8000 to 0x1008'7fff] { section .intvec };
"P1":  place in [from 0x1001'8000 to 0x1008'7fff] { ro };
define block RAMCODE
   with fixed order, alignment = 16 {
      object cm0AsmFunctions.o section .text,
      object swap_bank_cm0plus.o section .text };
"P2":  place in [from 0x800'4000 to 0x801'ffff] { rw, block RAMCODE };
define block HEAP with size = 4K, alignment = 8 { };
define block CSTACK with size = 8K, alignment = 8 { };
define block HEAP_STACK { block HEAP, last block CSTACK };
"A1":  place at end of [from 0x800'4000 to 0x801'ffff] { block HEAP_STACK };
do not initialize { section .intvec_ram };
initialize by copy { rw };

No sections matched the following patterns:

  object cm0AsmFunctions.o section .text    in block RAMCODE
  object swap_bank_cm0plus.o section .text  in block RAMCODE
  ro section .sflash_app_prot               in "P6"
  ro section .sflash_nar                    in "P4"
  ro section .sflash_pkey                   in "P5"
  ro section .sflash_toc2                   in "P7"
  ro section .sflash_uf_rows                in "P3"
  ro section .work_flash                    in "P8"


  Section            Kind         Address      Size  Object
  -------            ----         -------      ----  ------
"P2", part 1 of 3:                            0x9bc
  P2-1                         0x800'4000     0x9bc  <Init block>
    .data            inited    0x800'4000      0x34  batteryHal.o [1]
    .data            inited    0x800'4034      0x34  canHal.o [1]
    .data            inited    0x800'4068       0xc  canHal.o [1]
    .data            inited    0x800'4074       0x4  canPeriodTask.o [1]
    .data            inited    0x800'4078      0x90  cy_canfd.o [1]
    .data            inited    0x800'4108     0x584  cy_interrupt_map.o [1]
    .data            inited    0x800'468c       0x4  cy_interrupt_map.o [1]
    .data            inited    0x800'4690     0x12c  ecuNodeMissingCheck.o [1]
    .data            inited    0x800'47bc      0x14  firmwareUpdateSdk.o [1]
    .data            inited    0x800'47d0       0x4  firmwareUpdateSdk.o [1]
    .data            inited    0x800'47d4      0x4c  logHal.o [1]
    .data            inited    0x800'4820      0x18  mcuMpuSyncTask.o [1]
    .data            inited    0x800'4838      0x34  peripheralHal.o [1]
    .data            inited    0x800'486c       0x8  peripheralHal.o [1]
    .data            inited    0x800'4874      0x20  peripheralHal.o [1]
    .data            inited    0x800'4894       0x4  port.o [1]
    .data            inited    0x800'4898       0x8  RemoteDiagnosticSdk.o [1]
    .data            inited    0x800'48a0      0x9c  remoteDiagnosticTask.o [1]
    .data            inited    0x800'493c      0x14  remoteDiagnosticTask.o [1]
    .data            inited    0x800'4950       0x4  remoteDiagnosticTask.o [1]
    .data            inited    0x800'4954       0x8  remoteDiagnosticTask.o [1]
    .data            inited    0x800'495c       0x4  tasks.o [1]
    .data            inited    0x800'4960       0x4  udsDidFunction.o [1]
    .data            inited    0x800'4964       0x4  udsDidFunction.o [1]
    .data            inited    0x800'4968       0x4  udsDidFunction.o [1]
    .data            inited    0x800'496c       0x4  udsDidFunction.o [1]
    .data            inited    0x800'4970       0x8  rand.o [2]
    .data            inited    0x800'4978       0x2  batterySdk.o [1]
    .data            inited    0x800'497a       0x2  batterySdk.o [1]
    .data            inited    0x800'497c       0x2  batterySdk.o [1]
    .data            inited    0x800'497e       0x2  canMsgDynamicConfigure.o [1]
    .data            inited    0x800'4980       0x2  canMsgToCpu.o [1]
    .data            inited    0x800'4982       0x2  firmwareUpdateSdk.o [1]
    .data            inited    0x800'4984       0x2  firmwareUpdateSdk.o [1]
    .data            inited    0x800'4986       0x2  mcuMpuSyncTask.o [1]
    .data            inited    0x800'4988       0x2  mcuMpuSyncTask.o [1]
    .data            inited    0x800'498a       0x2  mcuMpuSyncTask.o [1]
    .data            inited    0x800'498c       0x2  mpuPowerSyncSdk.o [1]
    .data            inited    0x800'498e       0x2  parameterSyncSdk.o [1]
    .data            inited    0x800'4990       0x2  remoteControl.o [1]
    .data            inited    0x800'4992       0x2  RemoteDiagnosticSdk.o [1]
    .data            inited    0x800'4994       0x2  RemoteDiagnosticUartSdk.o [1]
    .data            inited    0x800'4996       0x2  RemoteDiagnosticUartSdk.o [1]
    .data            inited    0x800'4998       0x2  RemoteDiagnosticUartSdk.o [1]
    .data            inited    0x800'499a       0x2  stateSyncSdk.o [1]
    .data            inited    0x800'499c       0x2  taskDiagnostic.o [1]
    .data            inited    0x800'499e       0x2  taskDiagnostic.o [1]
    .data            inited    0x800'49a0       0x2  taskDiagnostic.o [1]
    .data            inited    0x800'49a2       0x2  taskDiagnostic.o [1]
    .data            inited    0x800'49a4       0x2  taskDtcProcess.o [1]
    .data            inited    0x800'49a6       0x2  taskEcallProcess.o [1]
    .data            inited    0x800'49a8       0x2  taskVehicleDataToCpu.o [1]
    .data            inited    0x800'49aa       0x2  taskVehicleDataToCpu.o [1]
    .data            inited    0x800'49ac       0x2  taskVehicleDataToCpu.o [1]
    .data            inited    0x800'49ae       0x2  taskVehicleDataToCpu.o [1]
    .data            inited    0x800'49b0       0x2  timeSyncSdk.o [1]
    .data            inited    0x800'49b2       0x1  batterySdk.o [1]
    .data            inited    0x800'49b3       0x1  batterySdk.o [1]
    .data            inited    0x800'49b4       0x1  canPeriodTask.o [1]
    .data            inited    0x800'49b5       0x1  RemoteDiagnosticUartSdk.o [1]
    .data            inited    0x800'49b6       0x1  taskDiagnostic.o [1]
    .data            inited    0x800'49b7       0x1  taskDiagnostic.o [1]
    .data            inited    0x800'49b8       0x1  taskDtcProcess.o [1]
    .data            inited    0x800'49b9       0x1  taskEcallProcess.o [1]
    .data            inited    0x800'49ba       0x1  taskPowerManage.o [1]
    .data            inited    0x800'49bb       0x1  taskPowerManage.o [1]
                             - 0x800'49bc     0x9bc

"P2", part 2 of 3:                         0x1'871c
  .bss               zero      0x800'49bc    0x3f70  heap_4.o [1]
  .bss               zero      0x800'892c    0x313c  mpuHal.o [1]
  .bss               zero      0x800'ba68    0x14d0  remoteDiagnosticTask.o [1]
  .bss               zero      0x800'cf38    0x1008  mpuHal.o [1]
  .bss               zero      0x800'df40    0x1000  flashHal.o [1]
  .bss               zero      0x800'ef40    0x1000  mpuHal.o [1]
  .bss               zero      0x800'ff40     0xb40  taskDiagnostic.o [1]
  .bss               zero      0x801'0a80     0x960  canMsgToCpu.o [1]
  .bss               zero      0x801'13e0     0x89c  mpuHal.o [1]
  .bss               zero      0x801'1c7c     0x878  canHal.o [1]
  .bss               zero      0x801'24f4     0x870  taskVehicleDataToCpu.o [1]
  .bss               zero      0x801'2d64     0x870  taskVehicleDataToCpu.o [1]
  .bss               zero      0x801'35d4     0x870  taskVehicleDataToCpu.o [1]
  .bss               zero      0x801'3e44     0x840  canMsgToCpu.o [1]
  .bss               zero      0x801'4684     0x800  taskManage.o [1]
  .bss               zero      0x801'4e84     0x800  taskManage.o [1]
  .bss               zero      0x801'5684     0x640  taskManage.o [1]
  .bss               zero      0x801'5cc4     0x5e4  taskDtcProcess.o [1]
  SYS_RAM            zero      0x801'62a8     0x44c  taskDiagnostic.o [1]
  .bss               zero      0x801'66f4     0x400  firmwareUpdateSdk.o [1]
  .bss               zero      0x801'6af4     0x400  firmwareUpdateSdk.o [1]
  .bss               zero      0x801'6ef4     0x400  main_cm4.o [1]
  .bss               zero      0x801'72f4     0x400  mcuMpuSyncTask.o [1]
  .bss               zero      0x801'76f4     0x400  mcuMpuSyncTask.o [1]
  .bss               zero      0x801'7af4     0x400  SEGGER_RTT1.o [1]
  .bss               zero      0x801'7ef4     0x400  taskDiagnostic.o [1]
  .bss               zero      0x801'82f4     0x400  taskManage.o [1]
  .bss               zero      0x801'86f4     0x400  taskManage.o [1]
  .bss               zero      0x801'8af4     0x400  taskManage.o [1]
  .bss               zero      0x801'8ef4     0x400  taskManage.o [1]
  .bss               zero      0x801'92f4     0x400  taskManage.o [1]
  .bss               zero      0x801'96f4     0x400  taskManage.o [1]
  .bss               zero      0x801'9af4     0x348  autosarNmSdk.o [1]
  .bss               zero      0x801'9e3c     0x288  vehicleSignalApp.o [1]
  .bss               zero      0x801'a0c4     0x200  main_cm4.o [1]
  .bss               zero      0x801'a2c4     0x200  taskManage.o [1]
  .bss               zero      0x801'a4c4     0x200  taskManage.o [1]
  SYS_RAM            zero      0x801'a6c4     0x200  taskDiagnostic.o [1]
  .bss               zero      0x801'a8c4     0x1f8  vehicleSignalApp.o [1]
  .bss               zero      0x801'aabc     0x198  canPeriodTask.o [1]
  .bss               zero      0x801'ac54     0x190  canHal.o [1]
  .bss               zero      0x801'ade4     0x190  canHal.o [1]
  .bss               zero      0x801'af74     0x190  canHal.o [1]
  .bss               zero      0x801'b104     0x178  powerManageSdk.o [1]
  .bss               zero      0x801'b27c     0x140  timerHal.o [1]
  .bss               zero      0x801'b3bc     0x130  canMsgToCpu.o [1]
  .bss               zero      0x801'b4ec     0x12c  taskVehicleDataToCpu.o [1]
  .bss               zero      0x801'b618     0x110  canPeriodTask.o [1]
  .bss               zero      0x801'b728     0x100  RemoteDiagnosticUartSdk.o [1]
  .bss               zero      0x801'b828     0x100  RemoteDiagnosticUartSdk.o [1]
  .bss               zero      0x801'b928      0xc8  logHal.o [1]
  .bss               zero      0x801'b9f0      0xc8  parameterSyncSdk.o [1]
  .bss               zero      0x801'bab8      0xa8  SEGGER_RTT1.o [1]
  .bss               zero      0x801'bb60      0xa0  tasks.o [1]
  .bss               zero      0x801'bc00      0xa0  timers.o [1]
  .bss               zero      0x801'bca0      0x9c  canHal.o [1]
  .bss               zero      0x801'bd3c      0x84  rand.o [2]
  .bss               zero      0x801'bdc0      0x80  logHal.o [1]
  .bss               zero      0x801'be40      0x80  mpuHal.o [1]
  .bss               zero      0x801'bec0      0x70  cy_syslib.o [1]
  .bss               zero      0x801'bf30      0x6c  udsTp.o [1]
  .bss               zero      0x801'bf9c      0x68  main_cm4.o [1]
  .bss               zero      0x801'c004      0x68  main_cm4.o [1]
  .bss               zero      0x801'c06c      0x68  taskManage.o [1]
  .bss               zero      0x801'c0d4      0x68  taskManage.o [1]
  .bss               zero      0x801'c13c      0x68  taskManage.o [1]
  .bss               zero      0x801'c1a4      0x68  taskManage.o [1]
  .bss               zero      0x801'c20c      0x68  taskManage.o [1]
  .bss               zero      0x801'c274      0x68  taskManage.o [1]
  .bss               zero      0x801'c2dc      0x68  taskManage.o [1]
  .bss               zero      0x801'c344      0x68  taskManage.o [1]
  .bss               zero      0x801'c3ac      0x68  taskManage.o [1]
  .bss               zero      0x801'c414      0x68  taskManage.o [1]
  .bss               zero      0x801'c47c      0x68  taskManage.o [1]
  .bss               zero      0x801'c4e4      0x64  mcuMpuSyncTask.o [1]
  .bss               zero      0x801'c548      0x64  mcuMpuSyncTask.o [1]
  .bss               zero      0x801'c5ac      0x64  taskVehicleDataToCpu.o [1]
  .bss               zero      0x801'c610      0x50  canTpSdk.o [1]
  .bss               zero      0x801'c660      0x48  ecuNodeMissingCheck.o [1]
  .bss               zero      0x801'c6a8      0x48  timers.o [1]
  .bss               zero      0x801'c6f0      0x40  firmwareUpdateSdk.o [1]
  .bss               zero      0x801'c730      0x40  mpuPowerSyncSdk.o [1]
  .bss               zero      0x801'c770      0x40  parameterSyncSdk.o [1]
  .bss               zero      0x801'c7b0      0x40  stateSyncSdk.o [1]
  .bss               zero      0x801'c7f0      0x3c  peripheralHal.o [1]
  .bss               zero      0x801'c82c      0x3c  peripheralHal.o [1]
  .bss               zero      0x801'c868      0x38  logHal.o [1]
  .bss               zero      0x801'c8a0      0x38  logHal.o [1]
  .bss               zero      0x801'c8d8      0x38  mpuHal.o [1]
  .bss               zero      0x801'c910      0x34  canPeriodTask.o [1]
  .bss               zero      0x801'c944      0x34  remoteControl.o [1]
  .bss               zero      0x801'c978      0x34  stateSyncSdk.o [1]
  .bss               zero      0x801'c9ac      0x2c  hsmHal.o [1]
  .bss               zero      0x801'c9d8      0x28  remoteControl.o [1]
  .bss               zero      0x801'ca00      0x28  remoteControl.o [1]
  .bss               zero      0x801'ca28      0x28  remoteControl.o [1]
  .bss               zero      0x801'ca50      0x28  remoteControl.o [1]
  .bss               zero      0x801'ca78      0x28  remoteControl.o [1]
  .bss               zero      0x801'caa0      0x28  remoteControl.o [1]
  .bss               zero      0x801'cac8      0x28  remoteControl.o [1]
  .bss               zero      0x801'caf0      0x28  remoteControl.o [1]
  .bss               zero      0x801'cb18      0x28  remoteControl.o [1]
  .bss               zero      0x801'cb40      0x24  ecuNodeMissingCheck.o [1]
  .bss               zero      0x801'cb64      0x24  remoteControl.o [1]
  .bss               zero      0x801'cb88      0x20  peripheralHal.o [1]
  .bss               zero      0x801'cba8      0x20  queue.o [1]
  .bss               zero      0x801'cbc8      0x1c  ecuNodeMissingCheck.o [1]
  .bss               zero      0x801'cbe4      0x1c  parameterSyncSdk.o [1]
  .bss               zero      0x801'cc00      0x18  cy_sysclk.o [1]
  .bss               zero      0x801'cc18      0x18  cy_syslib.o [1]
  .bss               zero      0x801'cc30      0x18  remoteControl.o [1]
  .bss               zero      0x801'cc48      0x14  canPeriodTask.o [1]
  .bss               zero      0x801'cc5c      0x14  canPeriodTask.o [1]
  .bss               zero      0x801'cc70      0x14  remoteControl.o [1]
  .bss               zero      0x801'cc84      0x14  remoteDiagnosticTask.o [1]
  .bss               zero      0x801'cc98      0x14  RemoteDiagnosticUartSdk.o [1]
  .bss               zero      0x801'ccac      0x14  RemoteDiagnosticUartSdk.o [1]
  .bss               zero      0x801'ccc0      0x14  taskEcallProcess.o [1]
  .bss               zero      0x801'ccd4      0x14  tasks.o [1]
  .bss               zero      0x801'cce8      0x14  tasks.o [1]
  .bss               zero      0x801'ccfc      0x14  tasks.o [1]
  .bss               zero      0x801'cd10      0x14  tasks.o [1]
  .bss               zero      0x801'cd24      0x14  tasks.o [1]
  .bss               zero      0x801'cd38      0x14  timers.o [1]
  .bss               zero      0x801'cd4c      0x14  timers.o [1]
  .bss               zero      0x801'cd60      0x14  udsDidFunction.o [1]
  SYS_RAM            zero      0x801'cd74      0x14  taskDiagnostic.o [1]
  SYS_RAM            zero      0x801'cd88      0x14  taskDiagnostic.o [1]
  .bss               zero      0x801'cd9c      0x10  cy_srom.o [1]
  .bss               zero      0x801'cdac      0x10  remoteControl.o [1]
  .bss               zero      0x801'cdbc      0x10  SEGGER_RTT1.o [1]
  .bss               zero      0x801'cdcc      0x10  stateSyncSdk.o [1]
  .bss               zero      0x801'cddc      0x10  taskEcallProcess.o [1]
  .bss               zero      0x801'cdec       0xc  cy_canfd.o [1]
  .bss               zero      0x801'cdf8       0xc  firmwareUpdateSdk.o [1]
  .bss               zero      0x801'ce04       0xc  mcuMpuSyncTask.o [1]
  .bss               zero      0x801'ce10       0xc  mcuMpuSyncTask.o [1]
  .bss               zero      0x801'ce1c       0xc  mpuPowerSyncSdk.o [1]
  .bss               zero      0x801'ce28       0xc  parameterSyncSdk.o [1]
  .bss               zero      0x801'ce34       0xc  parameterSyncSdk.o [1]
  .bss               zero      0x801'ce40       0xc  remoteControl.o [1]
  .bss               zero      0x801'ce4c       0xc  stateSyncSdk.o [1]
  .bss               zero      0x801'ce58       0xc  stateSyncSdk.o [1]
  .bss               zero      0x801'ce64       0xc  udsDidFunction.o [1]
  .bss               zero      0x801'ce70       0xc  udsEolTest.o [1]
  .bss               zero      0x801'ce7c       0xc  udsEolTest.o [1]
  SYS_RAM            zero      0x801'ce88       0xc  canPeriodTask.o [1]
  .bss               zero      0x801'ce94       0x8  canHal.o [1]
  .bss               zero      0x801'ce9c       0x8  canHal.o [1]
  .bss               zero      0x801'cea4       0x8  canMsgToCpu.o [1]
  .bss               zero      0x801'ceac       0x8  heap_4.o [1]
  .bss               zero      0x801'ceb4       0x8  powerManageHal.o [1]
  .bss               zero      0x801'cebc       0x8  RemoteDiagnosticSdk.o [1]
  .bss               zero      0x801'cec4       0x8  stateSyncSdk.o [1]
  .bss               zero      0x801'cecc       0x8  taskDtcProcess.o [1]
  .bss               zero      0x801'ced4       0x8  timeSyncSdk.o [1]
  .bss               zero      0x801'cedc       0x4  autosarNmSdk.o [1]
  .bss               zero      0x801'cee0       0x4  autosarNmSdk.o [1]
  .bss               zero      0x801'cee4       0x4  batterySdk.o [1]
  .bss               zero      0x801'cee8       0x4  batterySdk.o [1]
  .bss               zero      0x801'ceec       0x4  batterySdk.o [1]
  .bss               zero      0x801'cef0       0x4  batterySdk.o [1]
  .bss               zero      0x801'cef4       0x4  canHal.o [1]
  .bss               zero      0x801'cef8       0x4  canHal.o [1]
  .bss               zero      0x801'cefc       0x4  canHal.o [1]
  .bss               zero      0x801'cf00       0x4  canMsgDynamicConfigure.o [1]
  .bss               zero      0x801'cf04       0x4  canPeriodTask.o [1]
  .bss               zero      0x801'cf08       0x4  cy_srom.o [1]
  .bss               zero      0x801'cf0c       0x4  cy_syslib.o [1]
  .bss               zero      0x801'cf10       0x4  cy_syspm.o [1]
  .bss               zero      0x801'cf14       0x4  cy_syspm.o [1]
  .bss               zero      0x801'cf18       0x4  cy_syspm.o [1]
  .bss               zero      0x801'cf1c       0x4  ecuNodeMissingCheck.o [1]
  .bss               zero      0x801'cf20       0x4  flashHal.o [1]
  .bss               zero      0x801'cf24       0x4  heap_4.o [1]
  .bss               zero      0x801'cf28       0x4  heap_4.o [1]
  .bss               zero      0x801'cf2c       0x4  heap_4.o [1]
  .bss               zero      0x801'cf30       0x4  heap_4.o [1]
  .bss               zero      0x801'cf34       0x4  heap_4.o [1]
  .bss               zero      0x801'cf38       0x4  heap_4.o [1]
  .bss               zero      0x801'cf3c       0x4  mpuHal.o [1]
  .bss               zero      0x801'cf40       0x4  mpuPowerSyncSdk.o [1]
  .bss               zero      0x801'cf44       0x4  mpuPowerSyncSdk.o [1]
  .bss               zero      0x801'cf48       0x4  mpuPowerSyncSdk.o [1]
  .bss               zero      0x801'cf4c       0x4  mpuPowerSyncSdk.o [1]
  .bss               zero      0x801'cf50       0x4  parameterSyncSdk.o [1]
  .bss               zero      0x801'cf54       0x4  parameterSyncSdk.o [1]
  .bss               zero      0x801'cf58       0x4  peripheralHal.o [1]
  .bss               zero      0x801'cf5c       0x4  peripheralHal.o [1]
  .bss               zero      0x801'cf60       0x4  port.o [1]
  .bss               zero      0x801'cf64       0x4  remoteControl.o [1]
  .bss               zero      0x801'cf68       0x4  remoteControl.o [1]
  .bss               zero      0x801'cf6c       0x4  remoteControl.o [1]
  .bss               zero      0x801'cf70       0x4  remoteControl.o [1]
  .bss               zero      0x801'cf74       0x4  remoteControl.o [1]
  .bss               zero      0x801'cf78       0x4  RemoteDiagnosticSdk.o [1]
  .bss               zero      0x801'cf7c       0x4  stateSyncSdk.o [1]
  .bss               zero      0x801'cf80       0x4  stateSyncSdk.o [1]
  .bss               zero      0x801'cf84       0x4  system_tviibe1m_cm4.o [1]
  .bss               zero      0x801'cf88       0x4  system_tviibe1m_cm4.o [1]
  .bss               zero      0x801'cf8c       0x4  system_tviibe1m_cm4.o [1]
  .bss               zero      0x801'cf90       0x4  system_tviibe1m_cm4.o [1]
  .bss               zero      0x801'cf94       0x4  system_tviibe1m_cm4.o [1]
  .bss               zero      0x801'cf98       0x4  taskDiagnostic.o [1]
  .bss               zero      0x801'cf9c       0x4  taskDiagnostic.o [1]
  .bss               zero      0x801'cfa0       0x4  taskDiagnostic.o [1]
  .bss               zero      0x801'cfa4       0x4  taskDiagnostic.o [1]
  .bss               zero      0x801'cfa8       0x4  taskDiagnostic.o [1]
  .bss               zero      0x801'cfac       0x4  taskDiagnostic.o [1]
  .bss               zero      0x801'cfb0       0x4  taskDtcProcess.o [1]
  .bss               zero      0x801'cfb4       0x4  taskDtcProcess.o [1]
  .bss               zero      0x801'cfb8       0x4  taskDtcProcess.o [1]
  .bss               zero      0x801'cfbc       0x4  taskEcallProcess.o [1]
  .bss               zero      0x801'cfc0       0x4  taskPowerManage.o [1]
  .bss               zero      0x801'cfc4       0x4  taskPowerManage.o [1]
  .bss               zero      0x801'cfc8       0x4  taskPowerManage.o [1]
  .bss               zero      0x801'cfcc       0x4  taskPowerManage.o [1]
  .bss               zero      0x801'cfd0       0x4  tasks.o [1]
  .bss               zero      0x801'cfd4       0x4  tasks.o [1]
  .bss               zero      0x801'cfd8       0x4  tasks.o [1]
  .bss               zero      0x801'cfdc       0x4  tasks.o [1]
  .bss               zero      0x801'cfe0       0x4  tasks.o [1]
  .bss               zero      0x801'cfe4       0x4  tasks.o [1]
  .bss               zero      0x801'cfe8       0x4  tasks.o [1]
  .bss               zero      0x801'cfec       0x4  tasks.o [1]
  .bss               zero      0x801'cff0       0x4  tasks.o [1]
  .bss               zero      0x801'cff4       0x4  tasks.o [1]
  .bss               zero      0x801'cff8       0x4  tasks.o [1]
  .bss               zero      0x801'cffc       0x4  tasks.o [1]
  .bss               zero      0x801'd000       0x4  tasks.o [1]
  .bss               zero      0x801'd004       0x4  tasks.o [1]
  .bss               zero      0x801'd008       0x4  tasks.o [1]
  .bss               zero      0x801'd00c       0x4  taskVehicleDataToCpu.o [1]
  .bss               zero      0x801'd010       0x4  timerHal.o [1]
  .bss               zero      0x801'd014       0x4  timerHal.o [1]
  .bss               zero      0x801'd018       0x4  timerHal.o [1]
  .bss               zero      0x801'd01c       0x4  timerHal.o [1]
  .bss               zero      0x801'd020       0x4  timers.o [1]
  .bss               zero      0x801'd024       0x4  timers.o [1]
  .bss               zero      0x801'd028       0x4  timers.o [1]
  .bss               zero      0x801'd02c       0x4  timers.o [1]
  .bss               zero      0x801'd030       0x4  timers.o [1]
  .bss               zero      0x801'd034       0x4  udsEolTest.o [1]
  .bss               zero      0x801'd038       0x4  cy_crypto.o [3]
  .bss               zero      0x801'd03c       0x4  xfail_s.o [2]
  .bss               zero      0x801'd040       0x2  autosarNmSdk.o [1]
  .bss               zero      0x801'd042       0x2  autosarNmSdk.o [1]
  .bss               zero      0x801'd044       0x2  batterySdk.o [1]
  .bss               zero      0x801'd046       0x2  canMsgDynamicConfigure.o [1]
  .bss               zero      0x801'd048       0x2  canMsgToCpu.o [1]
  .bss               zero      0x801'd04a       0x2  canPeriodTask.o [1]
  .bss               zero      0x801'd04c       0x2  canPeriodTask.o [1]
  .bss               zero      0x801'd04e       0x2  mpuPowerSyncSdk.o [1]
  .bss               zero      0x801'd050       0x2  mpuPowerSyncSdk.o [1]
  .bss               zero      0x801'd052       0x2  mpuPowerSyncSdk.o [1]
  .bss               zero      0x801'd054       0x2  parameterSyncSdk.o [1]
  .bss               zero      0x801'd056       0x2  parameterSyncSdk.o [1]
  .bss               zero      0x801'd058       0x2  parameterSyncSdk.o [1]
  .bss               zero      0x801'd05a       0x2  powerManageHal.o [1]
  .bss               zero      0x801'd05c       0x2  remoteControl.o [1]
  .bss               zero      0x801'd05e       0x2  remoteControl.o [1]
  .bss               zero      0x801'd060       0x2  RemoteDiagnosticSdk.o [1]
  .bss               zero      0x801'd062       0x2  stateSyncSdk.o [1]
  .bss               zero      0x801'd064       0x2  stateSyncSdk.o [1]
  .bss               zero      0x801'd066       0x2  taskDiagnostic.o [1]
  .bss               zero      0x801'd068       0x2  taskDiagnostic.o [1]
  .bss               zero      0x801'd06a       0x2  taskDtcProcess.o [1]
  .bss               zero      0x801'd06c       0x2  taskEcallProcess.o [1]
  .bss               zero      0x801'd06e       0x2  taskEcallProcess.o [1]
  .bss               zero      0x801'd070       0x2  taskPowerManage.o [1]
  .bss               zero      0x801'd072       0x2  taskVehicleDataToCpu.o [1]
  .bss               zero      0x801'd074       0x2  taskVehicleDataToCpu.o [1]
  .bss               zero      0x801'd076       0x1  autosarNmSdk.o [1]
  .bss               zero      0x801'd077       0x1  autosarNmSdk.o [1]
  .bss               zero      0x801'd078       0x1  batterySdk.o [1]
  .bss               zero      0x801'd079       0x1  batterySdk.o [1]
  .bss               zero      0x801'd07a       0x1  batterySdk.o [1]
  .bss               zero      0x801'd07b       0x1  batterySdk.o [1]
  .bss               zero      0x801'd07c       0x1  batterySdk.o [1]
  .bss               zero      0x801'd07d       0x1  batterySdk.o [1]
  .bss               zero      0x801'd07e       0x1  batterySdk.o [1]
  .bss               zero      0x801'd07f       0x1  canHal.o [1]
  .bss               zero      0x801'd080       0x1  canMsgDynamicConfigure.o [1]
  .bss               zero      0x801'd081       0x1  canPeriodTask.o [1]
  .bss               zero      0x801'd082       0x1  canPeriodTask.o [1]
  .bss               zero      0x801'd083       0x1  canTpSdk.o [1]
  .bss               zero      0x801'd084       0x1  cy_mw_flash.o [1]
  .bss               zero      0x801'd085       0x1  cy_mw_flash.o [1]
  .bss               zero      0x801'd086       0x1  cy_sysclk.o [1]
  .bss               zero      0x801'd087       0x1  ecuNodeMissingCheck.o [1]
  .bss               zero      0x801'd088       0x1  ecuNodeMissingCheck.o [1]
  .bss               zero      0x801'd089       0x1  ecuNodeMissingCheck.o [1]
  .bss               zero      0x801'd08a       0x1  firmwareUpdateSdk.o [1]
  .bss               zero      0x801'd08b       0x1  firmwareUpdateSdk.o [1]
  .bss               zero      0x801'd08c       0x1  logHal.o [1]
  .bss               zero      0x801'd08d       0x1  mpuPowerSyncSdk.o [1]
  .bss               zero      0x801'd08e       0x1  mpuPowerSyncSdk.o [1]
  .bss               zero      0x801'd08f       0x1  mpuPowerSyncSdk.o [1]
  .bss               zero      0x801'd090       0x1  mpuPowerSyncSdk.o [1]
  .bss               zero      0x801'd091       0x1  mpuPowerSyncSdk.o [1]
  .bss               zero      0x801'd092       0x1  mpuPowerSyncSdk.o [1]
  .bss               zero      0x801'd093       0x1  mpuPowerSyncSdk.o [1]
  .bss               zero      0x801'd094       0x1  parameterSyncSdk.o [1]
  .bss               zero      0x801'd095       0x1  parameterSyncSdk.o [1]
  .bss               zero      0x801'd096       0x1  parameterSyncSdk.o [1]
  .bss               zero      0x801'd097       0x1  parameterSyncSdk.o [1]
  .bss               zero      0x801'd098       0x1  parameterSyncSdk.o [1]
  .bss               zero      0x801'd099       0x1  peripheralHal.o [1]
  .bss               zero      0x801'd09a       0x1  peripheralHal.o [1]
  .bss               zero      0x801'd09b       0x1  port.o [1]
  .bss               zero      0x801'd09c       0x1  powerManageHal.o [1]
  .bss               zero      0x801'd09d       0x1  remoteControl.o [1]
  .bss               zero      0x801'd09e       0x1  remoteControl.o [1]
  .bss               zero      0x801'd09f       0x1  remoteControl.o [1]
  .bss               zero      0x801'd0a0       0x1  remoteControl.o [1]
  .bss               zero      0x801'd0a1       0x1  remoteControl.o [1]
  .bss               zero      0x801'd0a2       0x1  remoteControl.o [1]
  .bss               zero      0x801'd0a3       0x1  remoteControl.o [1]
  .bss               zero      0x801'd0a4       0x1  remoteControl.o [1]
  .bss               zero      0x801'd0a5       0x1  remoteControl.o [1]
  .bss               zero      0x801'd0a6       0x1  RemoteDiagnosticSdk.o [1]
  .bss               zero      0x801'd0a7       0x1  RemoteDiagnosticSdk.o [1]
  .bss               zero      0x801'd0a8       0x1  RemoteDiagnosticSdk.o [1]
  .bss               zero      0x801'd0a9       0x1  RemoteDiagnosticUartSdk.o [1]
  .bss               zero      0x801'd0aa       0x1  RemoteDiagnosticUartSdk.o [1]
  .bss               zero      0x801'd0ab       0x1  RemoteDiagnosticUartSdk.o [1]
  .bss               zero      0x801'd0ac       0x1  RemoteDiagnosticUartSdk.o [1]
  .bss               zero      0x801'd0ad       0x1  RemoteDiagnosticUartSdk.o [1]
  .bss               zero      0x801'd0ae       0x1  RemoteDiagnosticUartSdk.o [1]
  .bss               zero      0x801'd0af       0x1  RemoteDiagnosticUartSdk.o [1]
  .bss               zero      0x801'd0b0       0x1  RemoteDiagnosticUartSdk.o [1]
  .bss               zero      0x801'd0b1       0x1  RemoteDiagnosticUartSdk.o [1]
  .bss               zero      0x801'd0b2       0x1  RemoteDiagnosticUartSdk.o [1]
  .bss               zero      0x801'd0b3       0x1  RemoteDiagnosticUartSdk.o [1]
  .bss               zero      0x801'd0b4       0x1  RemoteDiagnosticUartSdk.o [1]
  .bss               zero      0x801'd0b5       0x1  taskDiagnostic.o [1]
  .bss               zero      0x801'd0b6       0x1  taskDiagnostic.o [1]
  .bss               zero      0x801'd0b7       0x1  taskDiagnostic.o [1]
  .bss               zero      0x801'd0b8       0x1  taskDiagnostic.o [1]
  .bss               zero      0x801'd0b9       0x1  taskDiagnostic.o [1]
  .bss               zero      0x801'd0ba       0x1  taskDiagnostic.o [1]
  .bss               zero      0x801'd0bb       0x1  taskDiagnostic.o [1]
  .bss               zero      0x801'd0bc       0x1  taskDiagnostic.o [1]
  .bss               zero      0x801'd0bd       0x1  taskDiagnostic.o [1]
  .bss               zero      0x801'd0be       0x1  taskDiagnostic.o [1]
  .bss               zero      0x801'd0bf       0x1  taskDiagnostic.o [1]
  .bss               zero      0x801'd0c0       0x1  taskDiagnostic.o [1]
  .bss               zero      0x801'd0c1       0x1  taskDiagnostic.o [1]
  .bss               zero      0x801'd0c2       0x1  taskDtcProcess.o [1]
  .bss               zero      0x801'd0c3       0x1  taskDtcProcess.o [1]
  .bss               zero      0x801'd0c4       0x1  taskDtcProcess.o [1]
  .bss               zero      0x801'd0c5       0x1  taskDtcProcess.o [1]
  .bss               zero      0x801'd0c6       0x1  taskEcallProcess.o [1]
  .bss               zero      0x801'd0c7       0x1  taskPowerManage.o [1]
  .bss               zero      0x801'd0c8       0x1  taskPowerManage.o [1]
  .bss               zero      0x801'd0c9       0x1  taskPowerManage.o [1]
  .bss               zero      0x801'd0ca       0x1  taskPowerManage.o [1]
  .bss               zero      0x801'd0cb       0x1  taskVehicleDataToCpu.o [1]
  .bss               zero      0x801'd0cc       0x1  taskVehicleDataToCpu.o [1]
  .bss               zero      0x801'd0cd       0x1  taskVehicleDataToCpu.o [1]
  .bss               zero      0x801'd0ce       0x1  taskVehicleDataToCpu.o [1]
  .bss               zero      0x801'd0cf       0x1  timerHal.o [1]
  .bss               zero      0x801'd0d0       0x1  udsDidFunction.o [1]
  .bss               zero      0x801'd0d1       0x1  udsDidFunction.o [1]
  .bss               zero      0x801'd0d2       0x1  udsDidFunction.o [1]
  .bss               zero      0x801'd0d3       0x1  udsDidFunction.o [1]
  .bss               zero      0x801'd0d4       0x1  udsEolTest.o [1]
  .bss               zero      0x801'd0d5       0x1  udsEolTest.o [1]
  .bss               zero      0x801'd0d6       0x1  udsEolTest.o [1]
  .bss               zero      0x801'd0d7       0x1  udsTp.o [1]
                             - 0x801'd0d8  0x1'871c

"P2", part 3 of 3:                             0x80
  .intvec_ram        uninit    0x801'd400      0x80  startup_cm4.o [1]
                             - 0x801'd480      0x80

"A1":                                        0x2000
  HEAP_STACK                   0x801'e000    0x2000  <Block>
    CSTACK                     0x801'e000    0x2000  <Block>
      CSTACK         uninit    0x801'e000    0x2000  <Block tail>
                             - 0x802'0000    0x2000

"A0":                                          0x80
  .intvec            ro code  0x1001'8000      0x80  startup_cm4.o [1]
                            - 0x1001'8080      0x80

"P1":                                      0x2'6e78
  .text              ro code  0x1001'8080    0x3120  remoteControl.o [1]
  .text              ro code  0x1001'b1a0       0x6  ABImemclr4.o [5]
  .text              ro code  0x1001'b1a6      0x3a  zero_init3.o [5]
  .text              ro code  0x1001'b1e0     0xce4  mpuHal.o [1]
  .text              ro code  0x1001'bec4     0x528  logHal.o [1]
  .text              ro code  0x1001'c3ec     0xd68  tasks.o [1]
  .text              ro code  0x1001'd154     0xab4  canPeriodTask.o [1]
  .text              ro code  0x1001'dc08      0x66  ABImemset.o [5]
  .text              ro code  0x1001'dc6e       0xe  cy_syslib.o [1]
  .text              ro code  0x1001'dc7c      0xa6  ABImemcpy.o [5]
  .text              ro code  0x1001'dd22       0xa  xsprout.o [2]
  .text              ro code  0x1001'dd2c     0x1f4  vehicleSignalApp.o [1]
  .text              ro code  0x1001'df20     0x3f4  canParseSdk.o [1]
  .text              ro code  0x1001'e314      0x3a  DblToS32.o [4]
  .rodata            const    0x1001'e34e       0x2  canMsgDynamicConfigure.o [1]
  .text              ro code  0x1001'e350    0x1192  peripheralHal.o [1]
  .rodata            const    0x1001'f4e2       0x2  taskPowerManage.o [1]
  .text              ro code  0x1001'f4e4     0x7ec  taskVehicleDataToCpu.o [1]
  .text              ro code  0x1001'fcd0    0x15b4  autosarNmSdk.o [1]
  .text              ro code  0x1002'1284     0x6b4  ParameterStoreManageApp.o [1]
  .text              ro code  0x1002'1938     0xf20  powerManageSdk.o [1]
  .text              ro code  0x1002'2858    0x2982  taskDiagnostic.o [1]
  .rodata            const    0x1002'51da       0x2  taskPowerManage.o [1]
  .text              ro code  0x1002'51dc    0x1060  taskDtcProcess.o [1]
  .text              ro code  0x1002'623c     0x63c  firmwareUpdateSdk.o [1]
  .text              ro code  0x1002'6878      0x32  ABImemset48.o [5]
  .text              ro code  0x1002'68aa     0x13e  cy_scb_common.o [1]
  .text              ro code  0x1002'69e8     0x1b4  cy_gpio.o [1]
  .text              ro code  0x1002'6b9c     0xa00  queue.o [1]
  .text              ro code  0x1002'759c     0x10e  crc8_16_32.o [1]
  .rodata            const    0x1002'76aa       0x2  taskPowerManage.o [1]
  .text              ro code  0x1002'76ac     0x8fe  cy_scb_uart.o [1]
  .rodata            const    0x1002'7faa       0x2  taskPowerManage.o [1]
  .text              ro code  0x1002'7fac     0x230  I64DivMod.o [5]
  .text              ro code  0x1002'81dc      0x7c  cy_sysint.o [1]
  .text              ro code  0x1002'8258     0x26c  SEGGER_RTT1.o [1]
  .text              ro code  0x1002'84c4     0x48e  SEGGER_RTT_printf1.o [1]
  .rodata            const    0x1002'8952       0x2  taskPowerManage.o [1]
  .text              ro code  0x1002'8954      0x34  vsprintf.o [2]
  .text              ro code  0x1002'8988      0x36  strlen.o [5]
  .rodata            const    0x1002'89be       0x2  taskPowerManage.o [1]
  .text              ro code  0x1002'89c0     0x290  heap_4.o [1]
  .text              ro code  0x1002'8c50      0x9a  list.o [1]
  .rodata            const    0x1002'8cea       0x1  udsSecurityCalculate.o [1]
  .text              ro code  0x1002'8cec     0x244  port.o [1]
  .text              ro code  0x1002'8f30     0x118  main_cm4.o [1]
  .text              ro code  0x1002'9048     0x4d4  timers.o [1]
  .text              ro code  0x1002'951c    0x15a8  udsDidFunction.o [1]
  .text              ro code  0x1002'aac4     0x298  timeSyncSdk.o [1]
  .text              ro code  0x1002'ad5c    0x24c2  canHal.o [1]
  .text              ro code  0x1002'd220      0x1a  U32ToDbl.o [4]
  .text              ro code  0x1002'd23c      0x68  DblToFlt.o [4]
  .text              ro code  0x1002'd2a4      0x48  FltToDbl.o [4]
  .text              ro code  0x1002'd2ec      0xc6  cy_syslib.o [1]
  .text              ro code  0x1002'd3c0      0x1e  cy_syslib_iar.o [1]
  .text              ro code  0x1002'd3e0      0x70  strncpy.o [5]
  .text              ro code  0x1002'd450     0x124  batteryHal.o [1]
  .text              ro code  0x1002'd574     0x370  cy_adc.o [1]
  .text              ro code  0x1002'd8e4     0x140  cy_tcpwm_counter.o [1]
  .text              ro code  0x1002'da24       0xa  cy_tcpwm.o [1]
  .text              ro code  0x1002'da30     0x20c  cy_mcwdt.o [1]
  .text              ro code  0x1002'dc3c     0x624  ecuNodeMissingCheck.o [1]
  .text              ro code  0x1002'e260     0x4e8  canMsgToCpu.o [1]
  .text              ro code  0x1002'e748     0x1bc  canMsgDynamicConfigure.o [1]
  .text              ro code  0x1002'e904     0x474  timerHal.o [1]
  .text              ro code  0x1002'ed78     0x5f0  flashHal.o [1]
  .text              ro code  0x1002'f368     0x54c  mpuPowerSyncSdk.o [1]
  .text              ro code  0x1002'f8b4     0x5bc  parameterSyncSdk.o [1]
  .text              ro code  0x1002'fe70     0x128  powerManageHal.o [1]
  .text              ro code  0x1002'ff98     0xb48  canTpSdk.o [1]
  .text              ro code  0x1003'0ae0     0x14c  udsSecurityCalculate.o [1]
  .text              ro code  0x1003'0c2c     0xb28  udsEolTest.o [1]
  .text              ro code  0x1003'1754      0x28  DblToU32.o [4]
  .text              ro code  0x1003'177c     0x1a2  DblMul.o [4]
  .text              ro code  0x1003'1920     0x4a0  taskPowerManage.o [1]
  .text              ro code  0x1003'1dc0     0x820  RemoteDiagnosticSdk.o [1]
  .text              ro code  0x1003'25e0       0x2  I64DivZer.o [5]
  .text              ro code  0x1003'25e4      0x18  strcpy.o [5]
  .text              ro code  0x1003'25fc     0xfa6  xprintffull_nomb.o [2]
  CODE               ro code  0x1003'35a4      0xb0  portasm.o [1]
  .text              ro code  0x1003'3654      0xf0  system_tviibe1m_cm4.o [1]
  .text              ro code  0x1003'3744      0x8c  cy_ipc_drv.o [1]
  .text              ro code  0x1003'37d0     0x270  taskManage.o [1]
  .text              ro code  0x1003'3a40     0x11c  projectConfigure.o [1]
  .text              ro code  0x1003'3b5c     0xa1c  batterySdk.o [1]
  .text              ro code  0x1003'4578     0x554  stateSyncSdk.o [1]
  .text              ro code  0x1003'4acc      0x16  math_wrappers64.o [4]
  .text              ro code  0x1003'4ae4     0xf40  cy_canfd.o [1]
  .text              ro code  0x1003'5a24     0x2b0  cy_mw_flash.o [1]
  .text              ro code  0x1003'5cd4     0x140  cy_syspm.o [1]
  .text              ro code  0x1003'5e14      0x50  hsmHal.o [1]
  .text              ro code  0x1003'5e64      0xa4  rand.o [2]
  .text              ro code  0x1003'5f08    0x1244  udsTp.o [1]
  .text              ro code  0x1003'714c    0x1898  RemoteDiagnosticUartSdk.o [1]
  .text              ro code  0x1003'89e4      0x16  strchr.o [5]
  .text              ro code  0x1003'89fc      0x40  xfail_s.o [2]
  .text              ro code  0x1003'8a3c      0x58  memchr.o [5]
  .text              ro code  0x1003'8a94      0x70  frexp.o [4]
  .text              ro code  0x1003'8b04      0x2e  DblCmpLe.o [4]
  .text              ro code  0x1003'8b34      0x2e  DblCmpGe.o [4]
  .text              ro code  0x1003'8b64     0x13a  ldexp.o [4]
  .text              ro code  0x1003'8ca0      0x22  S32ToDbl.o [4]
  .text              ro code  0x1003'8cc4      0xe2  DblSub.o [4]
  .text              ro code  0x1003'8da8     0x246  DblDiv.o [4]
  .text              ro code  0x1003'8ff0     0x65c  cy_sysclk.o [1]
  .text              ro code  0x1003'964c       0x8  startup_cm4.o [1]
  .text              ro code  0x1003'9654       0x6  startup_cm4.o [1]
  .text              ro code  0x1003'965c     0x110  ecallHal.o [1]
  .text              ro code  0x1003'976c     0x6c4  pow64.o [4]
  .text              ro code  0x1003'9e30     0x2d8  cy_srom.o [1]
  .text              ro code  0x1003'a108     0x404  cy_flash.o [1]
  .text              ro code  0x1003'a50c     0x26e  cy_crypto.o [3]
  .text              ro code  0x1003'a77a       0x6  abort.o [2]
  .text              ro code  0x1003'a780     0x17a  DblAdd.o [4]
  .text              ro code  0x1003'a8fc      0x20  DblCmpEq.o [4]
  .text              ro code  0x1003'a91c     0x3ac  iar_Exp64.o [4]
  .text              ro code  0x1003'acc8      0x14  exit.o [6]
  .rodata            const    0x1003'acdc     0x680  vehicleSignalApp.o [1]
  .text              ro code  0x1003'b35c     0x450  mcuMpuSyncTask.o [1]
  .rodata            const    0x1003'b7ac      0x6c  cy_srom.o [1]
  .rodata            const    0x1003'b818     0x420  pow64.o [4]
  .rodata            const    0x1003'bc38     0x3a0  taskDtcProcess.o [1]
  .text              ro code  0x1003'bfd8     0x39c  taskEcallProcess.o [1]
  .rodata            const    0x1003'c374     0x234  batterySdk.o [1]
  .rodata            const    0x1003'c5a8     0x200  crc8_16_32.o [1]
  .text              ro code  0x1003'c7a8     0x198  cy_interrupt_map.o [1]
  .text              ro code  0x1003'c940     0x178  startup.o [1]
  .rodata            const    0x1003'cab8     0x168  canHal.o [1]
  .rodata            const    0x1003'cc20     0x140  taskDiagnostic.o [1]
  .rodata            const    0x1003'cd60     0x138  udsEolTest.o [1]
  .rodata            const    0x1003'ce98      0xbc  cy_crypto.o [3]
  .rodata            const    0x1003'cf54      0xa8  batterySdk.o [1]
  .rodata            const    0x1003'cffc      0xa8  udsEolTest.o [1]
  .rodata            const    0x1003'd0a4      0x98  taskPowerManage.o [1]
  .text              ro code  0x1003'd13c      0x90  remoteDiagnosticTask.o [1]
  .rodata            const    0x1003'd1cc      0x80  batterySdk.o [1]
  .rodata            const    0x1003'd24c      0x78  ecuNodeMissingCheck.o [1]
  .text              ro code  0x1003'd2c4      0x78  lz77_init_single.o [5]
  .rodata            const    0x1003'd33c      0x70  RemoteDiagnosticUartSdk.o [1]
  .rodata            const    0x1003'd3ac      0x70  taskDiagnostic.o [1]
  .rodata            const    0x1003'd41c      0x6c  main_cm4.o [1]
  .rodata            const    0x1003'd488      0x6c  peripheralHal.o [1]
  .rodata            const    0x1003'd4f4      0x6c  powerManageHal.o [1]
  .rodata            const    0x1003'd560      0x68  peripheralHal.o [1]
  .rodata            const    0x1003'd5c8      0x68  timerHal.o [1]
  .rodata            const    0x1003'd630      0x60  canPeriodTask.o [1]
  .rodata            const    0x1003'd690      0x60  udsEolTest.o [1]
  .rodata            const    0x1003'd6f0      0x50  canHal.o [1]
  .rodata            const    0x1003'd740      0x50  canHal.o [1]
  .rodata            const    0x1003'd790      0x50  canHal.o [1]
  .rodata            const    0x1003'd7e0      0x50  canHal.o [1]
  .rodata            const    0x1003'd830      0x50  canHal.o [1]
  .rodata            const    0x1003'd880      0x50  canHal.o [1]
  .rodata            const    0x1003'd8d0      0x4c  firmwareUpdateSdk.o [1]
  .rodata            const    0x1003'd91c      0x4c  mpuHal.o [1]
  .rodata            const    0x1003'd968      0x48  firmwareUpdateSdk.o [1]
  .rodata            const    0x1003'd9b0      0x48  system_tviibe1m_cm4.o [1]
  .rodata            const    0x1003'd9f8      0x48  vehicleSignalApp.o [1]
  .rodata            const    0x1003'da40      0x44  firmwareUpdateSdk.o [1]
  .rodata            const    0x1003'da84      0x44  peripheralHal.o [1]
  .text              ro code  0x1003'dac8      0x44  startup_cm4.o [1]
  .rodata            const    0x1003'db0c      0x40  canPeriodTask.o [1]
  .rodata            const    0x1003'db4c      0x40  cy_sysclk.o [1]
  .rodata            const    0x1003'db8c      0x40  cy_sysclk.o [1]
  .rodata            const    0x1003'dbcc      0x40  firmwareUpdateSdk.o [1]
  .rodata            const    0x1003'dc0c      0x40  timerHal.o [1]
  .rodata            const    0x1003'dc4c      0x3c  cy_mw_flash.o [1]
  .rodata            const    0x1003'dc88      0x3c  cy_scb_uart.o [1]
  .rodata            const    0x1003'dcc4      0x3c  ecuNodeMissingCheck.o [1]
  .rodata            const    0x1003'dd00      0x3c  taskDiagnostic.o [1]
  .rodata            const    0x1003'dd3c      0x38  firmwareUpdateSdk.o [1]
  .rodata            const    0x1003'dd74      0x38  firmwareUpdateSdk.o [1]
  .rodata            const    0x1003'ddac      0x38  firmwareUpdateSdk.o [1]
  .rodata            const    0x1003'dde4      0x38  taskDiagnostic.o [1]
  .rodata            const    0x1003'de1c      0x38  vehicleSignalApp.o [1]
  .rodata            const    0x1003'de54      0x34  canHal.o [1]
  .rodata            const    0x1003'de88      0x34  ecallHal.o [1]
  .rodata            const    0x1003'debc      0x34  firmwareUpdateSdk.o [1]
  .rodata            const    0x1003'def0      0x34  firmwareUpdateSdk.o [1]
  .rodata            const    0x1003'df24      0x34  firmwareUpdateSdk.o [1]
  .rodata            const    0x1003'df58      0x34  firmwareUpdateSdk.o [1]
  .rodata            const    0x1003'df8c      0x34  mpuHal.o [1]
  .rodata            const    0x1003'dfc0      0x34  peripheralHal.o [1]
  .rodata            const    0x1003'dff4      0x34  peripheralHal.o [1]
  .rodata            const    0x1003'e028      0x34  peripheralHal.o [1]
  .rodata            const    0x1003'e05c      0x34  peripheralHal.o [1]
  .rodata            const    0x1003'e090      0x34  peripheralHal.o [1]
  .rodata            const    0x1003'e0c4      0x34  peripheralHal.o [1]
  .rodata            const    0x1003'e0f8      0x34  peripheralHal.o [1]
  .rodata            const    0x1003'e12c      0x34  peripheralHal.o [1]
  .rodata            const    0x1003'e160      0x34  peripheralHal.o [1]
  .rodata            const    0x1003'e194      0x34  peripheralHal.o [1]
  .rodata            const    0x1003'e1c8      0x34  taskDiagnostic.o [1]
  .rodata            const    0x1003'e1fc      0x34  taskDiagnostic.o [1]
  .rodata            const    0x1003'e230      0x30  firmwareUpdateSdk.o [1]
  .rodata            const    0x1003'e260      0x30  RemoteDiagnosticSdk.o [1]
  .rodata            const    0x1003'e290      0x30  taskDiagnostic.o [1]
  .rodata            const    0x1003'e2c0      0x30  taskVehicleDataToCpu.o [1]
  .rodata            const    0x1003'e2f0      0x30  taskVehicleDataToCpu.o [1]
  .rodata            const    0x1003'e320      0x2c  taskEcallProcess.o [1]
  .rodata            const    0x1003'e34c      0x28  canPeriodTask.o [1]
  .rodata            const    0x1003'e374      0x28  powerManageSdk.o [1]
  .rodata            const    0x1003'e39c      0x28  remoteControl.o [1]
  .rodata            const    0x1003'e3c4      0x28  RemoteDiagnosticUartSdk.o [1]
  .text              ro code  0x1003'e3ec      0x28  data_init.o [5]
  .rodata            const    0x1003'e414      0x24  powerManageSdk.o [1]
  .text              ro code  0x1003'e438      0x22  fpinit_M.o [4]
  .iar.init_table    const    0x1003'e45c      0x20  - Linker created -
  .rodata            const    0x1003'e47c      0x20  ecallHal.o [1]
  .rodata            const    0x1003'e49c      0x20  peripheralHal.o [1]
  .rodata            const    0x1003'e4bc      0x20  peripheralHal.o [1]
  .rodata            const    0x1003'e4dc      0x20  peripheralHal.o [1]
  .rodata            const    0x1003'e4fc      0x20  peripheralHal.o [1]
  .rodata            const    0x1003'e51c      0x20  peripheralHal.o [1]
  .rodata            const    0x1003'e53c      0x20  remoteControl.o [1]
  .rodata            const    0x1003'e55c      0x20  taskPowerManage.o [1]
  .rodata            const    0x1003'e57c      0x20  udsEolTest.o [1]
  .text              ro code  0x1003'e59c      0x1e  cmain.o [5]
  .text              ro code  0x1003'e5bc       0x4  startup_cm4.o [1]
  .text              ro code  0x1003'e5c0       0x4  exit.o [2]
  .text              ro code  0x1003'e5c4       0xa  cexit.o [5]
  .rodata            const    0x1003'e5d0      0x1c  peripheralHal.o [1]
  .rodata            const    0x1003'e5ec      0x1c  peripheralHal.o [1]
  .rodata            const    0x1003'e608      0x1c  RemoteDiagnosticSdk.o [1]
  .text              ro code  0x1003'e624      0x1c  startup_cm4.o [1]
  .text              ro code  0x1003'e640      0x1c  startup_cm4.o [1]
  .rodata            const    0x1003'e65c      0x18  autosarNmSdk.o [1]
  .rodata            const    0x1003'e674      0x18  cy_crypto_config.o [1]
  .rodata            const    0x1003'e68c      0x18  powerManageSdk.o [1]
  .rodata            const    0x1003'e6a4      0x18  powerManageSdk.o [1]
  .rodata            const    0x1003'e6bc      0x18  remoteControl.o [1]
  .rodata            const    0x1003'e6d4      0x18  RemoteDiagnosticUartSdk.o [1]
  .rodata            const    0x1003'e6ec      0x18  system_tviibe1m_cm4.o [1]
  .rodata            const    0x1003'e704      0x18  taskManage.o [1]
  .rodata            const    0x1003'e71c      0x18  taskManage.o [1]
  .rodata            const    0x1003'e734      0x18  taskManage.o [1]
  .rodata            const    0x1003'e74c      0x14  autosarNmSdk.o [1]
  .rodata            const    0x1003'e760      0x14  autosarNmSdk.o [1]
  .rodata            const    0x1003'e774      0x14  autosarNmSdk.o [1]
  .rodata            const    0x1003'e788      0x14  autosarNmSdk.o [1]
  .rodata            const    0x1003'e79c      0x14  autosarNmSdk.o [1]
  .rodata            const    0x1003'e7b0      0x14  autosarNmSdk.o [1]
  .rodata            const    0x1003'e7c4      0x14  taskDiagnostic.o [1]
  .rodata            const    0x1003'e7d8      0x10  autosarNmSdk.o [1]
  .rodata            const    0x1003'e7e8      0x10  canHal.o [1]
  .rodata            const    0x1003'e7f8      0x10  canHal.o [1]
  .rodata            const    0x1003'e808      0x10  canPeriodTask.o [1]
  .rodata            const    0x1003'e818      0x10  flashHal.o [1]
  .rodata            const    0x1003'e828      0x10  logHal.o [1]
  .rodata            const    0x1003'e838      0x10  projectConfigure.o [1]
  .rodata            const    0x1003'e848      0x10  SEGGER_RTT_printf1.o [1]
  .rodata            const    0x1003'e858      0x10  taskDiagnostic.o [1]
  .rodata            const    0x1003'e868      0x10  taskManage.o [1]
  .rodata            const    0x1003'e878      0x10  taskManage.o [1]
  .rodata            const    0x1003'e888      0x10  taskManage.o [1]
  .rodata            const    0x1003'e898      0x10  taskPowerManage.o [1]
  .rodata            const    0x1003'e8a8      0x10  udsDidFunction.o [1]
  .rodata            const    0x1003'e8b8      0x10  udsDidFunction.o [1]
  .rodata            const    0x1003'e8c8      0x10  version.o [1]
  .rodata            const    0x1003'e8d8       0xc  batterySdk.o [1]
  .rodata            const    0x1003'e8e4       0xc  RemoteDiagnosticUartSdk.o [1]
  .rodata            const    0x1003'e8f0       0xc  RemoteDiagnosticUartSdk.o [1]
  .rodata            const    0x1003'e8fc       0xc  SEGGER_RTT1.o [1]
  .rodata            const    0x1003'e908       0xc  taskDiagnostic.o [1]
  .rodata            const    0x1003'e914       0xc  taskManage.o [1]
  .rodata            const    0x1003'e920       0xc  taskManage.o [1]
  .rodata            const    0x1003'e92c       0xc  taskManage.o [1]
  .rodata            const    0x1003'e938       0xc  taskManage.o [1]
  .rodata            const    0x1003'e944       0xc  taskManage.o [1]
  .rodata            const    0x1003'e950       0xc  taskManage.o [1]
  .rodata            const    0x1003'e95c       0xc  taskManage.o [1]
  .rodata            const    0x1003'e968       0xc  timeSyncSdk.o [1]
  .rodata            const    0x1003'e974       0xc  timeSyncSdk.o [1]
  .text              ro code  0x1003'e980       0xc  cstartup_M.o [5]
  .rodata            const    0x1003'e98c       0x8  canHal.o [1]
  .rodata            const    0x1003'e994       0x8  canHal.o [1]
  .rodata            const    0x1003'e99c       0x8  canHal.o [1]
  .rodata            const    0x1003'e9a4       0x8  canHal.o [1]
  .rodata            const    0x1003'e9ac       0x8  canHal.o [1]
  .rodata            const    0x1003'e9b4       0x8  canHal.o [1]
  .rodata            const    0x1003'e9bc       0x8  canHal.o [1]
  .rodata            const    0x1003'e9c4       0x8  canHal.o [1]
  .rodata            const    0x1003'e9cc       0x8  canHal.o [1]
  .rodata            const    0x1003'e9d4       0x8  canHal.o [1]
  .rodata            const    0x1003'e9dc       0x8  canHal.o [1]
  .rodata            const    0x1003'e9e4       0x8  canHal.o [1]
  .rodata            const    0x1003'e9ec       0x8  canParseSdk.o [1]
  .rodata            const    0x1003'e9f4       0x8  cy_canfd.o [1]
  .rodata            const    0x1003'e9fc       0x8  cy_mw_flash.o [1]
  .rodata            const    0x1003'ea04       0x8  cy_srom.o [1]
  .rodata            const    0x1003'ea0c       0x8  peripheralHal.o [1]
  .rodata            const    0x1003'ea14       0x8  peripheralHal.o [1]
  .rodata            const    0x1003'ea1c       0x8  peripheralHal.o [1]
  .rodata            const    0x1003'ea24       0x8  peripheralHal.o [1]
  .rodata            const    0x1003'ea2c       0x8  peripheralHal.o [1]
  .rodata            const    0x1003'ea34       0x8  peripheralHal.o [1]
  .rodata            const    0x1003'ea3c       0x8  peripheralHal.o [1]
  .rodata            const    0x1003'ea44       0x8  peripheralHal.o [1]
  .rodata            const    0x1003'ea4c       0x8  peripheralHal.o [1]
  .rodata            const    0x1003'ea54       0x8  peripheralHal.o [1]
  .rodata            const    0x1003'ea5c       0x8  peripheralHal.o [1]
  .rodata            const    0x1003'ea64       0x8  peripheralHal.o [1]
  .rodata            const    0x1003'ea6c       0x8  peripheralHal.o [1]
  .rodata            const    0x1003'ea74       0x8  peripheralHal.o [1]
  .rodata            const    0x1003'ea7c       0x8  peripheralHal.o [1]
  .rodata            const    0x1003'ea84       0x8  peripheralHal.o [1]
  .rodata            const    0x1003'ea8c       0x8  peripheralHal.o [1]
  .rodata            const    0x1003'ea94       0x8  projectConfigure.o [1]
  .rodata            const    0x1003'ea9c       0x8  projectConfigure.o [1]
  .rodata            const    0x1003'eaa4       0x8  RemoteDiagnosticUartSdk.o [1]
  .rodata            const    0x1003'eaac       0x8  SEGGER_RTT1.o [1]
  .rodata            const    0x1003'eab4       0x8  startup.o [1]
  .rodata            const    0x1003'eabc       0x8  taskDiagnostic.o [1]
  .rodata            const    0x1003'eac4       0x8  taskDtcProcess.o [1]
  .rodata            const    0x1003'eacc       0x8  taskDtcProcess.o [1]
  .rodata            const    0x1003'ead4       0x8  taskDtcProcess.o [1]
  .rodata            const    0x1003'eadc       0x8  taskManage.o [1]
  .rodata            const    0x1003'eae4       0x8  tasks.o [1]
  .rodata            const    0x1003'eaec       0x8  taskVehicleDataToCpu.o [1]
  .rodata            const    0x1003'eaf4       0x8  taskVehicleDataToCpu.o [1]
  .rodata            const    0x1003'eafc       0x8  taskVehicleDataToCpu.o [1]
  .rodata            const    0x1003'eb04       0x8  taskVehicleDataToCpu.o [1]
  .rodata            const    0x1003'eb0c       0x8  timerHal.o [1]
  .rodata            const    0x1003'eb14       0x8  timers.o [1]
  .rodata            const    0x1003'eb1c       0x8  timers.o [1]
  .rodata            const    0x1003'eb24       0x8  udsDidFunction.o [1]
  .rodata            const    0x1003'eb2c       0x8  udsDidFunction.o [1]
  .rodata            const    0x1003'eb34       0x8  xprintffull_nomb.o [2]
  .rodata            const    0x1003'eb3c       0x4  batterySdk.o [1]
  .rodata            const    0x1003'eb40       0x4  batterySdk.o [1]
  .rodata            const    0x1003'eb44       0x4  batterySdk.o [1]
  .rodata            const    0x1003'eb48       0x4  batterySdk.o [1]
  .rodata            const    0x1003'eb4c       0x4  canHal.o [1]
  .rodata            const    0x1003'eb50       0x4  cy_adc.o [1]
  .rodata            const    0x1003'eb54       0x4  cy_adc.o [1]
  .rodata            const    0x1003'eb58       0x4  cy_adc.o [1]
  .rodata            const    0x1003'eb5c       0x4  cy_adc.o [1]
  .rodata            const    0x1003'eb60       0x4  cy_adc.o [1]
  .rodata            const    0x1003'eb64       0x4  cy_adc.o [1]
  .rodata            const    0x1003'eb68       0x4  cy_adc.o [1]
  .rodata            const    0x1003'eb6c       0x4  cy_adc.o [1]
  .rodata            const    0x1003'eb70       0x4  cy_canfd.o [1]
  .rodata            const    0x1003'eb74       0x4  cy_canfd.o [1]
  .rodata            const    0x1003'eb78       0x4  cy_canfd.o [1]
  .rodata            const    0x1003'eb7c       0x4  cy_canfd.o [1]
  .rodata            const    0x1003'eb80       0x4  cy_canfd.o [1]
  .rodata            const    0x1003'eb84       0x4  cy_canfd.o [1]
  .rodata            const    0x1003'eb88       0x4  cy_canfd.o [1]
  .rodata            const    0x1003'eb8c       0x4  cy_canfd.o [1]
  .rodata            const    0x1003'eb90       0x4  cy_canfd.o [1]
  .rodata            const    0x1003'eb94       0x4  cy_canfd.o [1]
  .rodata            const    0x1003'eb98       0x4  cy_canfd.o [1]
  .rodata            const    0x1003'eb9c       0x4  cy_canfd.o [1]
  .rodata            const    0x1003'eba0       0x4  cy_canfd.o [1]
  .rodata            const    0x1003'eba4       0x4  cy_canfd.o [1]
  .rodata            const    0x1003'eba8       0x4  cy_canfd.o [1]
  .rodata            const    0x1003'ebac       0x4  cy_canfd.o [1]
  .rodata            const    0x1003'ebb0       0x4  cy_canfd.o [1]
  .rodata            const    0x1003'ebb4       0x4  cy_canfd.o [1]
  .rodata            const    0x1003'ebb8       0x4  cy_canfd.o [1]
  .rodata            const    0x1003'ebbc       0x4  cy_interrupt_map.o [1]
  .rodata            const    0x1003'ebc0       0x4  cy_interrupt_map.o [1]
  .rodata            const    0x1003'ebc4       0x4  cy_interrupt_map.o [1]
  .rodata            const    0x1003'ebc8       0x4  cy_interrupt_map.o [1]
  .rodata            const    0x1003'ebcc       0x4  cy_interrupt_map.o [1]
  .rodata            const    0x1003'ebd0       0x4  cy_interrupt_map.o [1]
  .rodata            const    0x1003'ebd4       0x4  cy_interrupt_map.o [1]
  .rodata            const    0x1003'ebd8       0x4  cy_interrupt_map.o [1]
  .rodata            const    0x1003'ebdc       0x4  cy_ipc_drv.o [1]
  .rodata            const    0x1003'ebe0       0x4  cy_ipc_drv.o [1]
  .rodata            const    0x1003'ebe4       0x4  cy_mcwdt.o [1]
  .rodata            const    0x1003'ebe8       0x4  cy_mcwdt.o [1]
  .rodata            const    0x1003'ebec       0x4  cy_scb_uart.o [1]
  .rodata            const    0x1003'ebf0       0x4  cy_scb_uart.o [1]
  .rodata            const    0x1003'ebf4       0x4  cy_scb_uart.o [1]
  .rodata            const    0x1003'ebf8       0x4  cy_scb_uart.o [1]
  .rodata            const    0x1003'ebfc       0x4  cy_scb_uart.o [1]
  .rodata            const    0x1003'ec00       0x4  cy_scb_uart.o [1]
  .rodata            const    0x1003'ec04       0x4  cy_scb_uart.o [1]
  .rodata            const    0x1003'ec08       0x4  cy_scb_uart.o [1]
  .rodata            const    0x1003'ec0c       0x4  cy_scb_uart.o [1]
  .rodata            const    0x1003'ec10       0x4  cy_scb_uart.o [1]
  .rodata            const    0x1003'ec14       0x4  cy_srom.o [1]
  .rodata            const    0x1003'ec18       0x4  cy_srom.o [1]
  .rodata            const    0x1003'ec1c       0x4  cy_sysint.o [1]
  .rodata            const    0x1003'ec20       0x4  cy_tcpwm_counter.o [1]
  .rodata            const    0x1003'ec24       0x4  cy_tcpwm_counter.o [1]
  .rodata            const    0x1003'ec28       0x4  cy_tcpwm_counter.o [1]
  .rodata            const    0x1003'ec2c       0x4  cy_tcpwm_counter.o [1]
  .rodata            const    0x1003'ec30       0x4  cy_tcpwm_counter.o [1]
  .rodata            const    0x1003'ec34       0x4  heap_4.o [1]
  .rodata            const    0x1003'ec38       0x4  port.o [1]
  .rodata            const    0x1003'ec3c       0x4  projectConfigure.o [1]
  .rodata            const    0x1003'ec40       0x4  projectConfigure.o [1]
  .rodata            const    0x1003'ec44       0x4  RemoteDiagnosticUartSdk.o [1]
  .rodata            const    0x1003'ec48       0x4  RemoteDiagnosticUartSdk.o [1]
  .rodata            const    0x1003'ec4c       0x4  taskDiagnostic.o [1]
  .rodata            const    0x1003'ec50       0x4  taskDiagnostic.o [1]
  .rodata            const    0x1003'ec54       0x4  taskDiagnostic.o [1]
  .rodata            const    0x1003'ec58       0x4  taskPowerManage.o [1]
  .rodata            const    0x1003'ec5c       0x4  taskPowerManage.o [1]
  .rodata            const    0x1003'ec60       0x4  taskPowerManage.o [1]
  .rodata            const    0x1003'ec64       0x4  udsDidFunction.o [1]
  .rodata            const    0x1003'ec68       0x4  udsDidFunction.o [1]
  .rodata            const    0x1003'ec6c       0x4  udsEolTest.o [1]
  .rodata            const    0x1003'ec70       0x4  cy_crypto.o [3]
  .rodata            const    0x1003'ec74       0x4  cy_crypto.o [3]
  .text              ro code  0x1003'ec78       0x4  startup_cm4.o [1]
  .text              ro code  0x1003'ec7c       0x4  startup_cm4.o [1]
  .text              ro code  0x1003'ec80       0x4  startup_cm4.o [1]
  .text              ro code  0x1003'ec84       0x4  startup_cm4.o [1]
  .text              ro code  0x1003'ec88       0x4  startup_cm4.o [1]
  .text              ro code  0x1003'ec8c       0x4  startup_cm4.o [1]
  .text              ro code  0x1003'ec90       0x4  startup_cm4.o [1]
  .text              ro code  0x1003'ec94       0x4  startup_cm4.o [1]
  .text              ro code  0x1003'ec98       0x4  startup_cm4.o [1]
  .text              ro code  0x1003'ec9c       0x4  startup_cm4.o [1]
  .text              ro code  0x1003'eca0       0x4  startup_cm4.o [1]
  .text              ro code  0x1003'eca4       0x4  startup_cm4.o [1]
  .text              ro code  0x1003'eca8       0x4  startup_cm4.o [1]
  .text              ro code  0x1003'ecac       0x4  startup_cm4.o [1]
  .text              ro code  0x1003'ecb0       0x4  startup_cm4.o [1]
  .rodata            const    0x1003'ecb4       0x0  zero_init3.o [5]
  .rodata            const    0x1003'ecb4       0x0  lz77_init_single.o [5]
  Initializer bytes  const    0x1003'ecb4     0x185  <for P2-1>
                            - 0x1003'ee39  0x2'6db9

Unused ranges:

         From           To      Size
         ----           --      ----
   0x801'd0d8   0x801'd3ff     0x328
   0x801'd480   0x801'dfff     0xb80
  0x1003'eef8  0x1008'7fff  0x4'9108


*******************************************************************************
*** INIT TABLE
***

          Address      Size
          -------      ----
Zero (__iar_zero_init3)
    1 destination range, total size 0x1'871c:
           0x800'49bc  0x1'871c

Copy/lz77 (__iar_lz77_init_single3)
    1 source range, total size 0x185 (15% of destination):
          0x1003'ecb4     0x185
    1 destination range, total size 0x9bc:
           0x800'4000     0x9bc



*******************************************************************************
*** MODULE SUMMARY
***

    Module                     ro code  ro data  rw data
    ------                     -------  -------  -------
command line/config:
    ----------------------------------------------------
    Total:

G:\CODE\duola_cv01_tr2\tviibe1m\tools\iar\flash\cm4_mc\rev_d\Obj: [1]
    ParameterStoreManageApp.o    1'716
    RemoteDiagnosticSdk.o        2'080       77       27
    RemoteDiagnosticUartSdk.o    6'296      218      571
    SEGGER_RTT1.o                  620       20    1'208
    SEGGER_RTT_printf1.o         1'166       16
    autosarNmSdk.o               5'556      160      854
    batteryHal.o                   292        8       52
    batterySdk.o                 2'588      889       33
    canHal.o                     9'410    1'034    3'617
    canMsgDynamicConfigure.o       444        2        9
    canMsgToCpu.o                1'256             4'828
    canParseSdk.o                1'012        8
    canPeriodTask.o              2'740      216      799
    canTpSdk.o                   2'888                81
    crc8_16_32.o                   270      512
    cy_adc.o                       880       32
    cy_canfd.o                   3'904      107      156
    cy_crypto_config.o                       24
    cy_flash.o                   1'028
    cy_gpio.o                      436
    cy_interrupt_map.o             408      253    1'416
    cy_ipc_drv.o                   140        8
    cy_mcwdt.o                     524        8
    cy_mw_flash.o                  688       68        2
    cy_scb_common.o                318
    cy_scb_uart.o                2'302      100
    cy_srom.o                      728      124       20
    cy_sysclk.o                  1'628      128       25
    cy_sysint.o                    124        4
    cy_syslib.o                    212               140
    cy_syslib_iar.o                 30
    cy_syspm.o                     320                12
    cy_tcpwm.o                      10
    cy_tcpwm_counter.o             320       20
    ecallHal.o                     272       84
    ecuNodeMissingCheck.o        1'572      227      443
    firmwareUpdateSdk.o          1'596      708    2'154
    flashHal.o                   1'520       16    4'100
    heap_4.o                       656        4   16'272
    hsmHal.o                        80                44
    list.o                         154
    logHal.o                     1'320       28      517
    main_cm4.o                     280      108    1'744
    mcuMpuSyncTask.o             1'104        5    2'302
    mpuHal.o                     3'300      128   23'196
    mpuPowerSyncSdk.o            1'356               107
    parameterSyncSdk.o           1'468        1      337
    peripheralHal.o              4'498    1'166      254
    port.o                         580        5        9
    portasm.o                      176
    powerManageHal.o               296      108       11
    powerManageSdk.o             3'872      124      376
    projectConfigure.o             284       40
    queue.o                      2'560                32
    remoteControl.o             12'576       96      555
[...]
m_canBDNodeLost         0x1003'eac4     0x8  Data  Gb  taskDtcProcess.o [1]
m_canChannelDTC         0x1003'ead4     0x8  Data  Gb  taskDtcProcess.o [1]
m_canHalRxTaskBuffer     0x801'c0d4    0x68  Data  Gb  taskManage.o [1]
m_canHalRxTaskStack      0x801'86f4   0x400  Data  Gb  taskManage.o [1]
m_canPTNodeLost         0x1003'eacc     0x8  Data  Gb  taskDtcProcess.o [1]
m_canPeriodTaskBuffer    0x801'c344    0x68  Data  Gb  taskManage.o [1]
m_canPeriodTaskStack     0x801'4e84   0x800  Data  Gb  taskManage.o [1]
m_canToCpuTaskBuffer     0x801'c1a4    0x68  Data  Gb  taskManage.o [1]
m_canToCpuTaskStack      0x801'5684   0x640  Data  Gb  taskManage.o [1]
m_controlVariable        0x801'cb64    0x24  Data  Lc  remoteControl.o [1]
m_counterIndex           0x801'd0b4     0x1  Data  Lc  RemoteDiagnosticUartSdk.o [1]
m_currentSecurityLevel   0x801'd0aa     0x1  Data  Lc  RemoteDiagnosticUartSdk.o [1]
m_currentSecurityLevel   0x801'd0b6     0x1  Data  Lc  taskDiagnostic.o [1]
m_currentServiceNum      0x801'd0b3     0x1  Data  Lc  RemoteDiagnosticUartSdk.o [1]
m_currentServiceNum      0x801'd0c0     0x1  Data  Lc  taskDiagnostic.o [1]
m_currentSession         0x800'49b5     0x1  Data  Lc  RemoteDiagnosticUartSdk.o [1]
m_currentSession         0x800'49b6     0x1  Data  Lc  taskDiagnostic.o [1]
m_diagnosticCanChannel   0x801'd0d6     0x1  Data  Lc  udsEolTest.o [1]
m_diagnosticTaskBuffer   0x801'c20c    0x68  Data  Gb  taskManage.o [1]
m_diagnosticTaskStack    0x801'8af4   0x400  Data  Gb  taskManage.o [1]
m_disableCount           0x801'cfb8     0x4  Data  Lc  taskDtcProcess.o [1]
m_dtcTaskBuffer          0x801'c274    0x68  Data  Gb  taskManage.o [1]
m_dtcTaskStack           0x801'a2c4   0x200  Data  Gb  taskManage.o [1]
m_ecallTaskBuffer        0x801'c2dc    0x68  Data  Gb  taskManage.o [1]
m_ecallTaskStack         0x801'8ef4   0x400  Data  Gb  taskManage.o [1]
m_ecuOnlineTimerHandle   0x800'4996     0x2  Data  Lc  RemoteDiagnosticUartSdk.o [1]
m_ecuSecurityTimerHandle
                         0x800'4994     0x2  Data  Lc  RemoteDiagnosticUartSdk.o [1]
m_ecuSecurityTimerHandle
                         0x800'499c     0x2  Data  Lc  taskDiagnostic.o [1]
m_ecuSecurityTimerHandle_2
                         0x800'499e     0x2  Data  Lc  taskDiagnostic.o [1]
m_ecuSecurityTimerHandle_3
                         0x800'49a0     0x2  Data  Lc  taskDiagnostic.o [1]
m_eskKeyValid            0x801'd0d3     0x1  Data  Lc  udsDidFunction.o [1]
m_flashAddress           0x801'cfa0     0x4  Data  Lc  taskDiagnostic.o [1]
m_flashCrc32Value        0x801'cfa8     0x4  Data  Lc  taskDiagnostic.o [1]
m_flashDriverDownLoadFlag
                         0x801'cfac     0x4  Data  Lc  taskDiagnostic.o [1]
m_flashSize              0x801'cfa4     0x4  Data  Lc  taskDiagnostic.o [1]
m_functionalReceiveCanId
                        0x1003'ec50     0x4  Data  Lc  taskDiagnostic.o [1]
m_group0SendMsgBuffer    0x801'b618   0x110  Data  Gb  canPeriodTask.o [1]
m_group0SendMsgConfigure
                        0x1003'db0c    0x40  Data  Gb  canPeriodTask.o [1]
m_group1SendMsgBuffer    0x801'aabc   0x198  Data  Gb  canPeriodTask.o [1]
m_group1SendMsgConfigure
                        0x1003'd630    0x60  Data  Gb  canPeriodTask.o [1]
m_mcuCpuSyncTaskBuffer   0x801'c13c    0x68  Data  Gb  taskManage.o [1]
m_mcuCpuSyncTaskStack    0x801'4684   0x800  Data  Gb  taskManage.o [1]
m_mpuHalTxTaskBuffer     0x801'c06c    0x68  Data  Gb  taskManage.o [1]
m_mpuHalTxTaskStack      0x801'82f4   0x400  Data  Gb  taskManage.o [1]
m_nmTaskBuffer           0x801'c414    0x68  Data  Gb  taskManage.o [1]
m_nmTaskStack            0x801'a4c4   0x200  Data  Gb  taskManage.o [1]
m_physicalReceiveCanId  0x1003'ec4c     0x4  Data  Lc  taskDiagnostic.o [1]
m_physicalTransmitCanId
                        0x1003'ec44     0x4  Data  Lc  RemoteDiagnosticUartSdk.o [1]
m_physicalTransmitCanId
                        0x1003'ec54     0x4  Data  Lc  taskDiagnostic.o [1]
m_readDidMap            0x1003'cd60   0x138  Data  Lc  udsEolTest.o [1]
m_remoteDiagnostic1TaskBuffer
                         0x801'c47c    0x68  Data  Gb  taskManage.o [1]
m_remoteDiagnostic1TaskStack
                         0x801'96f4   0x400  Data  Gb  taskManage.o [1]
m_remoteTestPresetTaskBuffer
                         0x801'c3ac    0x68  Data  Gb  taskManage.o [1]
m_remoteTestPresetTaskStack
                         0x801'92f4   0x400  Data  Gb  taskManage.o [1]
m_responseId            0x1003'ec48     0x4  Data  Lc  RemoteDiagnosticUartSdk.o [1]
m_returnKey              0x801'ce70     0xc  Data  Lc  udsEolTest.o [1]
m_routineResultDidMap   0x1003'e57c    0x20  Data  Lc  udsEolTest.o [1]
m_routineStartDidMap    0x1003'e6d4    0x18  Data  Lc  RemoteDiagnosticUartSdk.o [1]
m_routineStartDidMap    0x1003'e908     0xc  Data  Lc  taskDiagnostic.o [1]
m_routineStartDidMap    0x1003'd690    0x60  Data  Lc  udsEolTest.o [1]
m_routineStopDidMap     0x1003'e8f0     0xc  Data  Lc  RemoteDiagnosticUartSdk.o [1]
m_securityKey            0x801'ccac    0x14  Data  Lc  RemoteDiagnosticUartSdk.o [1]
m_securityKey            0x801'cd88    0x14  Data  Lc  taskDiagnostic.o [1]
m_securityKeyLength      0x801'd0af     0x1  Data  Lc  RemoteDiagnosticUartSdk.o [1]
m_securityKeyLength      0x801'd0bb     0x1  Data  Lc  taskDiagnostic.o [1]
m_securityLevel          0x801'd0d4     0x1  Data  Lc  udsEolTest.o [1]
m_securitySeed           0x801'cc98    0x14  Data  Lc  RemoteDiagnosticUartSdk.o [1]
m_securitySeed           0x801'cd74    0x14  Data  Lc  taskDiagnostic.o [1]
m_securitySeedLength     0x801'd0b0     0x1  Data  Lc  RemoteDiagnosticUartSdk.o [1]
m_securitySeedLength     0x801'd0bc     0x1  Data  Lc  taskDiagnostic.o [1]
m_securityTimeOutCount   0x801'd034     0x4  Data  Lc  udsEolTest.o [1]
m_securityTimerDelayType
                         0x801'd0ae     0x1  Data  Lc  RemoteDiagnosticUartSdk.o [1]
m_securityTimerDelayType
                         0x801'd0b8     0x1  Data  Lc  taskDiagnostic.o [1]
m_securityTimerDelayType_2
                         0x801'd0b9     0x1  Data  Lc  taskDiagnostic.o [1]
m_securityTimerDelayType_3
                         0x801'd0ba     0x1  Data  Lc  taskDiagnostic.o [1]
m_seedArray              0x801'ce7c     0xc  Data  Lc  udsEolTest.o [1]
m_sleepFlag              0x801'd0bf     0x1  Data  Lc  taskDiagnostic.o [1]
m_tpBuffer               0x800'ff40   0xb40  Data  Lc  taskDiagnostic.o [1]
m_tpHandle               0x800'49a2     0x2  Data  Lc  taskDiagnostic.o [1]
m_tpParameter           0x1003'dde4    0x38  Data  Gb  taskDiagnostic.o [1]
m_u8ConsecutiveSeedCount
                         0x801'd0ad     0x1  Data  Lc  RemoteDiagnosticUartSdk.o [1]
m_u8ConsecutiveSeedCount
                         0x801'cf9c     0x4  Data  Lc  taskDiagnostic.o [1]
m_uartHandle             0x800'4998     0x2  Data  Lc  RemoteDiagnosticUartSdk.o [1]
m_uartTxPointer          0x801'b828   0x100  Data  Lc  RemoteDiagnosticUartSdk.o [1]
m_udsRxData              0x801'62a8   0x44c  Data  Lc  taskDiagnostic.o [1]
m_udsRxDataLen           0x801'd066     0x2  Data  Lc  taskDiagnostic.o [1]
m_udsTxBuffer            0x801'b728   0x100  Data  Lc  RemoteDiagnosticUartSdk.o [1]
m_udsTxBuffer            0x801'a6c4   0x200  Data  Lc  taskDiagnostic.o [1]
m_vehicleTypeConfigure   0x801'ce64     0xc  Data  Lc  udsDidFunction.o [1]
m_workFlashMutexHandle   0x801'cf20     0x4  Data  Lc  flashHal.o [1]
m_writeDidMap           0x1003'cffc    0xa8  Data  Lc  udsEolTest.o [1]
main                    0x1002'8fa7    0x30  Code  Gb  main_cm4.o [1]
mcuMpuSyncTaskMain      0x1003'b5b9   0x1c4  Code  Gb  mcuMpuSyncTask.o [1]
mcwdtConfig              0x800'4874    0x20  Data  Lc  peripheralHal.o [1]
memchr                  0x1003'8a3d          Code  Gb  memchr.o [5]
mon_table               0x1003'e974     0xc  Data  Gb  timeSyncSdk.o [1]
netManage                0x801'9af4   0x348  Data  Lc  autosarNmSdk.o [1]
osElapsedTimeGet        0x1003'9747     0xe  Code  Gb  ecallHal.o [1]
pcInterruptPriorityRegisters
                        0x1003'ec38     0x4  Data  Lc  port.o [1]
pow                     0x1003'976d   0x6c4  Code  Gb  pow64.o [4]
powl                    0x1003'976d   0x6c4  Code  Gb  pow64.o [4]
prvAddCurrentTaskToDelayedList
                        0x1001'd089    0x8c  Code  Lc  tasks.o [1]
prvAddNewTaskToReadyList
                        0x1001'c619    0x9a  Code  Lc  tasks.o [1]
prvCheckForValidListAndQueue
                        0x1002'94a1    0x4c  Code  Lc  timers.o [1]
prvCheckForValidListAndQueue{1}{2}{3}{4}::ucStaticTimerQueueStorage
                         0x801'bc00    0xa0  Data  Lc  timers.o [1]
prvCheckForValidListAndQueue{1}{2}{3}{4}::xStaticTimerQueue
                         0x801'c6a8    0x48  Data  Lc  timers.o [1]
prvCheckTasksWaitingTermination
                        0x1001'cd47    0x3e  Code  Lc  tasks.o [1]
prvCopyDataFromQueue    0x1002'7447    0x36  Code  Lc  queue.o [1]
prvCopyDataToQueue      0x1002'73ab    0x9c  Code  Lc  queue.o [1]
prvDeleteTCB            0x1001'cd85    0x44  Code  Lc  tasks.o [1]
prvGetDisinheritPriorityAfterTimeout
                        0x1002'7395    0x16  Code  Lc  queue.o [1]
prvGetNextExpireTime    0x1002'9233    0x28  Code  Lc  timers.o [1]
prvHeapInit             0x1002'8b6d    0x62  Code  Lc  heap_4.o [1]
prvIdleTask             0x1001'cce5     0xe  Code  Lc  tasks.o [1]
prvInitialiseMutex      0x1002'6d9f    0x22  Code  Lc  queue.o [1]
prvInitialiseNewQueue   0x1002'6d6d    0x32  Code  Lc  queue.o [1]
prvInitialiseNewTask    0x1001'c4f9   0x120  Code  Lc  tasks.o [1]
prvInitialiseTaskLists  0x1001'ccf3    0x54  Code  Lc  tasks.o [1]
prvInsertBlockIntoFreeList
                        0x1002'8bcf    0x5e  Code  Lc  heap_4.o [1]
prvInsertTimerInActiveList
                        0x1002'9283    0x52  Code  Lc  timers.o [1]
prvIsQueueEmpty         0x1002'74eb    0x1c  Code  Lc  queue.o [1]
prvIsQueueFull          0x1002'7507    0x1e  Code  Lc  queue.o [1]
prvProcessExpiredTimer  0x1002'9137    0x6c  Code  Lc  timers.o [1]
prvProcessReceivedCommands
                        0x1002'92d5   0x13e  Code  Lc  timers.o [1]
prvProcessTimerOrBlockTask
                        0x1002'91bf    0x74  Code  Lc  timers.o [1]
prvResetNextTaskUnblockTime
                        0x1001'cdc9    0x22  Code  Lc  tasks.o [1]
prvSampleTimeNow        0x1002'925b    0x28  Code  Lc  timers.o [1]
prvSampleTimeNow::xLastTime
                         0x801'd030     0x4  Data  Lc  timers.o [1]
prvSwitchTimerLists     0x1002'9413    0x8e  Code  Lc  timers.o [1]
prvTaskExitError        0x1002'8d15    0x2a  Code  Lc  port.o [1]
prvTimerTask            0x1002'91a5    0x1a  Code  Lc  timers.o [1]
prvUnlockQueue          0x1002'747d    0x6e  Code  Lc  queue.o [1]
pvPortMalloc            0x1002'89c1   0x130  Code  Gb  heap_4.o [1]
pvTaskIncrementMutexHeldCount
                        0x1001'd059    0x16  Code  Gb  tasks.o [1]
pxCurrentTCB             0x801'cfd0     0x4  Data  Gb  tasks.o [1]
pxCurrentTimerList       0x801'd020     0x4  Data  Lc  timers.o [1]
pxDelayedTaskList        0x801'cfd4     0x4  Data  Lc  tasks.o [1]
pxEnd                    0x801'cf24     0x4  Data  Lc  heap_4.o [1]
pxOverflowDelayedTaskList
                         0x801'cfd8     0x4  Data  Lc  tasks.o [1]
pxOverflowTimerList      0x801'd024     0x4  Data  Lc  timers.o [1]
pxPortInitialiseStack   0x1002'8ced    0x28  Code  Gb  port.o [1]
pxReadyTasksLists        0x801'bb60    0xa0  Data  Lc  tasks.o [1]
rand                    0x1003'5e65    0x8a  Code  Gb  rand.o [2]
remoteDiagnosticTaskMain
                        0x1003'd1a3    0x16  Code  Gb  remoteDiagnosticTask.o [1]
scalbln                 0x1003'8b65          Code  Gb  ldexp.o [4]
scalblnl                0x1003'8b65          Code  Gb  ldexp.o [4]
scalbn                  0x1003'8b65          Code  Gb  ldexp.o [4]
scalbnl                 0x1003'8b65          Code  Gb  ldexp.o [4]
scale                   0x1003'34a7    0x46  Code  Lc  xprintffull_nomb.o [2]
sec_hand                 0x801'd03c     0x4  Data  Lc  xfail_s.o [2]
serviceECUFunGroup      0x1003'd33c    0x70  Data  Lc  RemoteDiagnosticUartSdk.o [1]
serviceECUFunGroup      0x1003'd3ac    0x70  Data  Lc  taskDiagnostic.o [1]
setRemoteCertifystatus  0x1001'8f27    0x12  Code  Gb  remoteControl.o [1]
srand                   0x1003'5eef     0xa  Code  Gb  rand.o [2]
start_tasks             0x1003'3955    0x1e  Code  Lc  taskManage.o [1]
stdIdFilter             0x1003'eb4c     0x4  Data  Lc  canHal.o [1]
strchr                  0x1003'89e5          Code  Gb  strchr.o [5]
strcpy                  0x1003'25e5          Code  Gb  strcpy.o [5]
strlen                  0x1002'8989          Code  Gb  strlen.o [5]
strncpy                 0x1002'd3e1          Code  Gb  strncpy.o [5]
time1_irq_cfg            0x800'486c     0x8  Data  Lc  peripheralHal.o [1]
ucHeap                   0x800'49bc  0x3f70  Data  Lc  heap_4.o [1]
ucMaxSysCallPriority     0x801'd09b     0x1  Data  Lc  port.o [1]
uds_calc_key_lv1        0x1003'0ae1    0x30  Code  Lc  udsSecurityCalculate.o [1]
uds_calc_key_lv2        0x1003'0b11    0x30  Code  Lc  udsSecurityCalculate.o [1]
uds_calc_key_lv3        0x1003'0b41    0x30  Code  Lc  udsSecurityCalculate.o [1]
ulMaxPRIGROUPValue       0x801'cf60     0x4  Data  Lc  port.o [1]
uxCriticalNesting        0x800'4894     0x4  Data  Lc  port.o [1]
uxCurrentNumberOfTasks   0x801'cfe0     0x4  Data  Lc  tasks.o [1]
uxDeletedTasksWaitingCleanUp
                         0x801'cfdc     0x4  Data  Lc  tasks.o [1]
uxListRemove            0x1002'8cc3    0x28  Code  Gb  list.o [1]
uxSchedulerSuspended     0x801'd008     0x4  Data  Lc  tasks.o [1]
uxTaskNumber             0x801'cffc     0x4  Data  Lc  tasks.o [1]
uxTopReadyPriority       0x801'cfe8     0x4  Data  Lc  tasks.o [1]
uxTopUsedPriority        0x800'495c     0x4  Data  Gb  tasks.o [1]
vApplicationGetIdleTaskMemory
                        0x1002'8ff9     0xe  Code  Gb  main_cm4.o [1]
vApplicationGetTimerTaskMemory
                        0x1002'9007    0x10  Code  Gb  main_cm4.o [1]
vApplicationIdleHook    0x1002'8fd7     0x2  Code  Gb  main_cm4.o [1]
vApplicationMallocFailedHook
                        0x1002'8fd9    0x10  Code  Gb  main_cm4.o [1]
vApplicationStackOverflowHook
                        0x1002'8fe9    0x10  Code  Gb  main_cm4.o [1]
vListInitialise         0x1002'8c51    0x1e  Code  Gb  list.o [1]
vListInitialiseItem     0x1002'8c6f     0x6  Code  Gb  list.o [1]
vListInsert             0x1002'8c8d    0x36  Code  Gb  list.o [1]
vListInsertEnd          0x1002'8c75    0x18  Code  Gb  list.o [1]
vPortEnableVFP          0x1003'3639          Code  Gb  portasm.o [1]
vPortEnterCritical      0x1002'8df3    0x34  Code  Gb  port.o [1]
vPortExitCritical       0x1002'8e27    0x2c  Code  Gb  port.o [1]
vPortFree               0x1002'8af1    0x7c  Code  Gb  heap_4.o [1]
vPortSVCHandler         0x1003'35fd          Code  Gb  portasm.o [1]
vPortStartFirstTask     0x1003'3619          Code  Gb  portasm.o [1]
vPortValidateInterruptPriority
                        0x1002'8e7d    0x4e  Code  Gb  port.o [1]
vQueueAddToRegistry     0x1002'7525    0x26  Code  Gb  queue.o [1]
vQueueWaitForMessageRestricted
                        0x1002'7551    0x4c  Code  Gb  queue.o [1]
vTaskDelay              0x1001'c765    0x4e  Code  Gb  tasks.o [1]
vTaskInternalSetTimeOutState
                        0x1001'cc1d    0x12  Code  Gb  tasks.o [1]
vTaskMissedYield        0x1001'ccdd     0x8  Code  Gb  tasks.o [1]
vTaskPlaceOnEventList   0x1001'cb13    0x34  Code  Gb  tasks.o [1]
vTaskPlaceOnEventListRestricted
                        0x1001'cb51    0x40  Code  Gb  tasks.o [1]
vTaskPriorityDisinheritAfterTimeout
                        0x1001'cf75    0xde  Code  Gb  tasks.o [1]
vTaskStartScheduler     0x1001'c7b3    0xa0  Code  Gb  tasks.o [1]
vTaskSuspendAll         0x1001'c853     0xc  Code  Gb  tasks.o [1]
vTaskSwitchContext      0x1001'ca71    0xa2  Code  Gb  tasks.o [1]
vsprintf                0x1002'8955    0x34  Code  Gb  vsprintf.o [2]
workFlashBuffer          0x800'df40  0x1000  Data  Lc  flashHal.o [1]
wubCan0Messagelist       0x801'cc48    0x14  Data  Lc  canPeriodTask.o [1]
xActiveTimerList1        0x801'cd38    0x14  Data  Lc  timers.o [1]
xActiveTimerList2        0x801'cd4c    0x14  Data  Lc  timers.o [1]
xBlockAllocatedBit       0x801'cf38     0x4  Data  Lc  heap_4.o [1]
xDelayedTaskList1        0x801'ccd4    0x14  Data  Lc  tasks.o [1]
xDelayedTaskList2        0x801'cce8    0x14  Data  Lc  tasks.o [1]
xFreeBytesRemaining      0x801'cf28     0x4  Data  Lc  heap_4.o [1]
xHeapStructSize         0x1003'ec34     0x4  Data  Lc  heap_4.o [1]
xIdleTaskHandle          0x801'd004     0x4  Data  Lc  tasks.o [1]
xMinimumEverFreeBytesRemaining
                         0x801'cf2c     0x4  Data  Lc  heap_4.o [1]
xNextTaskUnblockTime     0x801'd000     0x4  Data  Lc  tasks.o [1]
xNumOfOverflows          0x801'cff8     0x4  Data  Lc  tasks.o [1]
xNumberOfSuccessfulAllocations
                         0x801'cf30     0x4  Data  Lc  heap_4.o [1]
xNumberOfSuccessfulFrees
                         0x801'cf34     0x4  Data  Lc  heap_4.o [1]
xPendedTicks             0x801'cff0     0x4  Data  Lc  tasks.o [1]
xPendingReadyList        0x801'ccfc    0x14  Data  Lc  tasks.o [1]
xPortPendSVHandler      0x1003'35a5          Code  Gb  portasm.o [1]
xPortStartScheduler     0x1002'8d3f    0xb4  Code  Gb  port.o [1]
xPortSysTickHandler     0x1002'8e53    0x28  Code  Gb  port.o [1]
xQueueCreateMutex       0x1002'6dc1    0x20  Code  Gb  queue.o [1]
xQueueGenericCreate     0x1002'6cf3    0x7a  Code  Gb  queue.o [1]
xQueueGenericCreateStatic
                        0x1002'6c31    0xc2  Code  Gb  queue.o [1]
xQueueGenericReset      0x1002'6b9d    0x94  Code  Gb  queue.o [1]
xQueueGenericSend       0x1002'6de1   0x1a6  Code  Gb  queue.o [1]
xQueueGenericSendFromISR
                        0x1002'6f87    0xfc  Code  Gb  queue.o [1]
xQueueReceive           0x1002'7083   0x16a  Code  Gb  queue.o [1]
xQueueRegistry           0x801'cba8    0x20  Data  Gb  queue.o [1]
xQueueSemaphoreTake     0x1002'71ed   0x1a2  Code  Gb  queue.o [1]
xSchedulerRunning        0x801'cfec     0x4  Data  Lc  tasks.o [1]
xStart                   0x801'ceac     0x8  Data  Lc  heap_4.o [1]
xSuspendedTaskList       0x801'cd24    0x14  Data  Lc  tasks.o [1]
xTaskCheckForTimeOut    0x1001'cc2f    0xae  Code  Gb  tasks.o [1]
xTaskCreate             0x1001'c487    0x72  Code  Gb  tasks.o [1]
xTaskCreateStatic       0x1001'c3ed    0x9a  Code  Gb  tasks.o [1]
xTaskDelayUntil         0x1001'c6b3    0xb2  Code  Gb  tasks.o [1]
xTaskGetSchedulerState  0x1001'cdeb    0x20  Code  Gb  tasks.o [1]
xTaskGetTickCount       0x1001'c93f     0x8  Code  Gb  tasks.o [1]
xTaskIncrementTick      0x1001'c961   0x10c  Code  Gb  tasks.o [1]
xTaskPriorityDisinherit
                        0x1001'ced1    0xa2  Code  Gb  tasks.o [1]
xTaskPriorityInherit    0x1001'ce1d    0xae  Code  Gb  tasks.o [1]
xTaskRemoveFromEventList
                        0x1001'cb99    0x84  Code  Gb  tasks.o [1]
xTaskResumeAll          0x1001'c85f    0xe0  Code  Gb  tasks.o [1]
xTasksWaitingTermination
                         0x801'cd10    0x14  Data  Lc  tasks.o [1]
xTickCount               0x801'cfe4     0x4  Data  Lc  tasks.o [1]
xTimerCreateTimerTask   0x1002'9049    0x6c  Code  Gb  timers.o [1]
xTimerGenericCommand    0x1002'90b5    0x82  Code  Gb  timers.o [1]
xTimerQueue              0x801'd028     0x4  Data  Lc  timers.o [1]
xTimerTaskHandle         0x801'd02c     0x4  Data  Lc  timers.o [1]
xYieldPending            0x801'cff4     0x4  Data  Lc  tasks.o [1]


[1] = G:\CODE\duola_cv01_tr2\tviibe1m\tools\iar\flash\cm4_mc\rev_d\Obj
[2] = dl7M_tln.a
[3] = libcrypto_client_cm4_iar.a
[4] = m7M_tls.a
[5] = rt7M_tl.a
[6] = shb_l.a

  145'937 bytes of readonly  code memory
   13'352 bytes of readonly  data memory
  110'936 bytes of readwrite data memory

Errors: none
Warnings: none
